Component: ARM Compiler 5.06 update 6 (build 750) Tool: armlink [4d35ed]

==============================================================================

Section Cross References

    system_gd32f10x.o(i.SystemCoreClockUpdate) refers to system_gd32f10x.o(.data) for SystemCoreClock
    system_gd32f10x.o(i.SystemInit) refers to system_gd32f10x.o(i.system_clock_config) for system_clock_config
    system_gd32f10x.o(i.SystemInit) refers to gd32f10x_misc.o(i.nvic_vector_table_set) for nvic_vector_table_set
    system_gd32f10x.o(i.system_clock_config) refers to system_gd32f10x.o(i.system_clock_108m_hxtal) for system_clock_108m_hxtal
    startup_gd32f10x_md.o(RESET) refers to startup_gd32f10x_md.o(STACK) for __initial_sp
    startup_gd32f10x_md.o(RESET) refers to startup_gd32f10x_md.o(.text) for Reset_Handler
    startup_gd32f10x_md.o(RESET) refers to gd32f10x_it.o(i.NMI_Handler) for NMI_Handler
    startup_gd32f10x_md.o(RESET) refers to gd32f10x_it.o(i.HardFault_Handler) for HardFault_Handler
    startup_gd32f10x_md.o(RESET) refers to gd32f10x_it.o(i.MemManage_Handler) for MemManage_Handler
    startup_gd32f10x_md.o(RESET) refers to gd32f10x_it.o(i.BusFault_Handler) for BusFault_Handler
    startup_gd32f10x_md.o(RESET) refers to gd32f10x_it.o(i.UsageFault_Handler) for UsageFault_Handler
    startup_gd32f10x_md.o(RESET) refers to gd32f10x_it.o(i.SVC_Handler) for SVC_Handler
    startup_gd32f10x_md.o(RESET) refers to gd32f10x_it.o(i.DebugMon_Handler) for DebugMon_Handler
    startup_gd32f10x_md.o(RESET) refers to gd32f10x_it.o(i.PendSV_Handler) for PendSV_Handler
    startup_gd32f10x_md.o(RESET) refers to gd32f10x_it.o(i.SysTick_Handler) for SysTick_Handler
    startup_gd32f10x_md.o(RESET) refers to hw_timer.o(i.TIMER1_IRQHandler) for TIMER1_IRQHandler
    startup_gd32f10x_md.o(RESET) refers to hw_timer.o(i.TIMER2_IRQHandler) for TIMER2_IRQHandler
    startup_gd32f10x_md.o(RESET) refers to hw_uart.o(i.USART0_IRQHandler) for USART0_IRQHandler
    startup_gd32f10x_md.o(RESET) refers to hw_uart.o(i.USART1_IRQHandler) for USART1_IRQHandler
    startup_gd32f10x_md.o(RESET) refers to hw_uart.o(i.USART2_IRQHandler) for USART2_IRQHandler
    startup_gd32f10x_md.o(RESET) refers to hw_exit.o(i.EXTI10_15_IRQHandler) for EXTI10_15_IRQHandler
    startup_gd32f10x_md.o(.text) refers to system_gd32f10x.o(i.SystemInit) for SystemInit
    startup_gd32f10x_md.o(.text) refers to entry.o(.ARM.Collect$$$$00000000) for __main
    gd32f10x_adc.o(i.adc_deinit) refers to gd32f10x_rcu.o(i.rcu_periph_reset_enable) for rcu_periph_reset_enable
    gd32f10x_adc.o(i.adc_deinit) refers to gd32f10x_rcu.o(i.rcu_periph_reset_disable) for rcu_periph_reset_disable
    gd32f10x_bkp.o(i.bkp_deinit) refers to gd32f10x_rcu.o(i.rcu_bkp_reset_enable) for rcu_bkp_reset_enable
    gd32f10x_bkp.o(i.bkp_deinit) refers to gd32f10x_rcu.o(i.rcu_bkp_reset_disable) for rcu_bkp_reset_disable
    gd32f10x_can.o(i.can_debug_freeze_disable) refers to gd32f10x_dbg.o(i.dbg_periph_enable) for dbg_periph_enable
    gd32f10x_can.o(i.can_debug_freeze_enable) refers to gd32f10x_dbg.o(i.dbg_periph_enable) for dbg_periph_enable
    gd32f10x_can.o(i.can_deinit) refers to gd32f10x_rcu.o(i.rcu_periph_reset_enable) for rcu_periph_reset_enable
    gd32f10x_can.o(i.can_deinit) refers to gd32f10x_rcu.o(i.rcu_periph_reset_disable) for rcu_periph_reset_disable
    gd32f10x_can.o(i.can_interrupt_flag_get) refers to gd32f10x_can.o(i.can_receive_message_length_get) for can_receive_message_length_get
    gd32f10x_can.o(i.can_interrupt_flag_get) refers to gd32f10x_can.o(i.can_error_get) for can_error_get
    gd32f10x_dac.o(i.dac_deinit) refers to gd32f10x_rcu.o(i.rcu_periph_reset_enable) for rcu_periph_reset_enable
    gd32f10x_dac.o(i.dac_deinit) refers to gd32f10x_rcu.o(i.rcu_periph_reset_disable) for rcu_periph_reset_disable
    gd32f10x_dma.o(i.dma_channel_disable) refers to gd32f10x_dma.o(i.dma_periph_and_channel_check) for dma_periph_and_channel_check
    gd32f10x_dma.o(i.dma_channel_enable) refers to gd32f10x_dma.o(i.dma_periph_and_channel_check) for dma_periph_and_channel_check
    gd32f10x_dma.o(i.dma_circulation_disable) refers to gd32f10x_dma.o(i.dma_periph_and_channel_check) for dma_periph_and_channel_check
    gd32f10x_dma.o(i.dma_circulation_enable) refers to gd32f10x_dma.o(i.dma_periph_and_channel_check) for dma_periph_and_channel_check
    gd32f10x_dma.o(i.dma_deinit) refers to gd32f10x_dma.o(i.dma_periph_and_channel_check) for dma_periph_and_channel_check
    gd32f10x_dma.o(i.dma_init) refers to gd32f10x_dma.o(i.dma_periph_and_channel_check) for dma_periph_and_channel_check
    gd32f10x_dma.o(i.dma_interrupt_disable) refers to gd32f10x_dma.o(i.dma_periph_and_channel_check) for dma_periph_and_channel_check
    gd32f10x_dma.o(i.dma_interrupt_enable) refers to gd32f10x_dma.o(i.dma_periph_and_channel_check) for dma_periph_and_channel_check
    gd32f10x_dma.o(i.dma_memory_address_config) refers to gd32f10x_dma.o(i.dma_periph_and_channel_check) for dma_periph_and_channel_check
[...]
    led_state                                0x20000c46   Data           1  hw_timer.o(.data)
    .data                                    0x20000c47   Section        9  hw_uart.o(.data)
    HostHead                                 0x20000c47   Data           1  hw_uart.o(.data)
    HostTail                                 0x20000c48   Data           1  hw_uart.o(.data)
    HostCount                                0x20000c49   Data           1  hw_uart.o(.data)
    NbHead                                   0x20000c4a   Data           1  hw_uart.o(.data)
    NbTail                                   0x20000c4b   Data           1  hw_uart.o(.data)
    NbCount                                  0x20000c4c   Data           1  hw_uart.o(.data)
    .data                                    0x20000c50   Section       28  hw_exit.o(.data)
    count                                    0x20000c50   Data           2  hw_exit.o(.data)
    checkCount1                              0x20000c52   Data           2  hw_exit.o(.data)
    checkCount2                              0x20000c54   Data           2  hw_exit.o(.data)
    old_t1                                   0x20000c56   Data           1  hw_exit.o(.data)
    old_t2                                   0x20000c57   Data           1  hw_exit.o(.data)
    ch1_val                                  0x20000c58   Data           1  hw_exit.o(.data)
    ch1_val_old                              0x20000c59   Data           1  hw_exit.o(.data)
    ch2_val                                  0x20000c5a   Data           1  hw_exit.o(.data)
    ch2_val_old                              0x20000c5b   Data           1  hw_exit.o(.data)
    ch3_val                                  0x20000c5c   Data           1  hw_exit.o(.data)
    ch3_val_old                              0x20000c5d   Data           1  hw_exit.o(.data)
    ch1_Count                                0x20000c5e   Data           1  hw_exit.o(.data)
    ch2_Count                                0x20000c5f   Data           1  hw_exit.o(.data)
    ch3_Count                                0x20000c60   Data           1  hw_exit.o(.data)
    ch1_float                                0x20000c61   Data           1  hw_exit.o(.data)
    ch2_float                                0x20000c62   Data           1  hw_exit.o(.data)
    ch3_float                                0x20000c63   Data           1  hw_exit.o(.data)
    ch1_flag                                 0x20000c64   Data           1  hw_exit.o(.data)
    ch2_flag                                 0x20000c65   Data           1  hw_exit.o(.data)
    ch3_flag                                 0x20000c66   Data           1  hw_exit.o(.data)
    error1_count                             0x20000c68   Data           2  hw_exit.o(.data)
    error2_count                             0x20000c6a   Data           2  hw_exit.o(.data)
    .data                                    0x20000c6c   Section        4  hw_fmc.o(.data)
    count                                    0x20000c6c   Data           4  hw_fmc.o(.data)
    .data                                    0x20000c70   Section        4  rand.o(.data)
    _rand_state                              0x20000c70   Data           4  rand.o(.data)
    .data                                    0x20000c74   Section        4  stdout.o(.data)
    .bss                                     0x20000c78   Section      676  init.o(.bss)
    .bss                                     0x20000f1c   Section      980  modbus.o(.bss)
    TempBuf                                  0x200011f0   Data         256  modbus.o(.bss)
    .bss                                     0x200012f0   Section      156  commucateslave.o(.bss)
    .bss                                     0x2000138c   Section      405  protocol.o(.bss)
    tempBuf                                  0x20001459   Data         200  protocol.o(.bss)
    .bss                                     0x20001524   Section       12  isl1208.o(.bss)
    .bss                                     0x20001530   Section     1550  wh_nb73.o(.bss)
    ResDataBuf                               0x200015e0   Data        1024  wh_nb73.o(.bss)
    RevBuf                                   0x200019e0   Data         100  wh_nb73.o(.bss)
    buffer                                   0x20001a44   Data         250  wh_nb73.o(.bss)
    .bss                                     0x20001b3e   Section      765  hw_uart.o(.bss)
    HostBuff                                 0x20001b3e   Data         255  hw_uart.o(.bss)
    NbBuff                                   0x20001c3d   Data         255  hw_uart.o(.bss)
    .bss                                     0x20001e3c   Section       44  localtime_w.o(.bss)
    _tms                                     0x20001e3c   Data          44  localtime_w.o(.bss)
    STACK                                    0x20001e68   Section     8192  startup_gd32f10x_md.o(STACK)

    Global Symbols

    Symbol Name                              Value     Ov Type        Size  Object(Section)

    BuildAttributes$$THM_ISAv4$P$D$K$B$S$PE$A:L22UL41UL21$X:L11$S22US41US21$IEEE1$IW$USESV6$~STKCKD$USESV7$~SHL$OTIME$ROPI$EBA8$MICROLIB$REQ8$PRES8$EABIv2 0x00000000   Number         0  anon$$obj.o ABSOLUTE
    __ARM_use_no_argv                        0x00000000   Number         0  main.o ABSOLUTE
    _printf_a                                0x00000000   Number         0  stubs.o ABSOLUTE
    _printf_c                                0x00000000   Number         0  stubs.o ABSOLUTE
    _printf_charcount                        0x00000000   Number         0  stubs.o ABSOLUTE
    _printf_d                                0x00000000   Number         0  stubs.o ABSOLUTE
    _printf_e                                0x00000000   Number         0  stubs.o ABSOLUTE
    _printf_f                                0x00000000   Number         0  stubs.o ABSOLUTE
    _printf_flags                            0x00000000   Number         0  stubs.o ABSOLUTE
    _printf_fp_dec                           0x00000000   Number         0  stubs.o ABSOLUTE
    _printf_fp_hex                           0x00000000   Number         0  stubs.o ABSOLUTE
    _printf_g                                0x00000000   Number         0  stubs.o ABSOLUTE
    _printf_i                                0x00000000   Number         0  stubs.o ABSOLUTE
    _printf_int_dec                          0x00000000   Number         0  stubs.o ABSOLUTE
    _printf_l                                0x00000000   Number         0  stubs.o ABSOLUTE
    _printf_lc                               0x00000000   Number         0  stubs.o ABSOLUTE
    _printf_ll                               0x00000000   Number         0  stubs.o ABSOLUTE
    _printf_lld                              0x00000000   Number         0  stubs.o ABSOLUTE
    _printf_lli                              0x00000000   Number         0  stubs.o ABSOLUTE
    _printf_llo                              0x00000000   Number         0  stubs.o ABSOLUTE
    _printf_llu                              0x00000000   Number         0  stubs.o ABSOLUTE
    _printf_llx                              0x00000000   Number         0  stubs.o ABSOLUTE
    _printf_longlong_dec                     0x00000000   Number         0  stubs.o ABSOLUTE
    _printf_longlong_hex                     0x00000000   Number         0  stubs.o ABSOLUTE
    _printf_longlong_oct                     0x00000000   Number         0  stubs.o ABSOLUTE
    _printf_ls                               0x00000000   Number         0  stubs.o ABSOLUTE
    _printf_mbtowc                           0x00000000   Number         0  stubs.o ABSOLUTE
    _printf_n                                0x00000000   Number         0  stubs.o ABSOLUTE
    _printf_o                                0x00000000   Number         0  stubs.o ABSOLUTE
    _printf_p                                0x00000000   Number         0  stubs.o ABSOLUTE
    _printf_percent                          0x00000000   Number         0  stubs.o ABSOLUTE
    _printf_pre_padding                      0x00000000   Number         0  stubs.o ABSOLUTE
    _printf_return_value                     0x00000000   Number         0  stubs.o ABSOLUTE
    _printf_s                                0x00000000   Number         0  stubs.o ABSOLUTE
    _printf_sizespec                         0x00000000   Number         0  stubs.o ABSOLUTE
    _printf_str                              0x00000000   Number         0  stubs.o ABSOLUTE
    _printf_truncate_signed                  0x00000000   Number         0  stubs.o ABSOLUTE
    _printf_truncate_unsigned                0x00000000   Number         0  stubs.o ABSOLUTE
    _printf_u                                0x00000000   Number         0  stubs.o ABSOLUTE
    _printf_wc                               0x00000000   Number         0  stubs.o ABSOLUTE
    _printf_wctomb                           0x00000000   Number         0  stubs.o ABSOLUTE
    _printf_widthprec                        0x00000000   Number         0  stubs.o ABSOLUTE
    _printf_x                                0x00000000   Number         0  stubs.o ABSOLUTE
    __cpp_initialize__aeabi_                  - Undefined Weak Reference
    __cxa_finalize                            - Undefined Weak Reference
    _clock_init                               - Undefined Weak Reference
    _microlib_exit                            - Undefined Weak Reference
    __Vectors_Size                           0x00000104   Number         0  startup_gd32f10x_md.o ABSOLUTE
    __Vectors                                0x08000000   Data           4  startup_gd32f10x_md.o(RESET)
    __Vectors_End                            0x08000104   Data           0  startup_gd32f10x_md.o(RESET)
    __main                                   0x08000105   Thumb Code     0  entry.o(.ARM.Collect$$$$00000000)
    _main_stk                                0x08000105   Thumb Code     0  entry2.o(.ARM.Collect$$$$00000001)
    _main_scatterload                        0x08000109   Thumb Code     0  entry5.o(.ARM.Collect$$$$00000004)
    __main_after_scatterload                 0x0800010d   Thumb Code     0  entry5.o(.ARM.Collect$$$$00000004)
    _main_clock                              0x0800010d   Thumb Code     0  entry7b.o(.ARM.Collect$$$$00000008)
    _main_cpp_init                           0x0800010d   Thumb Code     0  entry8b.o(.ARM.Collect$$$$0000000A)
    _main_init                               0x0800010d   Thumb Code     0  entry9a.o(.ARM.Collect$$$$0000000B)
    __rt_final_cpp                           0x08000115   Thumb Code     0  entry10a.o(.ARM.Collect$$$$0000000D)
    __rt_final_exit                          0x08000115   Thumb Code     0  entry11a.o(.ARM.Collect$$$$0000000F)
    Reset_Handler                            0x08000119   Thumb Code     8  startup_gd32f10x_md.o(.text)
    ADC0_1_IRQHandler                        0x08000133   Thumb Code     0  startup_gd32f10x_md.o(.text)
    CAN0_EWMC_IRQHandler                     0x08000133   Thumb Code     0  startup_gd32f10x_md.o(.text)
    CAN0_RX1_IRQHandler                      0x08000133   Thumb Code     0  startup_gd32f10x_md.o(.text)
    DMA0_Channel0_IRQHandler                 0x08000133   Thumb Code     0  startup_gd32f10x_md.o(.text)
    DMA0_Channel1_IRQHandler                 0x08000133   Thumb Code     0  startup_gd32f10x_md.o(.text)
    DMA0_Channel2_IRQHandler                 0x08000133   Thumb Code     0  startup_gd32f10x_md.o(.text)
    DMA0_Channel3_IRQHandler                 0x08000133   Thumb Code     0  startup_gd32f10x_md.o(.text)
    DMA0_Channel4_IRQHandler                 0x08000133   Thumb Code     0  startup_gd32f10x_md.o(.text)
    DMA0_Channel5_IRQHandler                 0x08000133   Thumb Code     0  startup_gd32f10x_md.o(.text)
    DMA0_Channel6_IRQHandler                 0x08000133   Thumb Code     0  startup_gd32f10x_md.o(.text)
    EXMC_IRQHandler                          0x08000133   Thumb Code     0  startup_gd32f10x_md.o(.text)
    EXTI0_IRQHandler                         0x08000133   Thumb Code     0  startup_gd32f10x_md.o(.text)
    EXTI1_IRQHandler                         0x08000133   Thumb Code     0  startup_gd32f10x_md.o(.text)
    EXTI2_IRQHandler                         0x08000133   Thumb Code     0  startup_gd32f10x_md.o(.text)
    EXTI3_IRQHandler                         0x08000133   Thumb Code     0  startup_gd32f10x_md.o(.text)
    EXTI4_IRQHandler                         0x08000133   Thumb Code     0  startup_gd32f10x_md.o(.text)
    EXTI5_9_IRQHandler                       0x08000133   Thumb Code     0  startup_gd32f10x_md.o(.text)
    FMC_IRQHandler                           0x08000133   Thumb Code     0  startup_gd32f10x_md.o(.text)
    I2C0_ER_IRQHandler                       0x08000133   Thumb Code     0  startup_gd32f10x_md.o(.text)
    I2C0_EV_IRQHandler                       0x08000133   Thumb Code     0  startup_gd32f10x_md.o(.text)
    I2C1_ER_IRQHandler                       0x08000133   Thumb Code     0  startup_gd32f10x_md.o(.text)
    I2C1_EV_IRQHandler                       0x08000133   Thumb Code     0  startup_gd32f10x_md.o(.text)
    LVD_IRQHandler                           0x08000133   Thumb Code     0  startup_gd32f10x_md.o(.text)
    RCU_IRQHandler                           0x08000133   Thumb Code     0  startup_gd32f10x_md.o(.text)
    RTC_Alarm_IRQHandler                     0x08000133   Thumb Code     0  startup_gd32f10x_md.o(.text)
    RTC_IRQHandler                           0x08000133   Thumb Code     0  startup_gd32f10x_md.o(.text)
    SPI0_IRQHandler                          0x08000133   Thumb Code     0  startup_gd32f10x_md.o(.text)
    SPI1_IRQHandler                          0x08000133   Thumb Code     0  startup_gd32f10x_md.o(.text)
    TAMPER_IRQHandler                        0x08000133   Thumb Code     0  startup_gd32f10x_md.o(.text)
    TIMER0_BRK_IRQHandler                    0x08000133   Thumb Code     0  startup_gd32f10x_md.o(.text)
    TIMER0_Channel_IRQHandler                0x08000133   Thumb Code     0  startup_gd32f10x_md.o(.text)
    TIMER0_TRG_CMT_IRQHandler                0x08000133   Thumb Code     0  startup_gd32f10x_md.o(.text)
    TIMER0_UP_IRQHandler                     0x08000133   Thumb Code     0  startup_gd32f10x_md.o(.text)
    TIMER3_IRQHandler                        0x08000133   Thumb Code     0  startup_gd32f10x_md.o(.text)
    USBD_HP_CAN0_TX_IRQHandler               0x08000133   Thumb Code     0  startup_gd32f10x_md.o(.text)
    USBD_LP_CAN0_RX0_IRQHandler              0x08000133   Thumb Code     0  startup_gd32f10x_md.o(.text)
    USBD_WKUP_IRQHandler                     0x08000133   Thumb Code     0  startup_gd32f10x_md.o(.text)
    WWDGT_IRQHandler                         0x08000133   Thumb Code     0  startup_gd32f10x_md.o(.text)
    rand                                     0x0800013d   Thumb Code    20  rand.o(.text)
    srand                                    0x08000151   Thumb Code     6  rand.o(.text)
    mktime                                   0x08000161   Thumb Code   150  mktime.o(.text)
    __aeabi_memcpy                           0x08000209   Thumb Code    36  memcpya.o(.text)
    __aeabi_memcpy4                          0x08000209   Thumb Code     0  memcpya.o(.text)
    __aeabi_memcpy8                          0x08000209   Thumb Code     0  memcpya.o(.text)
    __aeabi_memset                           0x0800022d   Thumb Code    14  memseta.o(.text)
    __aeabi_memset4                          0x0800022d   Thumb Code     0  memseta.o(.text)
    __aeabi_memset8                          0x0800022d   Thumb Code     0  memseta.o(.text)
    __aeabi_memclr                           0x0800023b   Thumb Code     4  memseta.o(.text)
    __aeabi_memclr4                          0x0800023b   Thumb Code     0  memseta.o(.text)
    __aeabi_memclr8                          0x0800023b   Thumb Code     0  memseta.o(.text)
    _memset$wrapper                          0x0800023f   Thumb Code    18  memseta.o(.text)
    strstr                                   0x08000251   Thumb Code    36  strstr.o(.text)
    strlen                                   0x08000275   Thumb Code    14  strlen.o(.text)
    memcmp                                   0x08000283   Thumb Code    26  memcmp.o(.text)
    __aeabi_fadd                             0x0800029d   Thumb Code   164  fadd.o(.text)
    __aeabi_fsub                             0x08000341   Thumb Code     6  fadd.o(.text)
    __aeabi_frsub                            0x08000347   Thumb Code     6  fadd.o(.text)
    __aeabi_fmul                             0x0800034d   Thumb Code   100  fmul.o(.text)
    __aeabi_fdiv                             0x080003b1   Thumb Code   124  fdiv.o(.text)
    __aeabi_dadd                             0x0800042d   Thumb Code   322  dadd.o(.text)
    __aeabi_dsub                             0x0800056f   Thumb Code     6  dadd.o(.text)
    __aeabi_drsub                            0x08000575   Thumb Code     6  dadd.o(.text)
    __aeabi_dmul                             0x0800057b   Thumb Code   228  dmul.o(.text)
    __aeabi_ddiv                             0x0800065f   Thumb Code   222  ddiv.o(.text)
    __aeabi_i2f                              0x0800073d   Thumb Code    18  fflti.o(.text)
    __aeabi_ui2f                             0x0800074f   Thumb Code    10  ffltui.o(.text)
    __aeabi_f2uiz                            0x08000759   Thumb Code    40  ffixui.o(.text)
    __aeabi_f2d                              0x08000781   Thumb Code    38  f2d.o(.text)
    __aeabi_cdrcmple                         0x080007a9   Thumb Code    48  cdrcmple.o(.text)
    __aeabi_d2f                              0x080007d9   Thumb Code    56  d2f.o(.text)
    __aeabi_uidiv                            0x08000811   Thumb Code     0  uidiv.o(.text)
    __aeabi_uidivmod                         0x08000811   Thumb Code    44  uidiv.o(.text)
    __aeabi_uldivmod                         0x0800083d   Thumb Code    98  uldiv.o(.text)
    __aeabi_llsl                             0x0800089f   Thumb Code    30  llshl.o(.text)
    _ll_shift_l                              0x0800089f   Thumb Code     0  llshl.o(.text)
    __aeabi_lasr                             0x080008bd   Thumb Code    36  llsshr.o(.text)
    _ll_sshift_r                             0x080008bd   Thumb Code     0  llsshr.o(.text)
    localtime                                0x080008e1   Thumb Code     6  localtime_w.o(.text)
    _localtime                               0x080008ed   Thumb Code   134  localtime_i.o(.text)
    __I$use$fp                               0x08000979   Thumb Code     0  iusefp.o(.text)
    _float_round                             0x08000979   Thumb Code    18  fepilogue.o(.text)
    _float_epilogue                          0x0800098b   Thumb Code    92  fepilogue.o(.text)
    _double_round                            0x080009e7   Thumb Code    30  depilogue.o(.text)
    _double_epilogue                         0x08000a05   Thumb Code   156  depilogue.o(.text)
    __aeabi_d2ulz                            0x08000aa1   Thumb Code    48  dfixul.o(.text)
    __scatterload                            0x08000ad1   Thumb Code    28  init.o(.text)
    __scatterload_rt2                        0x08000ad1   Thumb Code     0  init.o(.text)
    __aeabi_llsr                             0x08000af5   Thumb Code    32  llushr.o(.text)
    _ll_ushift_r                             0x08000af5   Thumb Code     0  llushr.o(.text)
    __decompress                             0x08000b15   Thumb Code     0  __dczerorl2.o(.text)
    __decompress1                            0x08000b15   Thumb Code    86  __dczerorl2.o(.text)
    BackUpAdd                                0x08000c15   Thumb Code   154  init.o(i.BackUpAdd)
    BackUpClearOne                           0x08000cbd   Thumb Code    66  init.o(i.BackUpClearOne)
    BcdToByte                                0x08000d05   Thumb Code    20  isl1208.o(i.BcdToByte)
    BusFault_Handler                         0x08000da9   Thumb Code     4  gd32f10x_it.o(i.BusFault_Handler)
    ByteToBcd                                0x08000def   Thumb Code    24  isl1208.o(i.ByteToBcd)
    CheckCRC                                 0x08000e3d   Thumb Code    28  hw_fmc.o(i.CheckCRC)
    Cj2301_EndRead                           0x08001079   Thumb Code    32  cj2301.o(i.Cj2301_EndRead)
    Cj2301_Init                              0x0800109d   Thumb Code   140  cj2301.o(i.Cj2301_Init)
    Cj2301_Read                              0x0800115d   Thumb Code    40  cj2301.o(i.Cj2301_Read)
    Cj2301_ReadTempHumi                      0x08001189   Thumb Code   174  cj2301.o(i.Cj2301_ReadTempHumi)
    Cj2301_StartReadTempHumi                 0x08001269   Thumb Code   156  cj2301.o(i.Cj2301_StartReadTempHumi)
    CommunAdd                                0x08001335   Thumb Code    66  hw_uart.o(i.CommunAdd)
    CommunCheck                              0x08001389   Thumb Code    16  hw_uart.o(i.CommunCheck)
    CommunGetData                            0x0800139d   Thumb Code    76  hw_uart.o(i.CommunGetData)
    CommunUartSendBuf                        0x080013f9   Thumb Code    44  hw_uart.o(i.CommunUartSendBuf)
    CreateSocketEnable                       0x08001501   Thumb Code    16  wh_nb73.o(i.CreateSocketEnable)
    DS18B20GetIntTemp                        0x08001539   Thumb Code   666  ds18b20.o(i.DS18B20GetIntTemp)
    DS18B20_Check                            0x0800184d   Thumb Code   218  ds18b20.o(i.DS18B20_Check)
    DS18B20_Init                             0x0800192d   Thumb Code   140  ds18b20.o(i.DS18B20_Init)
    DS18B20_Read_Bit                         0x080019fd   Thumb Code   102  ds18b20.o(i.DS18B20_Read_Bit)
    DS18B20_Read_Byte                        0x08001a69   Thumb Code    34  ds18b20.o(i.DS18B20_Read_Byte)
    DS18B20_Rst                              0x08001a8d   Thumb Code   120  ds18b20.o(i.DS18B20_Rst)
    DS18B20_Start                            0x08001b09   Thumb Code    46  ds18b20.o(i.DS18B20_Start)
    DS18B20_Write_Byte                       0x08001b39   Thumb Code   106  ds18b20.o(i.DS18B20_Write_Byte)
    DebugMon_Handler                         0x08001ba9   Thumb Code     2  gd32f10x_it.o(i.DebugMon_Handler)
    EXTI10_15_IRQHandler                     0x08001bad   Thumb Code   306  hw_exit.o(i.EXTI10_15_IRQHandler)
    ExitInit                                 0x08001dfd   Thumb Code   174  hw_exit.o(i.ExitInit)
    Ext_DS18B20_Write_Byte                   0x08001eb1   Thumb Code   114  ds18b20.o(i.Ext_DS18B20_Write_Byte)
    FMC_StoreInfoInit                        0x08001f29   Thumb Code   282  hw_fmc.o(i.FMC_StoreInfoInit)
    GetAttchEnable                           0x080020c1   Thumb Code    16  wh_nb73.o(i.GetAttchEnable)
    GetCcidEnable                            0x08002135   Thumb Code    16  wh_nb73.o(i.GetCcidEnable)
    GetChannel3_Status                       0x08002179   Thumb Code   162  hw_exit.o(i.GetChannel3_Status)
    GetExitPinVal                            0x080023d1   Thumb Code   310  hw_exit.o(i.GetExitPinVal)
    GetImeiEnable                            0x08002691   Thumb Code    16  wh_nb73.o(i.GetImeiEnable)
    GetIpEnable                              0x0800271d   Thumb Code    16  wh_nb73.o(i.GetIpEnable)
    GetPciEnable                             0x08002921   Thumb Code    16  wh_nb73.o(i.GetPciEnable)
    GetRssiEnable                            0x080029b9   Thumb Code    16  wh_nb73.o(i.GetRssiEnable)
    GetRtcTime                               0x080029f1   Thumb Code   170  isl1208.o(i.GetRtcTime)
    HardFault_Handler                        0x08002edd   Thumb Code     4  gd32f10x_it.o(i.HardFault_Handler)
    HostAdd                                  0x08002ee1   Thumb Code    62  hw_uart.o(i.HostAdd)
    HostCheck                                0x08002f2d   Thumb Code    16  hw_uart.o(i.HostCheck)
    HostGetData                              0x08002f41   Thumb Code    72  hw_uart.o(i.HostGetData)
    HostUartSendBuf                          0x08002f95   Thumb Code    50  hw_uart.o(i.HostUartSendBuf)
    I2C_Init                                 0x08002fd1   Thumb Code    54  hw_i2c.o(i.I2C_Init)
    Isl1208GetTime                           0x08003049   Thumb Code   120  isl1208.o(i.Isl1208GetTime)
    Isl1208Init                              0x080030c9   Thumb Code    74  isl1208.o(i.Isl1208Init)
    MCU_Init                                 0x0800329d   Thumb Code   110  init.o(i.MCU_Init)
    MemManage_Handler                        0x080033a1   Thumb Code     4  gd32f10x_it.o(i.MemManage_Handler)
    ModbusProtocol                           0x080033a5   Thumb Code    98  modbus.o(i.ModbusProtocol)
    ModbusTimerAct                           0x0800341d   Thumb Code    40  modbus.o(i.ModbusTimerAct)
    Modbus_Crc_Compute                       0x0800346d   Thumb Code    42  modbus.o(i.Modbus_Crc_Compute)
    NB_Control                               0x0800349d   Thumb Code    50  wh_nb73.o(i.NB_Control)
    NMI_Handler                              0x080034d9   Thumb Code     2  gd32f10x_it.o(i.NMI_Handler)
    NbAdd                                    0x080034dd   Thumb Code    66  hw_uart.o(i.NbAdd)
    NbCheck                                  0x08003575   Thumb Code    16  hw_uart.o(i.NbCheck)
    NbGetData                                0x08003589   Thumb Code    76  hw_uart.o(i.NbGetData)
    NbResetEnable                            0x0800374d   Thumb Code    16  wh_nb73.o(i.NbResetEnable)
    NbUartSendBuf                            0x08003785   Thumb Code    62  hw_uart.o(i.NbUartSendBuf)
    PakStuctInit                             0x080037f1   Thumb Code    46  commucateslave.o(i.PakStuctInit)
    ParsePro                                 0x08003e29   Thumb Code   350  protocol.o(i.ParsePro)
    PendSV_Handler                           0x080040bd   Thumb Code     2  gd32f10x_it.o(i.PendSV_Handler)
    ProtocolTask                             0x08004265   Thumb Code    40  protocol.o(i.ProtocolTask)
    ReadBit                                  0x080042f5   Thumb Code    76  cj2301.o(i.ReadBit)
    ReadByte                                 0x08004345   Thumb Code    42  cj2301.o(i.ReadByte)
    ReceParse                                0x080047b9   Thumb Code   258  commucateslave.o(i.ReceParse)
    RtcSetTime                               0x08004a15   Thumb Code   118  isl1208.o(i.RtcSetTime)
    SVC_Handler                              0x080059c1   Thumb Code     2  gd32f10x_it.o(i.SVC_Handler)
    SendDataEnable                           0x08005cc5   Thumb Code    16  wh_nb73.o(i.SendDataEnable)
    SendMainBoardInfoEnable                  0x08005d15   Thumb Code    16  protocol.o(i.SendMainBoardInfoEnable)
    SignalCheck                              0x080061d9   Thumb Code  1464  hw_exit.o(i.SignalCheck)
    SignalTimerDisable                       0x080067c5   Thumb Code    10  hw_timer.o(i.SignalTimerDisable)
    SignalTimerEnable                        0x080067d5   Thumb Code    10  hw_timer.o(i.SignalTimerEnable)
    SignalTimerInit                          0x080067e5   Thumb Code    72  hw_timer.o(i.SignalTimerInit)
    StoreConfStore                           0x08006e39   Thumb Code    20  hw_fmc.o(i.StoreConfStore)
    StoreConfUpdate                          0x08006e51   Thumb Code    42  hw_fmc.o(i.StoreConfUpdate)
    StoreInfoAdd                             0x08006e85   Thumb Code   370  hw_fmc.o(i.StoreInfoAdd)
    StoreInfoCheck                           0x08007001   Thumb Code    90  hw_fmc.o(i.StoreInfoCheck)
    SysTick_Handler                          0x080070b9   Thumb Code     2  gd32f10x_it.o(i.SysTick_Handler)
    SystemInit                               0x080070bd   Thumb Code   116  system_gd32f10x.o(i.SystemInit)
    TIMER1_IRQHandler                        0x08007141   Thumb Code   336  hw_timer.o(i.TIMER1_IRQHandler)
    TIMER2_IRQHandler                        0x080072b9   Thumb Code    34  hw_timer.o(i.TIMER2_IRQHandler)
    Timer_1ms_Init                           0x080072e5   Thumb Code    86  hw_timer.o(i.Timer_1ms_Init)
    USART0_IRQHandler                        0x0800733d   Thumb Code    38  hw_uart.o(i.USART0_IRQHandler)
    USART1_IRQHandler                        0x0800736d   Thumb Code    62  hw_uart.o(i.USART1_IRQHandler)
    USART2_IRQHandler                        0x080073bd   Thumb Code    38  hw_uart.o(i.USART2_IRQHandler)
    UTC_to_Unix                              0x080073ed   Thumb Code    60  isl1208.o(i.UTC_to_Unix)
    UartHostReinit                           0x08007549   Thumb Code    34  hw_uart.o(i.UartHostReinit)
    UartInit                                 0x08007571   Thumb Code    16  hw_uart.o(i.UartInit)
    Unix_to_UTC                              0x0800760d   Thumb Code    96  isl1208.o(i.Unix_to_UTC)
    UsageFault_Handler                       0x08007699   Thumb Code     4  gd32f10x_it.o(i.UsageFault_Handler)
    WriteStoreConf                           0x08007761   Thumb Code    82  hw_fmc.o(i.WriteStoreConf)
    WriteStoreInfo                           0x080077bd   Thumb Code    82  hw_fmc.o(i.WriteStoreInfo)
    __0printf                                0x08007819   Thumb Code    22  printfa.o(i.__0printf)
    __1printf                                0x08007819   Thumb Code     0  printfa.o(i.__0printf)
    __2printf                                0x08007819   Thumb Code     0  printfa.o(i.__0printf)
    __c89printf                              0x08007819   Thumb Code     0  printfa.o(i.__0printf)
    printf                                   0x08007819   Thumb Code     0  printfa.o(i.__0printf)
    __scatterload_copy                       0x08007839   Thumb Code    14  handlers.o(i.__scatterload_copy)
    __scatterload_null                       0x08007847   Thumb Code     2  handlers.o(i.__scatterload_null)
    __scatterload_zeroinit                   0x08007849   Thumb Code    14  handlers.o(i.__scatterload_zeroinit)
    delay_1ms                                0x0800810d   Thumb Code    90  systick.o(i.delay_1ms)
    delay_1us                                0x0800816d   Thumb Code    90  systick.o(i.delay_1us)
    exti_init                                0x080081cd   Thumb Code   184  gd32f10x_exti.o(i.exti_init)
    exti_interrupt_flag_clear                0x08008289   Thumb Code     6  gd32f10x_exti.o(i.exti_interrupt_flag_clear)
    exti_interrupt_flag_get                  0x08008295   Thumb Code    18  gd32f10x_exti.o(i.exti_interrupt_flag_get)
    fmc_bank0_ready_wait                     0x080082ad   Thumb Code    34  gd32f10x_fmc.o(i.fmc_bank0_ready_wait)
    fmc_bank0_state_get                      0x080082d1   Thumb Code    44  gd32f10x_fmc.o(i.fmc_bank0_state_get)
    fmc_bank1_ready_wait                     0x08008301   Thumb Code    34  gd32f10x_fmc.o(i.fmc_bank1_ready_wait)
    fmc_bank1_state_get                      0x08008325   Thumb Code    44  gd32f10x_fmc.o(i.fmc_bank1_state_get)
    fmc_flag_clear                           0x08008355   Thumb Code    28  gd32f10x_fmc.o(i.fmc_flag_clear)
    fmc_lock                                 0x08008375   Thumb Code    34  gd32f10x_fmc.o(i.fmc_lock)
    fmc_page_erase                           0x080083a1   Thumb Code   222  gd32f10x_fmc.o(i.fmc_page_erase)
    fmc_unlock                               0x0800848d   Thumb Code    52  gd32f10x_fmc.o(i.fmc_unlock)
    fmc_word_program                         0x080084d1   Thumb Code   178  gd32f10x_fmc.o(i.fmc_word_program)
    fputc                                    0x08008591   Thumb Code    32  hw_uart.o(i.fputc)
    gpio_exti_source_select                  0x080085b5   Thumb Code   146  gd32f10x_gpio.o(i.gpio_exti_source_select)
    gpio_init                                0x0800864d   Thumb Code   172  gd32f10x_gpio.o(i.gpio_init)
    gpio_input_bit_get                       0x080086f9   Thumb Code    16  gd32f10x_gpio.o(i.gpio_input_bit_get)
    gpio_pin_remap_config                    0x08008709   Thumb Code   138  gd32f10x_gpio.o(i.gpio_pin_remap_config)
    i2c_ack_config                           0x08008799   Thumb Code    24  gd32f10x_i2c.o(i.i2c_ack_config)
    i2c_clock_config                         0x080087b1   Thumb Code   216  gd32f10x_i2c.o(i.i2c_clock_config)
    i2c_data_receive                         0x08008895   Thumb Code     8  gd32f10x_i2c.o(i.i2c_data_receive)
    i2c_data_transmit                        0x0800889d   Thumb Code     6  gd32f10x_i2c.o(i.i2c_data_transmit)
    i2c_enable                               0x080088a3   Thumb Code    10  gd32f10x_i2c.o(i.i2c_enable)
    i2c_flag_clear                           0x080088ad   Thumb Code    40  gd32f10x_i2c.o(i.i2c_flag_clear)
    i2c_flag_get                             0x080088d5   Thumb Code    30  gd32f10x_i2c.o(i.i2c_flag_get)
    i2c_master_addressing                    0x080088f3   Thumb Code    20  gd32f10x_i2c.o(i.i2c_master_addressing)
    i2c_mode_addr_config                     0x08008907   Thumb Code    28  gd32f10x_i2c.o(i.i2c_mode_addr_config)
    i2c_start_on_bus                         0x08008923   Thumb Code    10  gd32f10x_i2c.o(i.i2c_start_on_bus)
    i2c_stop_on_bus                          0x0800892d   Thumb Code    10  gd32f10x_i2c.o(i.i2c_stop_on_bus)
    main                                     0x08008939   Thumb Code   130  main.o(i.main)
    modbusAct                                0x080089c1   Thumb Code  1540  modbus.o(i.modbusAct)
    modbusParse                              0x08008fd5   Thumb Code   324  modbus.o(i.modbusParse)
    modbusValInit                            0x0800912d   Thumb Code    66  modbus.o(i.modbusValInit)
    nvic_config                              0x08009181   Thumb Code    32  hw_timer.o(i.nvic_config)
    nvic_irq_disable                         0x080091a1   Thumb Code    18  gd32f10x_misc.o(i.nvic_irq_disable)
    nvic_irq_enable                          0x080091b9   Thumb Code   162  gd32f10x_misc.o(i.nvic_irq_enable)
    nvic_priority_group_set                  0x08009265   Thumb Code    10  gd32f10x_misc.o(i.nvic_priority_group_set)
    nvic_vector_table_set                    0x08009279   Thumb Code    12  gd32f10x_misc.o(i.nvic_vector_table_set)
    rcu_clock_freq_get                       0x0800928d   Thumb Code   264  gd32f10x_rcu.o(i.rcu_clock_freq_get)
    rcu_periph_clock_enable                  0x080093b1   Thumb Code    28  gd32f10x_rcu.o(i.rcu_periph_clock_enable)
    rcu_periph_reset_disable                 0x080093d1   Thumb Code    28  gd32f10x_rcu.o(i.rcu_periph_reset_disable)
    rcu_periph_reset_enable                  0x080093f1   Thumb Code    28  gd32f10x_rcu.o(i.rcu_periph_reset_enable)
    systick_clksource_set                    0x080094dd   Thumb Code    40  gd32f10x_misc.o(i.systick_clksource_set)
    systick_config                           0x08009505   Thumb Code    46  systick.o(i.systick_config)
    timer_deinit                             0x08009549   Thumb Code   210  gd32f10x_timer.o(i.timer_deinit)
    timer_disable                            0x08009625   Thumb Code    10  gd32f10x_timer.o(i.timer_disable)
    timer_enable                             0x0800962f   Thumb Code    10  gd32f10x_timer.o(i.timer_enable)
    timer_init                               0x08009639   Thumb Code   170  gd32f10x_timer.o(i.timer_init)
    timer_interrupt_enable                   0x08009719   Thumb Code     8  gd32f10x_timer.o(i.timer_interrupt_enable)
    timer_interrupt_flag_clear               0x08009721   Thumb Code     6  gd32f10x_timer.o(i.timer_interrupt_flag_clear)
    timer_interrupt_flag_get                 0x08009727   Thumb Code    24  gd32f10x_timer.o(i.timer_interrupt_flag_get)
    usart_baudrate_set                       0x08009741   Thumb Code   136  gd32f10x_usart.o(i.usart_baudrate_set)
    usart_data_receive                       0x080097d1   Thumb Code    10  gd32f10x_usart.o(i.usart_data_receive)
    usart_data_transmit                      0x080097db   Thumb Code     8  gd32f10x_usart.o(i.usart_data_transmit)
    usart_deinit                             0x080097e5   Thumb Code   136  gd32f10x_usart.o(i.usart_deinit)
    usart_disable                            0x08009875   Thumb Code    10  gd32f10x_usart.o(i.usart_disable)
    usart_enable                             0x0800987f   Thumb Code    10  gd32f10x_usart.o(i.usart_enable)
    usart_flag_get                           0x08009889   Thumb Code    30  gd32f10x_usart.o(i.usart_flag_get)
    usart_hardware_flow_cts_config           0x080098a7   Thumb Code    16  gd32f10x_usart.o(i.usart_hardware_flow_cts_config)
    usart_hardware_flow_rts_config           0x080098b7   Thumb Code    16  gd32f10x_usart.o(i.usart_hardware_flow_rts_config)
    usart_interrupt_disable                  0x080098c7   Thumb Code    26  gd32f10x_usart.o(i.usart_interrupt_disable)
    usart_interrupt_enable                   0x080098e1   Thumb Code    26  gd32f10x_usart.o(i.usart_interrupt_enable)
    usart_interrupt_flag_clear               0x080098fb   Thumb Code    26  gd32f10x_usart.o(i.usart_interrupt_flag_clear)
    usart_interrupt_flag_get                 0x08009915   Thumb Code    56  gd32f10x_usart.o(i.usart_interrupt_flag_get)
    usart_parity_config                      0x0800994d   Thumb Code    16  gd32f10x_usart.o(i.usart_parity_config)
    usart_receive_config                     0x0800995d   Thumb Code    16  gd32f10x_usart.o(i.usart_receive_config)
    usart_stop_bit_set                       0x0800996d   Thumb Code    16  gd32f10x_usart.o(i.usart_stop_bit_set)
    usart_transmit_config                    0x0800997d   Thumb Code    16  gd32f10x_usart.o(i.usart_transmit_config)
    usart_word_length_set                    0x0800998d   Thumb Code    16  gd32f10x_usart.o(i.usart_word_length_set)
    Region$$Table$$Base                      0x08009a48   Number         0  anon$$obj.o(Region$$Table)
    Region$$Table$$Limit                     0x08009a68   Number         0  anon$$obj.o(Region$$Table)
    SystemCoreClock                          0x20000000   Data           4  system_gd32f10x.o(.data)
    systemFlag                               0x2000000c   Data           4  init.o(.data)
    Version                                  0x20000010   Data           6  init.o(.data)
    table                                    0x2000001c   Data         296  modbus.o(.data)
    Wtable                                   0x20000144   Data         112  modbus.o(.data)
    WtempHumiTable                           0x200001b4   Data          56  modbus.o(.data)
    PakTimer                                 0x200003f6   Data           4  commucateslave.o(.data)
    ProFunctionFlag                          0x20000404   Data           4  protocol.o(.data)
    funTable                                 0x20000408   Data          40  protocol.o(.data)
    TempVal                                  0x20000444   Data           4  ds18b20.o(.data)
    ComunHead                                0x20000c4d   Data           1  hw_uart.o(.data)
    ComunTail                                0x20000c4e   Data           1  hw_uart.o(.data)
    CommunCount                              0x20000c4f   Data           1  hw_uart.o(.data)
    __stdout                                 0x20000c74   Data           4  stdout.o(.data)
    SigInfo                                  0x20000c78   Data          12  init.o(.bss)
    StoreInfo                                0x20000c84   Data         588  init.o(.bss)
    BackUpInfo                               0x20000ed0   Data          76  init.o(.bss)
    modbus                                   0x20000f1c   Data         258  modbus.o(.bss)
    TempHumiData                             0x20001020   Data         464  modbus.o(.bss)
    PrtocolStr                               0x200012f0   Data         156  commucateslave.o(.bss)
    ProStr                                   0x2000138c   Data         205  protocol.o(.bss)
    TimeStr                                  0x20001524   Data          12  isl1208.o(.bss)
    NbInfo                                   0x20001530   Data         136  wh_nb73.o(.bss)
    StoreConf                                0x200015b8   Data          40  wh_nb73.o(.bss)
    CommunBuff                               0x20001d3c   Data         255  hw_uart.o(.bss)
    __initial_sp                             0x20003e68   Data           0  startup_gd32f10x_md.o(STACK)



==============================================================================

Memory Map of the image

  Image Entry point : 0x08000105

  Load Region LR_IROM1 (Base: 0x08000000, Size: 0x0000a6e0, Max: 0x00010000, ABSOLUTE, COMPRESSED[0x0000a244])

    Execution Region ER_IROM1 (Exec base: 0x08000000, Load base: 0x08000000, Size: 0x00009a68, Max: 0x00010000, ABSOLUTE)

    Exec Addr    Load Addr    Size         Type   Attr      Idx    E Section Name        Object

    0x08000000   0x08000000   0x00000104   Data   RO          139    RESET               startup_gd32f10x_md.o
    0x08000104   0x08000104   0x00000000   Code   RO         5814  * .ARM.Collect$$$$00000000  mc_w.l(entry.o)
    0x08000104   0x08000104   0x00000004   Code   RO         6124    .ARM.Collect$$$$00000001  mc_w.l(entry2.o)
    0x08000108   0x08000108   0x00000004   Code   RO         6127    .ARM.Collect$$$$00000004  mc_w.l(entry5.o)
    0x0800010c   0x0800010c   0x00000000   Code   RO         6129    .ARM.Collect$$$$00000008  mc_w.l(entry7b.o)
    0x0800010c   0x0800010c   0x00000000   Code   RO         6131    .ARM.Collect$$$$0000000A  mc_w.l(entry8b.o)
    0x0800010c   0x0800010c   0x00000008   Code   RO         6132    .ARM.Collect$$$$0000000B  mc_w.l(entry9a.o)
    0x08000114   0x08000114   0x00000000   Code   RO         6134    .ARM.Collect$$$$0000000D  mc_w.l(entry10a.o)
    0x08000114   0x08000114   0x00000000   Code   RO         6136    .ARM.Collect$$$$0000000F  mc_w.l(entry11a.o)
    0x08000114   0x08000114   0x00000004   Code   RO         6125    .ARM.Collect$$$$00002712  mc_w.l(entry2.o)
    0x08000118   0x08000118   0x00000024   Code   RO          140    .text               startup_gd32f10x_md.o
    0x0800013c   0x0800013c   0x00000024   Code   RO         5817    .text               mc_w.l(rand.o)
    0x08000160   0x08000160   0x000000a8   Code   RO         5824    .text               mc_w.l(mktime.o)
    0x08000208   0x08000208   0x00000024   Code   RO         5827    .text               mc_w.l(memcpya.o)
    0x0800022c   0x0800022c   0x00000024   Code   RO         5829    .text               mc_w.l(memseta.o)
    0x08000250   0x08000250   0x00000024   Code   RO         5831    .text               mc_w.l(strstr.o)
    0x08000274   0x08000274   0x0000000e   Code   RO         5833    .text               mc_w.l(strlen.o)
    0x08000282   0x08000282   0x0000001a   Code   RO         5835    .text               mc_w.l(memcmp.o)
    0x0800029c   0x0800029c   0x000000b0   Code   RO         6100    .text               mf_w.l(fadd.o)
    0x0800034c   0x0800034c   0x00000064   Code   RO         6102    .text               mf_w.l(fmul.o)
    0x080003b0   0x080003b0   0x0000007c   Code   RO         6104    .text               mf_w.l(fdiv.o)
    0x0800042c   0x0800042c   0x0000014e   Code   RO         6106    .text               mf_w.l(dadd.o)
    0x0800057a   0x0800057a   0x000000e4   Code   RO         6108    .text               mf_w.l(dmul.o)
    0x0800065e   0x0800065e   0x000000de   Code   RO         6110    .text               mf_w.l(ddiv.o)
    0x0800073c   0x0800073c   0x00000012   Code   RO         6112    .text               mf_w.l(fflti.o)
    0x0800074e   0x0800074e   0x0000000a   Code   RO         6114    .text               mf_w.l(ffltui.o)
    0x08000758   0x08000758   0x00000028   Code   RO         6116    .text               mf_w.l(ffixui.o)
    0x08000780   0x08000780   0x00000026   Code   RO         6118    .text               mf_w.l(f2d.o)
    0x080007a6   0x080007a6   0x00000002   PAD
    0x080007a8   0x080007a8   0x00000030   Code   RO         6120    .text               mf_w.l(cdrcmple.o)
    0x080007d8   0x080007d8   0x00000038   Code   RO         6122    .text               mf_w.l(d2f.o)
    0x08000810   0x08000810   0x0000002c   Code   RO         6139    .text               mc_w.l(uidiv.o)
    0x0800083c   0x0800083c   0x00000062   Code   RO         6141    .text               mc_w.l(uldiv.o)
    0x0800089e   0x0800089e   0x0000001e   Code   RO         6143    .text               mc_w.l(llshl.o)
    0x080008bc   0x080008bc   0x00000024   Code   RO         6145    .text               mc_w.l(llsshr.o)
    0x080008e0   0x080008e0   0x0000000c   Code   RO         6147    .text               mc_w.l(localtime_w.o)
    0x080008ec   0x080008ec   0x0000008c   Code   RO         6150    .text               mc_w.l(localtime_i.o)
    0x08000978   0x08000978   0x00000000   Code   RO         6153    .text               mc_w.l(iusefp.o)
    0x08000978   0x08000978   0x0000006e   Code   RO         6154    .text               mf_w.l(fepilogue.o)
    0x080009e6   0x080009e6   0x000000ba   Code   RO         6156    .text               mf_w.l(depilogue.o)
    0x08000aa0   0x08000aa0   0x00000030   Code   RO         6158    .text               mf_w.l(dfixul.o)
    0x08000ad0   0x08000ad0   0x00000024   Code   RO         6160    .text               mc_w.l(init.o)
    0x08000af4   0x08000af4   0x00000020   Code   RO         6162    .text               mc_w.l(llushr.o)
    0x08000b14   0x08000b14   0x00000056   Code   RO         6172    .text               mc_w.l(__dczerorl2.o)
    0x08000b6a   0x08000b6a   0x00000002   PAD
    0x08000b6c   0x08000b6c   0x000000a8   Code   RO         4847    i.AsynCheck         wh_nb73.o
    0x08000c14   0x08000c14   0x000000a8   Code   RO         3890    i.BackUpAdd         init.o
    0x08000cbc   0x08000cbc   0x00000048   Code   RO         3891    i.BackUpClearOne    init.o
    0x08000d04   0x08000d04   0x00000014   Code   RO         4768    i.BcdToByte         isl1208.o
    0x08000d18   0x08000d18   0x00000090   Code   RO         4410    i.BuildSendProPak   protocol.o
    0x08000da8   0x08000da8   0x00000004   Code   RO         3676    i.BusFault_Handler  gd32f10x_it.o
    0x08000dac   0x08000dac   0x00000042   Code   RO         4848    i.Byte2HexString    wh_nb73.o
    0x08000dee   0x08000dee   0x00000018   Code   RO         4769    i.ByteToBcd         isl1208.o
    0x08000e06   0x08000e06   0x00000002   PAD
    0x08000e08   0x08000e08   0x00000034   Code   RO         4849    i.CCID_TO_BCD       wh_nb73.o
    0x08000e3c   0x08000e3c   0x0000001c   Code   RO         5689    i.CheckCRC          hw_fmc.o
    0x08000e58   0x08000e58   0x00000018   Code   RO         3813    i.CheckLedNormal    main.o
    0x08000e70   0x08000e70   0x00000048   Code   RO         4850    i.CheckNet          wh_nb73.o
    0x08000eb8   0x08000eb8   0x00000084   Code   RO         3947    i.CheckTemMax       modbus.o
    0x08000f3c   0x08000f3c   0x00000084   Code   RO         3948    i.CheckTemMin       modbus.o
    0x08000fc0   0x08000fc0   0x000000b8   Code   RO         5357    i.Cj2301CheckConnect  cj2301.o
    0x08001078   0x08001078   0x00000024   Code   RO         5358    i.Cj2301_EndRead    cj2301.o
    0x0800109c   0x0800109c   0x000000c0   Code   RO         5359    i.Cj2301_Init       cj2301.o
    0x0800115c   0x0800115c   0x0000002c   Code   RO         5360    i.Cj2301_Read       cj2301.o
    0x08001188   0x08001188   0x000000e0   Code   RO         5361    i.Cj2301_ReadTempHumi  cj2301.o
    0x08001268   0x08001268   0x000000a0   Code   RO         5362    i.Cj2301_StartReadTempHumi  cj2301.o
    0x08001308   0x08001308   0x00000010   Code   RO         4411    i.ClearData         protocol.o
    0x08001318   0x08001318   0x0000001c   Code   RO         4851    i.ClearRevBuf       wh_nb73.o
    0x08001334   0x08001334   0x00000054   Code   RO         5483    i.CommunAdd         hw_uart.o
    0x08001388   0x08001388   0x00000014   Code   RO         5484    i.CommunCheck       hw_uart.o
    0x0800139c   0x0800139c   0x0000005c   Code   RO         5485    i.CommunGetData     hw_uart.o
    0x080013f8   0x080013f8   0x00000030   Code   RO         5486    i.CommunUartSendBuf  hw_uart.o
    0x08001428   0x08001428   0x00000030   Code   RO         4852    i.ConfResCheck      wh_nb73.o
    0x08001458   0x08001458   0x00000050   Code   RO         4853    i.ConnectServer     wh_nb73.o
    0x080014a8   0x080014a8   0x00000040   Code   RO         4854    i.CreateSocket      wh_nb73.o
    0x080014e8   0x080014e8   0x00000018   Code   RO         4855    i.CreateSocketDisable  wh_nb73.o
    0x08001500   0x08001500   0x00000014   Code   RO         4856    i.CreateSocketEnable  wh_nb73.o
    0x08001514   0x08001514   0x00000024   Code   RO         4857    i.CreateSocketFunc  wh_nb73.o
    0x08001538   0x08001538   0x00000314   Code   RO         4676    i.DS18B20GetIntTemp  ds18b20.o
    0x0800184c   0x0800184c   0x000000e0   Code   RO         4677    i.DS18B20_Check     ds18b20.o
    0x0800192c   0x0800192c   0x000000d0   Code   RO         4678    i.DS18B20_Init      ds18b20.o
    0x080019fc   0x080019fc   0x0000006c   Code   RO         4679    i.DS18B20_Read_Bit  ds18b20.o
    0x08001a68   0x08001a68   0x00000022   Code   RO         4680    i.DS18B20_Read_Byte  ds18b20.o
    0x08001a8a   0x08001a8a   0x00000002   PAD
    0x08001a8c   0x08001a8c   0x0000007c   Code   RO         4681    i.DS18B20_Rst       ds18b20.o
    0x08001b08   0x08001b08   0x0000002e   Code   RO         4682    i.DS18B20_Start     ds18b20.o
    0x08001b36   0x08001b36   0x00000002   PAD
    0x08001b38   0x08001b38   0x00000070   Code   RO         4683    i.DS18B20_Write_Byte  ds18b20.o
    0x08001ba8   0x08001ba8   0x00000002   Code   RO         3677    i.DebugMon_Handler  gd32f10x_it.o
    0x08001baa   0x08001baa   0x00000002   PAD
    0x08001bac   0x08001bac   0x00000140   Code   RO         5624    i.EXTI10_15_IRQHandler  hw_exit.o
    0x08001cec   0x08001cec   0x00000020   Code   RO         4338    i.EnterBypass       commucateslave.o
    0x08001d0c   0x08001d0c   0x00000048   Code   RO         4339    i.EnterUpgradeAction  commucateslave.o
    0x08001d54   0x08001d54   0x000000a8   Code   RO         3949    i.ExitBypassParse   modbus.o
    0x08001dfc   0x08001dfc   0x000000b4   Code   RO         5625    i.ExitInit          hw_exit.o
    0x08001eb0   0x08001eb0   0x00000078   Code   RO         4686    i.Ext_DS18B20_Write_Byte  ds18b20.o
    0x08001f28   0x08001f28   0x00000130   Code   RO         5690    i.FMC_StoreInfoInit  hw_fmc.o
    0x08002058   0x08002058   0x0000002c   Code   RO         4859    i.GetAttach         wh_nb73.o
    0x08002084   0x08002084   0x00000018   Code   RO         4860    i.GetAttachDisable  wh_nb73.o
    0x0800209c   0x0800209c   0x00000024   Code   RO         4861    i.GetAttachFunc     wh_nb73.o
    0x080020c0   0x080020c0   0x00000014   Code   RO         4862    i.GetAttchEnable    wh_nb73.o
    0x080020d4   0x080020d4   0x0000000c   Code   RO         3950    i.GetBaudRateH      modbus.o
    0x080020e0   0x080020e0   0x0000000c   Code   RO         3951    i.GetBaudRateL      modbus.o
    0x080020ec   0x080020ec   0x00000030   Code   RO         4863    i.GetCCID           wh_nb73.o
    0x0800211c   0x0800211c   0x00000018   Code   RO         4864    i.GetCCIDDisable    wh_nb73.o
    0x08002134   0x08002134   0x00000014   Code   RO         4865    i.GetCcidEnable     wh_nb73.o
    0x08002148   0x08002148   0x00000024   Code   RO         4866    i.GetCcidFunc       wh_nb73.o
    0x0800216c   0x0800216c   0x0000000c   Code   RO         3952    i.GetCh3_Set        modbus.o
    0x08002178   0x08002178   0x000000b4   Code   RO         5626    i.GetChannel3_Status  hw_exit.o
    0x0800222c   0x0800222c   0x00000028   Code   RO         3953    i.GetChannel4Alarm  modbus.o
    0x08002254   0x08002254   0x0000001e   Code   RO         4867    i.GetCheckSum       wh_nb73.o
    0x08002272   0x08002272   0x00000002   PAD
    0x08002274   0x08002274   0x00000010   Code   RO         3954    i.GetCloseAbnormal  modbus.o
    0x08002284   0x08002284   0x00000010   Code   RO         3955    i.GetCloseAlarm     modbus.o
    0x08002294   0x08002294   0x0000003c   Code   RO         3956    i.GetCloseFlag      modbus.o
    0x080022d0   0x080022d0   0x00000040   Code   RO         3957    i.GetCloseTime      modbus.o
    0x08002310   0x08002310   0x00000040   Code   RO         3958    i.GetCloseUnixH     modbus.o
    0x08002350   0x08002350   0x0000006c   Code   RO         3959    i.GetCloseUnixL     modbus.o
    0x080023bc   0x080023bc   0x00000014   Code   RO         3960    i.GetDeviceStatus   modbus.o
    0x080023d0   0x080023d0   0x000001a0   Code   RO         5627    i.GetExitPinVal     hw_exit.o
    0x08002570   0x08002570   0x00000018   Code   RO         3961    i.GetExterTem       modbus.o
    0x08002588   0x08002588   0x00000014   Code   RO         3962    i.GetHumi           modbus.o
    0x0800259c   0x0800259c   0x0000000c   Code   RO         3963    i.GetHumiAbnormal   modbus.o
    0x080025a8   0x080025a8   0x00000018   Code   RO         4412    i.GetHumiIdDisable  protocol.o
    0x080025c0   0x080025c0   0x00000014   Code   RO         4413    i.GetHumiIdEnable   protocol.o
    0x080025d4   0x080025d4   0x00000024   Code   RO         4414    i.GetHumiIdFun      protocol.o
    0x080025f8   0x080025f8   0x00000014   Code   RO         4415    i.GetHumiValEnable  protocol.o
    0x0800260c   0x0800260c   0x00000024   Code   RO         4416    i.GetHumiValFun     protocol.o
    0x08002630   0x08002630   0x00000018   Code   RO         4417    i.GetHumipValDisable  protocol.o
    0x08002648   0x08002648   0x00000004   Code   RO         3964    i.GetHwVer          modbus.o
    0x0800264c   0x0800264c   0x0000002c   Code   RO         4868    i.GetImei           wh_nb73.o
    0x08002678   0x08002678   0x00000018   Code   RO         4869    i.GetImeiDisable    wh_nb73.o
    0x08002690   0x08002690   0x00000014   Code   RO         4870    i.GetImeiEnable     wh_nb73.o
    0x080026a4   0x080026a4   0x00000024   Code   RO         4871    i.GetImeiFunc       wh_nb73.o
    0x080026c8   0x080026c8   0x0000000c   Code   RO         3965    i.GetInterTem       modbus.o
    0x080026d4   0x080026d4   0x00000030   Code   RO         4872    i.GetIp             wh_nb73.o
    0x08002704   0x08002704   0x00000018   Code   RO         4873    i.GetIpDisable      wh_nb73.o
    0x0800271c   0x0800271c   0x00000014   Code   RO         4874    i.GetIpEnable       wh_nb73.o
    0x08002730   0x08002730   0x00000024   Code   RO         4875    i.GetIpFunc         wh_nb73.o
    0x08002754   0x08002754   0x00000010   Code   RO         3966    i.GetOpenAbnormal   modbus.o
    0x08002764   0x08002764   0x00000010   Code   RO         3967    i.GetOpenAlarm      modbus.o
    0x08002774   0x08002774   0x0000003c   Code   RO         3968    i.GetOpenCloseFlag  modbus.o
    0x080027b0   0x080027b0   0x00000040   Code   RO         3969    i.GetOpenCloseTime  modbus.o
    0x080027f0   0x080027f0   0x00000040   Code   RO         3970    i.GetOpenCloseUnixH  modbus.o
    0x08002830   0x08002830   0x0000006c   Code   RO         3971    i.GetOpenCloseUnixL  modbus.o
    0x0800289c   0x0800289c   0x00000030   Code   RO         4876    i.GetPCI            wh_nb73.o
    0x080028cc   0x080028cc   0x0000003c   Code   RO         4418    i.GetParseProtocolStatus  protocol.o
    0x08002908   0x08002908   0x00000018   Code   RO         4877    i.GetPciDisable     wh_nb73.o
    0x08002920   0x08002920   0x00000014   Code   RO         4878    i.GetPciEnable      wh_nb73.o
    0x08002934   0x08002934   0x00000024   Code   RO         4879    i.GetPciFunc        wh_nb73.o
    0x08002958   0x08002958   0x0000002c   Code   RO         4880    i.GetRSSI           wh_nb73.o
    0x08002984   0x08002984   0x0000000c   Code   RO         3972    i.GetRTC_TimeH      modbus.o
    0x08002990   0x08002990   0x00000010   Code   RO         3973    i.GetRTC_TimeL      modbus.o
    0x080029a0   0x080029a0   0x00000018   Code   RO         4881    i.GetRssiDisable    wh_nb73.o
    0x080029b8   0x080029b8   0x00000014   Code   RO         4882    i.GetRssiEnable     wh_nb73.o
    0x080029cc   0x080029cc   0x00000024   Code   RO         4883    i.GetRssiFunc       wh_nb73.o
    0x080029f0   0x080029f0   0x000000e4   Code   RO         4770    i.GetRtcTime        isl1208.o
    0x08002ad4   0x08002ad4   0x0000000c   Code   RO         3974    i.GetSlaveId        modbus.o
    0x08002ae0   0x08002ae0   0x0000000c   Code   RO         3975    i.GetTemAbnormal    modbus.o
    0x08002aec   0x08002aec   0x0000000c   Code   RO         3976    i.GetTemDiffAlarm   modbus.o
    0x08002af8   0x08002af8   0x0000000c   Code   RO         3977    i.GetTemSimpleInterval  modbus.o
    0x08002b04   0x08002b04   0x00000018   Code   RO         4419    i.GetTempIdDisable  protocol.o
    0x08002b1c   0x08002b1c   0x00000014   Code   RO         4420    i.GetTempIdEnable   protocol.o
    0x08002b30   0x08002b30   0x00000024   Code   RO         4421    i.GetTempIdFun      protocol.o
    0x08002b54   0x08002b54   0x00000018   Code   RO         4422    i.GetTempValDisable  protocol.o
    0x08002b6c   0x08002b6c   0x00000014   Code   RO         4423    i.GetTempValEnable  protocol.o
    0x08002b80   0x08002b80   0x00000024   Code   RO         4424    i.GetTempValFun     protocol.o
    0x08002ba4   0x08002ba4   0x00000014   Code   RO         3978    i.GetUniqueID_HLLL  modbus.o
    0x08002bb8   0x08002bb8   0x00000014   Code   RO         3979    i.GetUniqueID_LHLL  modbus.o
    0x08002bcc   0x08002bcc   0x00000014   Code   RO         3980    i.GetUniqueID_LLHL  modbus.o
    0x08002be0   0x08002be0   0x00000014   Code   RO         3981    i.GetUniqueID_LLLH  modbus.o
    0x08002bf4   0x08002bf4   0x00000048   Code   RO         3982    i.GetWaterTemp      modbus.o
    0x08002c3c   0x08002c3c   0x000000d0   Code   RO         5363    i.GetWaterTemp      cj2301.o
    0x08002d0c   0x08002d0c   0x00000044   Code   RO         3983    i.GetWaterTempDiff  modbus.o
    0x08002d50   0x08002d50   0x00000018   Code   RO         4425    i.GetWlStatusDisable  protocol.o
    0x08002d68   0x08002d68   0x00000014   Code   RO         4426    i.GetWlStatusEnable  protocol.o
    0x08002d7c   0x08002d7c   0x00000024   Code   RO         4427    i.GetWlStatusFun    protocol.o
    0x08002da0   0x08002da0   0x0000002a   Code   RO         3984    i.GetWl_Diff        modbus.o
    0x08002dca   0x08002dca   0x00000020   Code   RO         3985    i.GetWl_Max         modbus.o
    0x08002dea   0x08002dea   0x00000020   Code   RO         3986    i.GetWl_Min         modbus.o
    0x08002e0a   0x08002e0a   0x00000002   PAD
    0x08002e0c   0x08002e0c   0x000000d0   Code   RO         3892    i.GpioInit          init.o
    0x08002edc   0x08002edc   0x00000004   Code   RO         3678    i.HardFault_Handler  gd32f10x_it.o
    0x08002ee0   0x08002ee0   0x0000004c   Code   RO         5487    i.HostAdd           hw_uart.o
    0x08002f2c   0x08002f2c   0x00000014   Code   RO         5488    i.HostCheck         hw_uart.o
    0x08002f40   0x08002f40   0x00000054   Code   RO         5489    i.HostGetData       hw_uart.o
    0x08002f94   0x08002f94   0x0000003c   Code   RO         5490    i.HostUartSendBuf   hw_uart.o
    0x08002fd0   0x08002fd0   0x00000044   Code   RO         5669    i.I2C_Init          hw_i2c.o
    0x08003014   0x08003014   0x00000034   Code   RO         4884    i.IMEI_TO_BCD       wh_nb73.o
    0x08003048   0x08003048   0x00000080   Code   RO         4771    i.Isl1208GetTime    isl1208.o
    0x080030c8   0x080030c8   0x00000050   Code   RO         4772    i.Isl1208Init       isl1208.o
    0x08003118   0x08003118   0x000000e8   Code   RO         4773    i.Isl1208Read       isl1208.o
    0x08003200   0x08003200   0x0000009c   Code   RO         4774    i.Isl1208Write      isl1208.o
    0x0800329c   0x0800329c   0x00000104   Code   RO         3893    i.MCU_Init          init.o
    0x080033a0   0x080033a0   0x00000004   Code   RO         3679    i.MemManage_Handler  gd32f10x_it.o
    0x080033a4   0x080033a4   0x00000068   Code   RO         3987    i.ModbusProtocol    modbus.o
    0x0800340c   0x0800340c   0x00000010   Code   RO         3988    i.ModbusSend        modbus.o
    0x0800341c   0x0800341c   0x00000030   Code   RO         3989    i.ModbusTimerAct    modbus.o
    0x0800344c   0x0800344c   0x00000010   Code   RO         3990    i.ModbusTimerDisable  modbus.o
    0x0800345c   0x0800345c   0x00000010   Code   RO         3991    i.ModbusTimerEnable  modbus.o
    0x0800346c   0x0800346c   0x00000030   Code   RO         3992    i.Modbus_Crc_Compute  modbus.o
    0x0800349c   0x0800349c   0x0000003c   Code   RO         4885    i.NB_Control        wh_nb73.o
    0x080034d8   0x080034d8   0x00000002   Code   RO         3680    i.NMI_Handler       gd32f10x_it.o
    0x080034da   0x080034da   0x00000002   PAD
    0x080034dc   0x080034dc   0x00000054   Code   RO         5491    i.NbAdd             hw_uart.o
    0x08003530   0x08003530   0x00000044   Code   RO         4886    i.NbApplication     wh_nb73.o
    0x08003574   0x08003574   0x00000014   Code   RO         5492    i.NbCheck           hw_uart.o
    0x08003588   0x08003588   0x0000005c   Code   RO         5493    i.NbGetData         hw_uart.o
    0x080035e4   0x080035e4   0x00000060   Code   RO         4887    i.NbParse           wh_nb73.o
    0x08003644   0x08003644   0x000000f0   Code   RO         4888    i.NbReset           wh_nb73.o
    0x08003734   0x08003734   0x00000018   Code   RO         4889    i.NbResetDisable    wh_nb73.o
    0x0800374c   0x0800374c   0x00000014   Code   RO         4890    i.NbResetEnable     wh_nb73.o
    0x08003760   0x08003760   0x00000024   Code   RO         4891    i.NbResetFunc       wh_nb73.o
    0x08003784   0x08003784   0x00000048   Code   RO         5494    i.NbUartSendBuf     hw_uart.o
    0x080037cc   0x080037cc   0x00000024   Code   RO         4340    i.PakAction         commucateslave.o
    0x080037f0   0x080037f0   0x00000038   Code   RO         4341    i.PakStuctInit      commucateslave.o
    0x08003828   0x08003828   0x00000010   Code   RO         4342    i.PakTimerStart     commucateslave.o
    0x08003838   0x08003838   0x00000010   Code   RO         4343    i.PakTimerStop      commucateslave.o
    0x08003848   0x08003848   0x00000078   Code   RO         4892    i.ParseConnectServer  wh_nb73.o
    0x080038c0   0x080038c0   0x000000a8   Code   RO         4893    i.ParseCreateSocket  wh_nb73.o
    0x08003968   0x08003968   0x000000b8   Code   RO         4894    i.ParseGetAttach    wh_nb73.o
    0x08003a20   0x08003a20   0x000000b8   Code   RO         4895    i.ParseGetCCID      wh_nb73.o
    0x08003ad8   0x08003ad8   0x000000c0   Code   RO         4896    i.ParseGetImei      wh_nb73.o
    0x08003b98   0x08003b98   0x00000078   Code   RO         4897    i.ParseGetIp        wh_nb73.o
    0x08003c10   0x08003c10   0x00000118   Code   RO         4898    i.ParseGetPCI       wh_nb73.o
    0x08003d28   0x08003d28   0x00000100   Code   RO         4899    i.ParseGetRSSI      wh_nb73.o
    0x08003e28   0x08003e28   0x00000174   Code   RO         4428    i.ParsePro          protocol.o
    0x08003f9c   0x08003f9c   0x000000d4   Code   RO         4900    i.ParseReadData     wh_nb73.o
    0x08004070   0x08004070   0x0000004c   Code   RO         4901    i.ParseSendData     wh_nb73.o
    0x080040bc   0x080040bc   0x00000002   Code   RO         3681    i.PendSV_Handler    gd32f10x_it.o
    0x080040be   0x080040be   0x00000002   PAD
    0x080040c0   0x080040c0   0x000001a4   Code   RO         4429    i.ProCheckRunFunc   protocol.o
    0x08004264   0x08004264   0x00000030   Code   RO         4430    i.ProtocolTask      protocol.o
    0x08004294   0x08004294   0x00000060   Code   RO         3894    i.RcuClockInit      init.o
    0x080042f4   0x080042f4   0x00000050   Code   RO         5364    i.ReadBit           cj2301.o
    0x08004344   0x08004344   0x0000002a   Code   RO         5365    i.ReadByte          cj2301.o
    0x0800436e   0x0800436e   0x00000002   PAD
    0x08004370   0x08004370   0x00000040   Code   RO         4902    i.ReadData          wh_nb73.o
    0x080043b0   0x080043b0   0x000003cc   Code   RO         4903    i.ReadData2Byte     wh_nb73.o
    0x0800477c   0x0800477c   0x00000018   Code   RO         4904    i.ReadDataDisable   wh_nb73.o
    0x08004794   0x08004794   0x00000024   Code   RO         4906    i.ReadDataFunc      wh_nb73.o
    0x080047b8   0x080047b8   0x00000110   Code   RO         4344    i.ReceParse         commucateslave.o
    0x080048c8   0x080048c8   0x00000044   Code   RO         4907    i.ResBuffAdd        wh_nb73.o
    0x0800490c   0x0800490c   0x00000088   Code   RO         4345    i.ResponsePak       commucateslave.o
    0x08004994   0x08004994   0x00000080   Code   RO         4908    i.RevDataRead       wh_nb73.o
    0x08004a14   0x08004a14   0x00000076   Code   RO         4775    i.RtcSetTime        isl1208.o
    0x08004a8a   0x08004a8a   0x00000002   PAD
    0x08004a8c   0x08004a8c   0x000000c4   Code   RO         4909    i.RunCreateSocket   wh_nb73.o
    0x08004b50   0x08004b50   0x00000078   Code   RO         4910    i.RunGetAttach      wh_nb73.o
    0x08004bc8   0x08004bc8   0x00000088   Code   RO         4911    i.RunGetCCID        wh_nb73.o
    0x08004c50   0x08004c50   0x000000a8   Code   RO         4431    i.RunGetHumiId      protocol.o
    0x08004cf8   0x08004cf8   0x00000094   Code   RO         4432    i.RunGetHumiVal     protocol.o
    0x08004d8c   0x08004d8c   0x000000ac   Code   RO         4912    i.RunGetImei        wh_nb73.o
    0x08004e38   0x08004e38   0x00000088   Code   RO         4913    i.RunGetIp          wh_nb73.o
    0x08004ec0   0x08004ec0   0x00000088   Code   RO         4914    i.RunGetPCI         wh_nb73.o
    0x08004f48   0x08004f48   0x0000006c   Code   RO         4915    i.RunGetRSSI        wh_nb73.o
    0x08004fb4   0x08004fb4   0x000000a8   Code   RO         4433    i.RunGetTempId      protocol.o
    0x0800505c   0x0800505c   0x00000094   Code   RO         4434    i.RunGetTempVal     protocol.o
    0x080050f0   0x080050f0   0x00000084   Code   RO         4435    i.RunGetWlStatus    protocol.o
    0x08005174   0x08005174   0x000000ac   Code   RO         4916    i.RunReadData       wh_nb73.o
    0x08005220   0x08005220   0x0000007c   Code   RO         4436    i.RunSendCommuncationStatus  protocol.o
    0x0800529c   0x0800529c   0x000000ac   Code   RO         4917    i.RunSendData       wh_nb73.o
    0x08005348   0x08005348   0x00000110   Code   RO         4437    i.RunSendMainBoardInfo  protocol.o
    0x08005458   0x08005458   0x00000068   Code   RO         4438    i.RunSendSignal     protocol.o
    0x080054c0   0x080054c0   0x000000b0   Code   RO         4439    i.RunSetAbnormal    protocol.o
    0x08005570   0x08005570   0x00000450   Code   RO         4440    i.RunSetSelfTempHumi  protocol.o
    0x080059c0   0x080059c0   0x00000002   Code   RO         3682    i.SVC_Handler       gd32f10x_it.o
    0x080059c2   0x080059c2   0x00000002   PAD
    0x080059c4   0x080059c4   0x00000020   Code   RO         4918    i.SenData           wh_nb73.o
    0x080059e4   0x080059e4   0x00000018   Code   RO         4441    i.SendCommuncationStatusDisable  protocol.o
    0x080059fc   0x080059fc   0x00000014   Code   RO         4442    i.SendCommuncationStatusEnable  protocol.o
    0x08005a10   0x08005a10   0x00000024   Code   RO         4443    i.SendCommuncationStatusFun  protocol.o
    0x08005a34   0x08005a34   0x00000278   Code   RO         4919    i.SendDataCheck     wh_nb73.o
    0x08005cac   0x08005cac   0x00000018   Code   RO         4920    i.SendDataDisable   wh_nb73.o
    0x08005cc4   0x08005cc4   0x00000014   Code   RO         4921    i.SendDataEnable    wh_nb73.o
    0x08005cd8   0x08005cd8   0x00000024   Code   RO         4922    i.SendDataFunc      wh_nb73.o
    0x08005cfc   0x08005cfc   0x00000018   Code   RO         4444    i.SendMainBoardInfoDisable  protocol.o
    0x08005d14   0x08005d14   0x00000014   Code   RO         4445    i.SendMainBoardInfoEnable  protocol.o
    0x08005d28   0x08005d28   0x00000024   Code   RO         4446    i.SendMainBoardInfoFun  protocol.o
    0x08005d4c   0x08005d4c   0x00000124   Code   RO         4923    i.SendRegCheck      wh_nb73.o
    0x08005e70   0x08005e70   0x00000018   Code   RO         4447    i.SendSignalDisable  protocol.o
    0x08005e88   0x08005e88   0x00000014   Code   RO         4448    i.SendSignalEnable  protocol.o
    0x08005e9c   0x08005e9c   0x00000024   Code   RO         4449    i.SendSignalFun     protocol.o
    0x08005ec0   0x08005ec0   0x00000018   Code   RO         4450    i.SetAbnormalDisable  protocol.o
    0x08005ed8   0x08005ed8   0x00000014   Code   RO         4451    i.SetAbnormalEnable  protocol.o
    0x08005eec   0x08005eec   0x00000024   Code   RO         4452    i.SetAbnormalFun    protocol.o
    0x08005f10   0x08005f10   0x00000014   Code   RO         3993    i.SetBaudRateH      modbus.o
    0x08005f24   0x08005f24   0x0000001c   Code   RO         3994    i.SetBaudRateL      modbus.o
    0x08005f40   0x08005f40   0x00000020   Code   RO         3995    i.SetCh3_Set        modbus.o
    0x08005f60   0x08005f60   0x00000014   Code   RO         3996    i.SetCloseAbnormal  modbus.o
    0x08005f74   0x08005f74   0x00000014   Code   RO         3997    i.SetCloseAlarm     modbus.o
    0x08005f88   0x08005f88   0x0000000c   Code   RO         3998    i.SetHumiAbnormal   modbus.o
    0x08005f94   0x08005f94   0x00000014   Code   RO         3999    i.SetOpenAbnormal   modbus.o
    0x08005fa8   0x08005fa8   0x00000014   Code   RO         4000    i.SetOpenAlarm      modbus.o
    0x08005fbc   0x08005fbc   0x0000000c   Code   RO         4001    i.SetRtcH           modbus.o
    0x08005fc8   0x08005fc8   0x00000030   Code   RO         4002    i.SetRtcL           modbus.o
    0x08005ff8   0x08005ff8   0x0000001c   Code   RO         4003    i.SetSelfHumi       modbus.o
    0x08006014   0x08006014   0x00000030   Code   RO         4004    i.SetSelfTemp1      modbus.o
    0x08006044   0x08006044   0x00000030   Code   RO         4005    i.SetSelfTemp2      modbus.o
    0x08006074   0x08006074   0x00000030   Code   RO         4006    i.SetSelfTemp3      modbus.o
    0x080060a4   0x080060a4   0x00000030   Code   RO         4007    i.SetSelfTemp4      modbus.o
    0x080060d4   0x080060d4   0x00000030   Code   RO         4008    i.SetSelfTemp5      modbus.o
    0x08006104   0x08006104   0x00000030   Code   RO         4009    i.SetSelfTemp6      modbus.o
    0x08006134   0x08006134   0x00000018   Code   RO         4453    i.SetSelfTempHumiDisable  protocol.o
    0x0800614c   0x0800614c   0x00000014   Code   RO         4454    i.SetSelfTempHumiEnable  protocol.o
    0x08006160   0x08006160   0x00000024   Code   RO         4455    i.SetSelfTempHumiFun  protocol.o
    0x08006184   0x08006184   0x00000018   Code   RO         4010    i.SetSlaveID        modbus.o
    0x0800619c   0x0800619c   0x00000014   Code   RO         4011    i.SetTemAbnormal    modbus.o
    0x080061b0   0x080061b0   0x00000014   Code   RO         4012    i.SetTemDiffAlarm   modbus.o
    0x080061c4   0x080061c4   0x00000014   Code   RO         4013    i.SetTemSimpleInterval  modbus.o
    0x080061d8   0x080061d8   0x000005e8   Code   RO         5628    i.SignalCheck       hw_exit.o
    0x080067c0   0x080067c0   0x00000002   Code   RO         4924    i.SignalCheckLed    wh_nb73.o
    0x080067c2   0x080067c2   0x00000002   PAD
    0x080067c4   0x080067c4   0x00000010   Code   RO         5425    i.SignalTimerDisable  hw_timer.o
    0x080067d4   0x080067d4   0x00000010   Code   RO         5426    i.SignalTimerEnable  hw_timer.o
    0x080067e4   0x080067e4   0x0000004c   Code   RO         5427    i.SignalTimerInit   hw_timer.o
    0x08006830   0x08006830   0x00000608   Code   RO         4925    i.SnedBufBuild      wh_nb73.o
    0x08006e38   0x08006e38   0x00000018   Code   RO         5691    i.StoreConfStore    hw_fmc.o
    0x08006e50   0x08006e50   0x00000034   Code   RO         5692    i.StoreConfUpdate   hw_fmc.o
    0x08006e84   0x08006e84   0x0000017c   Code   RO         5693    i.StoreInfoAdd      hw_fmc.o
    0x08007000   0x08007000   0x00000074   Code   RO         5694    i.StoreInfoCheck    hw_fmc.o
    0x08007074   0x08007074   0x00000044   Code   RO         5695    i.StorePageErase    hw_fmc.o
    0x080070b8   0x080070b8   0x00000002   Code   RO         3683    i.SysTick_Handler   gd32f10x_it.o
    0x080070ba   0x080070ba   0x00000002   PAD
    0x080070bc   0x080070bc   0x00000084   Code   RO            4    i.SystemInit        system_gd32f10x.o
    0x08007140   0x08007140   0x00000178   Code   RO         5428    i.TIMER1_IRQHandler  hw_timer.o
    0x080072b8   0x080072b8   0x0000002c   Code   RO         5429    i.TIMER2_IRQHandler  hw_timer.o
    0x080072e4   0x080072e4   0x00000056   Code   RO         5430    i.Timer_1ms_Init    hw_timer.o
    0x0800733a   0x0800733a   0x00000002   PAD
    0x0800733c   0x0800733c   0x00000030   Code   RO         5495    i.USART0_IRQHandler  hw_uart.o
    0x0800736c   0x0800736c   0x00000050   Code   RO         5496    i.USART1_IRQHandler  hw_uart.o
    0x080073bc   0x080073bc   0x00000030   Code   RO         5497    i.USART2_IRQHandler  hw_uart.o
    0x080073ec   0x080073ec   0x0000003c   Code   RO         4776    i.UTC_to_Unix       isl1208.o
    0x08007428   0x08007428   0x0000008c   Code   RO         5498    i.UartCommuncateInit  hw_uart.o
    0x080074b4   0x080074b4   0x00000094   Code   RO         5499    i.UartHostInit      hw_uart.o
    0x08007548   0x08007548   0x00000028   Code   RO         5500    i.UartHostReinit    hw_uart.o
    0x08007570   0x08007570   0x00000010   Code   RO         5501    i.UartInit          hw_uart.o
    0x08007580   0x08007580   0x0000008c   Code   RO         5502    i.UartNbInit        hw_uart.o
    0x0800760c   0x0800760c   0x0000008c   Code   RO         4777    i.Unix_to_UTC       isl1208.o
    0x08007698   0x08007698   0x00000004   Code   RO         3684    i.UsageFault_Handler  gd32f10x_it.o
    0x0800769c   0x0800769c   0x000000c4   Code   RO         3895    i.VarInit           init.o
    0x08007760   0x08007760   0x0000005c   Code   RO         5696    i.WriteStoreConf    hw_fmc.o
    0x080077bc   0x080077bc   0x0000005c   Code   RO         5697    i.WriteStoreInfo    hw_fmc.o
    0x08007818   0x08007818   0x00000020   Code   RO         6072    i.__0printf         mc_w.l(printfa.o)
    0x08007838   0x08007838   0x0000000e   Code   RO         6166    i.__scatterload_copy  mc_w.l(handlers.o)
    0x08007846   0x08007846   0x00000002   Code   RO         6167    i.__scatterload_null  mc_w.l(handlers.o)
    0x08007848   0x08007848   0x0000000e   Code   RO         6168    i.__scatterload_zeroinit  mc_w.l(handlers.o)
    0x08007856   0x08007856   0x00000002   PAD
    0x08007858   0x08007858   0x00000184   Code   RO         6079    i._fp_digits        mc_w.l(printfa.o)
    0x080079dc   0x080079dc   0x000006dc   Code   RO         6080    i._printf_core      mc_w.l(printfa.o)
    0x080080b8   0x080080b8   0x00000024   Code   RO         6081    i._printf_post_padding  mc_w.l(printfa.o)
    0x080080dc   0x080080dc   0x0000002e   Code   RO         6082    i._printf_pre_padding  mc_w.l(printfa.o)
    0x0800810a   0x0800810a   0x00000002   PAD
    0x0800810c   0x0800810c   0x00000060   Code   RO         3856    i.delay_1ms         systick.o
    0x0800816c   0x0800816c   0x00000060   Code   RO         3857    i.delay_1us         systick.o
    0x080081cc   0x080081cc   0x000000bc   Code   RO         1294    i.exti_init         gd32f10x_exti.o
    0x08008288   0x08008288   0x0000000c   Code   RO         1297    i.exti_interrupt_flag_clear  gd32f10x_exti.o
    0x08008294   0x08008294   0x00000018   Code   RO         1298    i.exti_interrupt_flag_get  gd32f10x_exti.o
    0x080082ac   0x080082ac   0x00000022   Code   RO         1377    i.fmc_bank0_ready_wait  gd32f10x_fmc.o
    0x080082ce   0x080082ce   0x00000002   PAD
    0x080082d0   0x080082d0   0x00000030   Code   RO         1378    i.fmc_bank0_state_get  gd32f10x_fmc.o
    0x08008300   0x08008300   0x00000022   Code   RO         1382    i.fmc_bank1_ready_wait  gd32f10x_fmc.o
    0x08008322   0x08008322   0x00000002   PAD
    0x08008324   0x08008324   0x00000030   Code   RO         1383    i.fmc_bank1_state_get  gd32f10x_fmc.o
    0x08008354   0x08008354   0x00000020   Code   RO         1385    i.fmc_flag_clear    gd32f10x_fmc.o
    0x08008374   0x08008374   0x0000002c   Code   RO         1392    i.fmc_lock          gd32f10x_fmc.o
    0x080083a0   0x080083a0   0x000000ec   Code   RO         1394    i.fmc_page_erase    gd32f10x_fmc.o
    0x0800848c   0x0800848c   0x00000044   Code   RO         1395    i.fmc_unlock        gd32f10x_fmc.o
    0x080084d0   0x080084d0   0x000000c0   Code   RO         1396    i.fmc_word_program  gd32f10x_fmc.o
    0x08008590   0x08008590   0x00000024   Code   RO         5503    i.fputc             hw_uart.o
    0x080085b4   0x080085b4   0x00000098   Code   RO         1651    i.gpio_exti_source_select  gd32f10x_gpio.o
    0x0800864c   0x0800864c   0x000000ac   Code   RO         1652    i.gpio_init         gd32f10x_gpio.o
    0x080086f8   0x080086f8   0x00000010   Code   RO         1653    i.gpio_input_bit_get  gd32f10x_gpio.o
    0x08008708   0x08008708   0x00000090   Code   RO         1658    i.gpio_pin_remap_config  gd32f10x_gpio.o
    0x08008798   0x08008798   0x00000018   Code   RO         1759    i.i2c_ack_config    gd32f10x_i2c.o
    0x080087b0   0x080087b0   0x000000e4   Code   RO         1761    i.i2c_clock_config  gd32f10x_i2c.o
    0x08008894   0x08008894   0x00000008   Code   RO         1762    i.i2c_data_receive  gd32f10x_i2c.o
    0x0800889c   0x0800889c   0x00000006   Code   RO         1763    i.i2c_data_transmit  gd32f10x_i2c.o
    0x080088a2   0x080088a2   0x0000000a   Code   RO         1770    i.i2c_enable        gd32f10x_i2c.o
    0x080088ac   0x080088ac   0x00000028   Code   RO         1771    i.i2c_flag_clear    gd32f10x_i2c.o
    0x080088d4   0x080088d4   0x0000001e   Code   RO         1772    i.i2c_flag_get      gd32f10x_i2c.o
    0x080088f2   0x080088f2   0x00000014   Code   RO         1777    i.i2c_master_addressing  gd32f10x_i2c.o
    0x08008906   0x08008906   0x0000001c   Code   RO         1778    i.i2c_mode_addr_config  gd32f10x_i2c.o
    0x08008922   0x08008922   0x0000000a   Code   RO         1787    i.i2c_start_on_bus  gd32f10x_i2c.o
    0x0800892c   0x0800892c   0x0000000a   Code   RO         1788    i.i2c_stop_on_bus   gd32f10x_i2c.o
    0x08008936   0x08008936   0x00000002   PAD
    0x08008938   0x08008938   0x00000088   Code   RO         3814    i.main              main.o
    0x080089c0   0x080089c0   0x00000614   Code   RO         4014    i.modbusAct         modbus.o
    0x08008fd4   0x08008fd4   0x00000158   Code   RO         4015    i.modbusParse       modbus.o
    0x0800912c   0x0800912c   0x00000054   Code   RO         4016    i.modbusValInit     modbus.o
    0x08009180   0x08009180   0x00000020   Code   RO         5431    i.nvic_config       hw_timer.o
    0x080091a0   0x080091a0   0x00000018   Code   RO         1959    i.nvic_irq_disable  gd32f10x_misc.o
    0x080091b8   0x080091b8   0x000000ac   Code   RO         1960    i.nvic_irq_enable   gd32f10x_misc.o
    0x08009264   0x08009264   0x00000014   Code   RO         1961    i.nvic_priority_group_set  gd32f10x_misc.o
    0x08009278   0x08009278   0x00000014   Code   RO         1962    i.nvic_vector_table_set  gd32f10x_misc.o
    0x0800928c   0x0800928c   0x00000124   Code   RO         2110    i.rcu_clock_freq_get  gd32f10x_rcu.o
    0x080093b0   0x080093b0   0x00000020   Code   RO         2127    i.rcu_periph_clock_enable  gd32f10x_rcu.o
    0x080093d0   0x080093d0   0x00000020   Code   RO         2130    i.rcu_periph_reset_disable  gd32f10x_rcu.o
    0x080093f0   0x080093f0   0x00000020   Code   RO         2131    i.rcu_periph_reset_enable  gd32f10x_rcu.o
    0x08009410   0x08009410   0x000000c4   Code   RO            5    i.system_clock_108m_hxtal  system_gd32f10x.o
    0x080094d4   0x080094d4   0x00000008   Code   RO            6    i.system_clock_config  system_gd32f10x.o
    0x080094dc   0x080094dc   0x00000028   Code   RO         1965    i.systick_clksource_set  gd32f10x_misc.o
    0x08009504   0x08009504   0x00000044   Code   RO         3858    i.systick_config    systick.o
    0x08009548   0x08009548   0x000000dc   Code   RO         2951    i.timer_deinit      gd32f10x_timer.o
    0x08009624   0x08009624   0x0000000a   Code   RO         2952    i.timer_disable     gd32f10x_timer.o
    0x0800962e   0x0800962e   0x0000000a   Code   RO         2956    i.timer_enable      gd32f10x_timer.o
    0x08009638   0x08009638   0x000000e0   Code   RO         2966    i.timer_init        gd32f10x_timer.o
    0x08009718   0x08009718   0x00000008   Code   RO         2973    i.timer_interrupt_enable  gd32f10x_timer.o
    0x08009720   0x08009720   0x00000006   Code   RO         2974    i.timer_interrupt_flag_clear  gd32f10x_timer.o
    0x08009726   0x08009726   0x00000018   Code   RO         2975    i.timer_interrupt_flag_get  gd32f10x_timer.o
    0x0800973e   0x0800973e   0x00000002   PAD
    0x08009740   0x08009740   0x00000090   Code   RO         3349    i.usart_baudrate_set  gd32f10x_usart.o
    0x080097d0   0x080097d0   0x0000000a   Code   RO         3350    i.usart_data_receive  gd32f10x_usart.o
    0x080097da   0x080097da   0x00000008   Code   RO         3351    i.usart_data_transmit  gd32f10x_usart.o
    0x080097e2   0x080097e2   0x00000002   PAD
    0x080097e4   0x080097e4   0x00000090   Code   RO         3352    i.usart_deinit      gd32f10x_usart.o
    0x08009874   0x08009874   0x0000000a   Code   RO         3353    i.usart_disable     gd32f10x_usart.o
    0x0800987e   0x0800987e   0x0000000a   Code   RO         3356    i.usart_enable      gd32f10x_usart.o
    0x08009888   0x08009888   0x0000001e   Code   RO         3358    i.usart_flag_get    gd32f10x_usart.o
    0x080098a6   0x080098a6   0x00000010   Code   RO         3362    i.usart_hardware_flow_cts_config  gd32f10x_usart.o
    0x080098b6   0x080098b6   0x00000010   Code   RO         3363    i.usart_hardware_flow_rts_config  gd32f10x_usart.o
    0x080098c6   0x080098c6   0x0000001a   Code   RO         3364    i.usart_interrupt_disable  gd32f10x_usart.o
    0x080098e0   0x080098e0   0x0000001a   Code   RO         3365    i.usart_interrupt_enable  gd32f10x_usart.o
    0x080098fa   0x080098fa   0x0000001a   Code   RO         3366    i.usart_interrupt_flag_clear  gd32f10x_usart.o
    0x08009914   0x08009914   0x00000038   Code   RO         3367    i.usart_interrupt_flag_get  gd32f10x_usart.o
    0x0800994c   0x0800994c   0x00000010   Code   RO         3377    i.usart_parity_config  gd32f10x_usart.o
    0x0800995c   0x0800995c   0x00000010   Code   RO         3379    i.usart_receive_config  gd32f10x_usart.o
    0x0800996c   0x0800996c   0x00000010   Code   RO         3385    i.usart_stop_bit_set  gd32f10x_usart.o
    0x0800997c   0x0800997c   0x00000010   Code   RO         3389    i.usart_transmit_config  gd32f10x_usart.o
    0x0800998c   0x0800998c   0x00000010   Code   RO         3390    i.usart_word_length_set  gd32f10x_usart.o
    0x0800999c   0x0800999c   0x0000000c   Data   RO         5825    .constdata          mc_w.l(mktime.o)
    0x080099a8   0x080099a8   0x0000000c   Data   RO         6151    .constdata          mc_w.l(localtime_i.o)
    0x080099b4   0x080099b4   0x00000092   Data   RO         4927    .conststring        wh_nb73.o
    0x08009a46   0x08009a46   0x00000002   PAD
    0x08009a48   0x08009a48   0x00000020   Data   RO         6164    Region$$Table       anon$$obj.o


    Execution Region RW_IRAM1 (Exec base: 0x20000000, Load base: 0x08009a68, Size: 0x00003e68, Max: 0x00005000, ABSOLUTE, COMPRESSED[0x000007dc])

    Exec Addr    Load Addr    Size         Type   Attr      Idx    E Section Name        Object

    0x20000000   COMPRESSED   0x00000004   Data   RW            7    .data               system_gd32f10x.o
    0x20000004   COMPRESSED   0x00000008   Data   RW         3859    .data               systick.o
    0x2000000c   COMPRESSED   0x0000000a   Data   RW         3897    .data               init.o
    0x20000016   COMPRESSED   0x00000002   PAD
    0x20000018   COMPRESSED   0x000003dd   Data   RW         4018    .data               modbus.o
    0x200003f5   COMPRESSED   0x00000001   PAD
    0x200003f6   COMPRESSED   0x00000005   Data   RW         4347    .data               commucateslave.o
    0x200003fb   COMPRESSED   0x00000001   PAD
    0x200003fc   COMPRESSED   0x00000048   Data   RW         4457    .data               protocol.o
    0x20000444   COMPRESSED   0x00000022   Data   RW         4687    .data               ds18b20.o
    0x20000466   COMPRESSED   0x00000002   PAD
    0x20000468   COMPRESSED   0x00000004   Data   RW         4779    .data               isl1208.o
    0x2000046c   COMPRESSED   0x0000017d   Data   RW         4928    .data               wh_nb73.o
    0x200005e9   COMPRESSED   0x00000003   PAD
    0x200005ec   COMPRESSED   0x00000650   Data   RW         5366    .data               cj2301.o
    0x20000c3c   COMPRESSED   0x0000000b   Data   RW         5432    .data               hw_timer.o
    0x20000c47   COMPRESSED   0x00000009   Data   RW         5505    .data               hw_uart.o
    0x20000c50   COMPRESSED   0x0000001c   Data   RW         5629    .data               hw_exit.o
    0x20000c6c   COMPRESSED   0x00000004   Data   RW         5698    .data               hw_fmc.o
    0x20000c70   COMPRESSED   0x00000004   Data   RW         5818    .data               mc_w.l(rand.o)
    0x20000c74   COMPRESSED   0x00000004   Data   RW         6138    .data               mc_w.l(stdout.o)
    0x20000c78        -       0x000002a4   Zero   RW         3896    .bss                init.o
    0x20000f1c        -       0x000003d4   Zero   RW         4017    .bss                modbus.o
    0x200012f0        -       0x0000009c   Zero   RW         4346    .bss                commucateslave.o
    0x2000138c        -       0x00000195   Zero   RW         4456    .bss                protocol.o
    0x20001521   COMPRESSED   0x00000003   PAD
    0x20001524        -       0x0000000c   Zero   RW         4778    .bss                isl1208.o
    0x20001530        -       0x0000060e   Zero   RW         4926    .bss                wh_nb73.o
    0x20001b3e        -       0x000002fd   Zero   RW         5504    .bss                hw_uart.o
    0x20001e3b   COMPRESSED   0x00000001   PAD
    0x20001e3c        -       0x0000002c   Zero   RW         6148    .bss                mc_w.l(localtime_w.o)
    0x20001e68        -       0x00002000   Zero   RW          137    STACK               startup_gd32f10x_md.o


==============================================================================

Image component sizes


      Code (inc. data)   RO Data    RW Data    ZI Data      Debug   Object Name

      1170        138          0       1616          0       5823   cj2301.o
       636         70          0          5        156      27736   commucateslave.o
      1764        218          0         34          0       8252   ds18b20.o
       224         16          0          0          0       1794   gd32f10x_exti.o
       736         66          0          0          0       5299   gd32f10x_fmc.o
       484         12          0          0          0       2991   gd32f10x_gpio.o
       414         12          0          0          0       6708   gd32f10x_i2c.o
        26          0          0          0          0      11249   gd32f10x_it.o
       276         34          0          0          0       2959   gd32f10x_misc.o
       388         40          0          0          0       2732   gd32f10x_rcu.o
       502         64          0          0          0       4656   gd32f10x_timer.o
       602         16          0          0          0      10810   gd32f10x_usart.o
      2608        556          0         28          0       4221   hw_exit.o
      1156         92          0          4          0       5504   hw_fmc.o
        68         14          0          0          0        471   hw_i2c.o
       646         66          0         11          0       3982   hw_timer.o
      1448        210          0          9        765      11931   hw_uart.o
      1000        208          0         10        676       6002   init.o
      1186        126          0          4         12       7163   isl1208.o
       160         12          0          0          0       3605   main.o
      4522        506          0        989        980      37515   modbus.o
      4404        380          0         72        405      22238   protocol.o
        36          8        260          0       8192        856   startup_gd32f10x_md.o
       336         30          0          4          0      58743   system_gd32f10x.o
       260         34          0          8          0       1773   systick.o
      9054       1082        146        381       1550      46202   wh_nb73.o

    ----------------------------------------------------------------------
     34144       4010        440       3184      12740     301215   Object Totals
         0          0         32          0          0          0   (incl. Generated)
        38          0          2          9          4          0   (incl. Padding)

    ----------------------------------------------------------------------

      Code (inc. data)   RO Data    RW Data    ZI Data      Debug   Library Member Name

        86          0          0          0          0          0   __dczerorl2.o
         0          0          0          0          0          0   entry.o
         0          0          0          0          0          0   entry10a.o
         0          0          0          0          0          0   entry11a.o
         8          4          0          0          0          0   entry2.o
         4          0          0          0          0          0   entry5.o
         0          0          0          0          0          0   entry7b.o
         0          0          0          0          0          0   entry8b.o
         8          4          0          0          0          0   entry9a.o
        30          0          0          0          0          0   handlers.o
        36          8          0          0          0         68   init.o
         0          0          0          0          0          0   iusefp.o
        30          0          0          0          0         68   llshl.o
        36          0          0          0          0         68   llsshr.o
        32          0          0          0          0         68   llushr.o
       140          6         12          0          0         76   localtime_i.o
        12          6          0          0         44         68   localtime_w.o
        26          0          0          0          0         80   memcmp.o
        36          0          0          0          0         68   memcpya.o
        36          0          0          0          0        108   memseta.o
       168         18         12          0          0         80   mktime.o
      2258         90          0          0          0        452   printfa.o
        36         10          0          4          0        136   rand.o
         0          0          0          4          0          0   stdout.o
        14          0          0          0          0         68   strlen.o
        36          0          0          0          0         80   strstr.o
        44          0          0          0          0         80   uidiv.o
        98          0          0          0          0         92   uldiv.o
        48          0          0          0          0         68   cdrcmple.o
        56          0          0          0          0         88   d2f.o
       334          0          0          0          0        148   dadd.o
       222          0          0          0          0        100   ddiv.o
       186          0          0          0          0        176   depilogue.o
        48          0          0          0          0         68   dfixul.o
       228          0          0          0          0         96   dmul.o
        38          0          0          0          0         68   f2d.o
       176          0          0          0          0        140   fadd.o
       124          0          0          0          0         88   fdiv.o
       110          0          0          0          0        168   fepilogue.o
        40          0          0          0          0         68   ffixui.o
        18          0          0          0          0         68   fflti.o
        10          0          0          0          0         68   ffltui.o
       100          0          0          0          0         76   fmul.o

    ----------------------------------------------------------------------
      4920        146         24          8         44       3148   Library Totals
         8          0          0          0          0          0   (incl. Padding)

    ----------------------------------------------------------------------

      Code (inc. data)   RO Data    RW Data    ZI Data      Debug   Library Name

      3174        146         24          8         44       1660   mc_w.l
      1738          0          0          0          0       1488   mf_w.l

    ----------------------------------------------------------------------
      4920        146         24          8         44       3148   Library Totals

    ----------------------------------------------------------------------

==============================================================================


      Code (inc. data)   RO Data    RW Data    ZI Data      Debug   

     39064       4156        464       3192      12784     284575   Grand Totals
     39064       4156        464       2012      12784     284575   ELF Image Totals (compressed)
     39064       4156        464       2012          0          0   ROM Totals

==============================================================================

    Total RO  Size (Code + RO Data)                39528 (  38.60kB)
    Total RW  Size (RW Data + ZI Data)             15976 (  15.60kB)
    Total ROM Size (Code + RO Data + RW Data)      41540 (  40.57kB)

==============================================================================

