Component: ARM Compiler 5.06 update 6 (build 750) Tool: armlink [4d35ed]

==============================================================================

Section Cross References

    system_gd32f10x.o(i.SystemCoreClockUpdate) refers to system_gd32f10x.o(.data) for SystemCoreClock
    system_gd32f10x.o(i.SystemInit) refers to system_gd32f10x.o(i.system_clock_config) for system_clock_config
    system_gd32f10x.o(i.SystemInit) refers to gd32f10x_misc.o(i.nvic_vector_table_set) for nvic_vector_table_set
    system_gd32f10x.o(i.system_clock_config) refers to system_gd32f10x.o(i.system_clock_108m_hxtal) for system_clock_108m_hxtal
    startup_gd32f10x_md.o(RESET) refers to startup_gd32f10x_md.o(STACK) for __initial_sp
    startup_gd32f10x_md.o(RESET) refers to startup_gd32f10x_md.o(.text) for Reset_Handler
    startup_gd32f10x_md.o(RESET) refers to gd32f10x_it.o(i.NMI_Handler) for NMI_Handler
    startup_gd32f10x_md.o(RESET) refers to gd32f10x_it.o(i.HardFault_Handler) for HardFault_Handler
    startup_gd32f10x_md.o(RESET) refers to gd32f10x_it.o(i.MemManage_Handler) for MemManage_Handler
    startup_gd32f10x_md.o(RESET) refers to gd32f10x_it.o(i.BusFault_Handler) for BusFault_Handler
    startup_gd32f10x_md.o(RESET) refers to gd32f10x_it.o(i.UsageFault_Handler) for UsageFault_Handler
    startup_gd32f10x_md.o(RESET) refers to gd32f10x_it.o(i.SVC_Handler) for SVC_Handler
    startup_gd32f10x_md.o(RESET) refers to gd32f10x_it.o(i.DebugMon_Handler) for DebugMon_Handler
    startup_gd32f10x_md.o(RESET) refers to gd32f10x_it.o(i.PendSV_Handler) for PendSV_Handler
    startup_gd32f10x_md.o(RESET) refers to gd32f10x_it.o(i.SysTick_Handler) for SysTick_Handler
    startup_gd32f10x_md.o(RESET) refers to hw_adc.o(i.DMA0_Channel0_IRQHandler) for DMA0_Channel0_IRQHandler
    startup_gd32f10x_md.o(RESET) refers to hw_timer.o(i.TIMER1_IRQHandler) for TIMER1_IRQHandler
    startup_gd32f10x_md.o(RESET) refers to hw_timer.o(i.TIMER2_IRQHandler) for TIMER2_IRQHandler
    startup_gd32f10x_md.o(RESET) refers to hw_timer.o(i.TIMER3_IRQHandler) for TIMER3_IRQHandler
    startup_gd32f10x_md.o(RESET) refers to hw_uart.o(i.USART0_IRQHandler) for USART0_IRQHandler
    startup_gd32f10x_md.o(RESET) refers to hw_uart.o(i.USART1_IRQHandler) for USART1_IRQHandler
    startup_gd32f10x_md.o(RESET) refers to hw_uart.o(i.USART2_IRQHandler) for USART2_IRQHandler
    startup_gd32f10x_md.o(RESET) refers to hw_exit.o(i.EXTI10_15_IRQHandler) for EXTI10_15_IRQHandler
    startup_gd32f10x_md.o(.text) refers to system_gd32f10x.o(i.SystemInit) for SystemInit
    startup_gd32f10x_md.o(.text) refers to entry.o(.ARM.Collect$$$$00000000) for __main
    gd32f10x_adc.o(i.adc_deinit) refers to gd32f10x_rcu.o(i.rcu_periph_reset_enable) for rcu_periph_reset_enable
    gd32f10x_adc.o(i.adc_deinit) refers to gd32f10x_rcu.o(i.rcu_periph_reset_disable) for rcu_periph_reset_disable
    gd32f10x_bkp.o(i.bkp_deinit) refers to gd32f10x_rcu.o(i.rcu_bkp_reset_enable) for rcu_bkp_reset_enable
    gd32f10x_bkp.o(i.bkp_deinit) refers to gd32f10x_rcu.o(i.rcu_bkp_reset_disable) for rcu_bkp_reset_disable
    gd32f10x_can.o(i.can_debug_freeze_disable) refers to gd32f10x_dbg.o(i.dbg_periph_enable) for dbg_periph_enable
    gd32f10x_can.o(i.can_debug_freeze_enable) refers to gd32f10x_dbg.o(i.dbg_periph_enable) for dbg_periph_enable
    gd32f10x_can.o(i.can_deinit) refers to gd32f10x_rcu.o(i.rcu_periph_reset_enable) for rcu_periph_reset_enable
    gd32f10x_can.o(i.can_deinit) refers to gd32f10x_rcu.o(i.rcu_periph_reset_disable) for rcu_periph_reset_disable
    gd32f10x_can.o(i.can_interrupt_flag_get) refers to gd32f10x_can.o(i.can_receive_message_length_get) for can_receive_message_length_get
    gd32f10x_can.o(i.can_interrupt_flag_get) refers to gd32f10x_can.o(i.can_error_get) for can_error_get
    gd32f10x_dac.o(i.dac_deinit) refers to gd32f10x_rcu.o(i.rcu_periph_reset_enable) for rcu_periph_reset_enable
    gd32f10x_dac.o(i.dac_deinit) refers to gd32f10x_rcu.o(i.rcu_periph_reset_disable) for rcu_periph_reset_disable
    gd32f10x_dma.o(i.dma_channel_disable) refers to gd32f10x_dma.o(i.dma_periph_and_channel_check) for dma_periph_and_channel_check
    gd32f10x_dma.o(i.dma_channel_enable) refers to gd32f10x_dma.o(i.dma_periph_and_channel_check) for dma_periph_and_channel_check
    gd32f10x_dma.o(i.dma_circulation_disable) refers to gd32f10x_dma.o(i.dma_periph_and_channel_check) for dma_periph_and_channel_check
    gd32f10x_dma.o(i.dma_circulation_enable) refers to gd32f10x_dma.o(i.dma_periph_and_channel_check) for dma_periph_and_channel_check
    gd32f10x_dma.o(i.dma_deinit) refers to gd32f10x_dma.o(i.dma_periph_and_channel_check) for dma_periph_and_channel_check
    gd32f10x_dma.o(i.dma_init) refers to gd32f10x_dma.o(i.dma_periph_and_channel_check) for dma_periph_and_channel_check
    gd32f10x_dma.o(i.dma_interrupt_disable) refers to gd32f10x_dma.o(i.dma_periph_and_channel_check) for dma_periph_and_channel_check
[...]
    DMA0_Channel3_IRQHandler                 0x08000133   Thumb Code     0  startup_gd32f10x_md.o(.text)
    DMA0_Channel4_IRQHandler                 0x08000133   Thumb Code     0  startup_gd32f10x_md.o(.text)
    DMA0_Channel5_IRQHandler                 0x08000133   Thumb Code     0  startup_gd32f10x_md.o(.text)
    DMA0_Channel6_IRQHandler                 0x08000133   Thumb Code     0  startup_gd32f10x_md.o(.text)
    EXMC_IRQHandler                          0x08000133   Thumb Code     0  startup_gd32f10x_md.o(.text)
    EXTI0_IRQHandler                         0x08000133   Thumb Code     0  startup_gd32f10x_md.o(.text)
    EXTI1_IRQHandler                         0x08000133   Thumb Code     0  startup_gd32f10x_md.o(.text)
    EXTI2_IRQHandler                         0x08000133   Thumb Code     0  startup_gd32f10x_md.o(.text)
    EXTI3_IRQHandler                         0x08000133   Thumb Code     0  startup_gd32f10x_md.o(.text)
    EXTI4_IRQHandler                         0x08000133   Thumb Code     0  startup_gd32f10x_md.o(.text)
    EXTI5_9_IRQHandler                       0x08000133   Thumb Code     0  startup_gd32f10x_md.o(.text)
    FMC_IRQHandler                           0x08000133   Thumb Code     0  startup_gd32f10x_md.o(.text)
    I2C0_ER_IRQHandler                       0x08000133   Thumb Code     0  startup_gd32f10x_md.o(.text)
    I2C0_EV_IRQHandler                       0x08000133   Thumb Code     0  startup_gd32f10x_md.o(.text)
    I2C1_ER_IRQHandler                       0x08000133   Thumb Code     0  startup_gd32f10x_md.o(.text)
    I2C1_EV_IRQHandler                       0x08000133   Thumb Code     0  startup_gd32f10x_md.o(.text)
    LVD_IRQHandler                           0x08000133   Thumb Code     0  startup_gd32f10x_md.o(.text)
    RCU_IRQHandler                           0x08000133   Thumb Code     0  startup_gd32f10x_md.o(.text)
    RTC_Alarm_IRQHandler                     0x08000133   Thumb Code     0  startup_gd32f10x_md.o(.text)
    RTC_IRQHandler                           0x08000133   Thumb Code     0  startup_gd32f10x_md.o(.text)
    SPI0_IRQHandler                          0x08000133   Thumb Code     0  startup_gd32f10x_md.o(.text)
    SPI1_IRQHandler                          0x08000133   Thumb Code     0  startup_gd32f10x_md.o(.text)
    TAMPER_IRQHandler                        0x08000133   Thumb Code     0  startup_gd32f10x_md.o(.text)
    TIMER0_BRK_IRQHandler                    0x08000133   Thumb Code     0  startup_gd32f10x_md.o(.text)
    TIMER0_Channel_IRQHandler                0x08000133   Thumb Code     0  startup_gd32f10x_md.o(.text)
    TIMER0_TRG_CMT_IRQHandler                0x08000133   Thumb Code     0  startup_gd32f10x_md.o(.text)
    TIMER0_UP_IRQHandler                     0x08000133   Thumb Code     0  startup_gd32f10x_md.o(.text)
    USBD_HP_CAN0_TX_IRQHandler               0x08000133   Thumb Code     0  startup_gd32f10x_md.o(.text)
    USBD_LP_CAN0_RX0_IRQHandler              0x08000133   Thumb Code     0  startup_gd32f10x_md.o(.text)
    USBD_WKUP_IRQHandler                     0x08000133   Thumb Code     0  startup_gd32f10x_md.o(.text)
    WWDGT_IRQHandler                         0x08000133   Thumb Code     0  startup_gd32f10x_md.o(.text)
    rand                                     0x0800013d   Thumb Code    20  rand.o(.text)
    srand                                    0x08000151   Thumb Code     6  rand.o(.text)
    mktime                                   0x08000161   Thumb Code   150  mktime.o(.text)
    ___aeabi_memcpy8$move                    0x08000209   Thumb Code     0  memmovea.o(.text)
    __aeabi_memcpy                           0x08000209   Thumb Code    64  memmovea.o(.text)
    __aeabi_memcpy4                          0x08000209   Thumb Code     0  memmovea.o(.text)
    __aeabi_memmove                          0x08000209   Thumb Code     0  memmovea.o(.text)
    __aeabi_memmove4                         0x08000209   Thumb Code     0  memmovea.o(.text)
    __aeabi_memmove8                         0x08000209   Thumb Code     0  memmovea.o(.text)
    __aeabi_memset                           0x08000249   Thumb Code    14  memseta.o(.text)
    __aeabi_memset4                          0x08000249   Thumb Code     0  memseta.o(.text)
    __aeabi_memset8                          0x08000249   Thumb Code     0  memseta.o(.text)
    __aeabi_memclr                           0x08000257   Thumb Code     4  memseta.o(.text)
    __aeabi_memclr4                          0x08000257   Thumb Code     0  memseta.o(.text)
    __aeabi_memclr8                          0x08000257   Thumb Code     0  memseta.o(.text)
    _memset$wrapper                          0x0800025b   Thumb Code    18  memseta.o(.text)
    strstr                                   0x0800026d   Thumb Code    36  strstr.o(.text)
    strlen                                   0x08000291   Thumb Code    14  strlen.o(.text)
    memcmp                                   0x0800029f   Thumb Code    26  memcmp.o(.text)
    __aeabi_fadd                             0x080002b9   Thumb Code   164  fadd.o(.text)
    __aeabi_fsub                             0x0800035d   Thumb Code     6  fadd.o(.text)
    __aeabi_frsub                            0x08000363   Thumb Code     6  fadd.o(.text)
    __aeabi_fmul                             0x08000369   Thumb Code   100  fmul.o(.text)
    __aeabi_fdiv                             0x080003cd   Thumb Code   124  fdiv.o(.text)
    __aeabi_dadd                             0x08000449   Thumb Code   322  dadd.o(.text)
    __aeabi_dsub                             0x0800058b   Thumb Code     6  dadd.o(.text)
    __aeabi_drsub                            0x08000591   Thumb Code     6  dadd.o(.text)
    __aeabi_dmul                             0x08000597   Thumb Code   228  dmul.o(.text)
    __aeabi_ddiv                             0x0800067b   Thumb Code   222  ddiv.o(.text)
    __aeabi_i2f                              0x08000759   Thumb Code    18  fflti.o(.text)
    __aeabi_ui2f                             0x0800076b   Thumb Code    10  ffltui.o(.text)
    __aeabi_f2uiz                            0x08000775   Thumb Code    40  ffixui.o(.text)
    __aeabi_f2d                              0x0800079d   Thumb Code    38  f2d.o(.text)
    __aeabi_cdrcmple                         0x080007c5   Thumb Code    48  cdrcmple.o(.text)
    __aeabi_d2f                              0x080007f5   Thumb Code    56  d2f.o(.text)
    __aeabi_uidiv                            0x0800082d   Thumb Code     0  uidiv.o(.text)
    __aeabi_uidivmod                         0x0800082d   Thumb Code    44  uidiv.o(.text)
    __aeabi_uldivmod                         0x08000859   Thumb Code    98  uldiv.o(.text)
    __aeabi_llsl                             0x080008bb   Thumb Code    30  llshl.o(.text)
    _ll_shift_l                              0x080008bb   Thumb Code     0  llshl.o(.text)
    __aeabi_lasr                             0x080008d9   Thumb Code    36  llsshr.o(.text)
    _ll_sshift_r                             0x080008d9   Thumb Code     0  llsshr.o(.text)
    localtime                                0x080008fd   Thumb Code     6  localtime_w.o(.text)
    _localtime                               0x08000909   Thumb Code   134  localtime_i.o(.text)
    __I$use$fp                               0x08000995   Thumb Code     0  iusefp.o(.text)
    _float_round                             0x08000995   Thumb Code    18  fepilogue.o(.text)
    _float_epilogue                          0x080009a7   Thumb Code    92  fepilogue.o(.text)
    _double_round                            0x08000a03   Thumb Code    30  depilogue.o(.text)
    _double_epilogue                         0x08000a21   Thumb Code   156  depilogue.o(.text)
    __aeabi_d2ulz                            0x08000abd   Thumb Code    48  dfixul.o(.text)
    __scatterload                            0x08000aed   Thumb Code    28  init.o(.text)
    __scatterload_rt2                        0x08000aed   Thumb Code     0  init.o(.text)
    __aeabi_llsr                             0x08000b11   Thumb Code    32  llushr.o(.text)
    _ll_ushift_r                             0x08000b11   Thumb Code     0  llushr.o(.text)
    __decompress                             0x08000b31   Thumb Code     0  __dczerorl2.o(.text)
    __decompress1                            0x08000b31   Thumb Code    86  __dczerorl2.o(.text)
    AdcInit                                  0x08000b89   Thumb Code   174  hw_adc.o(i.AdcInit)
    AdcTimerInit                             0x08000c45   Thumb Code    80  hw_timer.o(i.AdcTimerInit)
    BackUpAdd                                0x08000d41   Thumb Code   154  init.o(i.BackUpAdd)
    BackUpClearOne                           0x08000de9   Thumb Code    66  init.o(i.BackUpClearOne)
    BcdToByte                                0x08000e31   Thumb Code    20  isl1208.o(i.BcdToByte)
    BusFault_Handler                         0x08000ed5   Thumb Code     4  gd32f10x_it.o(i.BusFault_Handler)
    ByteToBcd                                0x08000f1b   Thumb Code    24  isl1208.o(i.ByteToBcd)
    CheckCRC                                 0x08000f69   Thumb Code    28  hw_fmc.o(i.CheckCRC)
    Cj2301_EndRead                           0x080011a5   Thumb Code    32  cj2301.o(i.Cj2301_EndRead)
    Cj2301_Init                              0x080011c9   Thumb Code   140  cj2301.o(i.Cj2301_Init)
    Cj2301_Read                              0x08001289   Thumb Code    40  cj2301.o(i.Cj2301_Read)
    Cj2301_ReadTempHumi                      0x080012b5   Thumb Code   174  cj2301.o(i.Cj2301_ReadTempHumi)
    Cj2301_StartReadTempHumi                 0x08001395   Thumb Code   156  cj2301.o(i.Cj2301_StartReadTempHumi)
    CommunAdd                                0x08001461   Thumb Code    66  hw_uart.o(i.CommunAdd)
    CommunCheck                              0x080014b5   Thumb Code    16  hw_uart.o(i.CommunCheck)
    CommunGetData                            0x080014c9   Thumb Code    76  hw_uart.o(i.CommunGetData)
    CommunUartSendBuf                        0x08001525   Thumb Code    44  hw_uart.o(i.CommunUartSendBuf)
    CreateSocketEnable                       0x0800162d   Thumb Code    16  wh_nb73.o(i.CreateSocketEnable)
    DMA0_Channel0_IRQHandler                 0x08001665   Thumb Code   378  hw_adc.o(i.DMA0_Channel0_IRQHandler)
    DS18B20GetIntTemp                        0x0800181d   Thumb Code   666  ds18b20.o(i.DS18B20GetIntTemp)
    DS18B20_Check                            0x08001b31   Thumb Code   218  ds18b20.o(i.DS18B20_Check)
    DS18B20_Init                             0x08001c11   Thumb Code   140  ds18b20.o(i.DS18B20_Init)
    DS18B20_Read_Bit                         0x08001ce1   Thumb Code   102  ds18b20.o(i.DS18B20_Read_Bit)
    DS18B20_Read_Byte                        0x08001d4d   Thumb Code    34  ds18b20.o(i.DS18B20_Read_Byte)
    DS18B20_Rst                              0x08001d71   Thumb Code   120  ds18b20.o(i.DS18B20_Rst)
    DS18B20_Start                            0x08001ded   Thumb Code    46  ds18b20.o(i.DS18B20_Start)
    DS18B20_Write_Byte                       0x08001e1d   Thumb Code   106  ds18b20.o(i.DS18B20_Write_Byte)
    DebugMon_Handler                         0x08001e8d   Thumb Code     2  gd32f10x_it.o(i.DebugMon_Handler)
    EXTI10_15_IRQHandler                     0x08001e91   Thumb Code   356  hw_exit.o(i.EXTI10_15_IRQHandler)
    EarseBlock                               0x08002001   Thumb Code    72  mt29f2g01abagdwb.o(i.EarseBlock)
    ExitInit                                 0x0800215d   Thumb Code   174  hw_exit.o(i.ExitInit)
    Ext_DS18B20_Write_Byte                   0x08002211   Thumb Code   114  ds18b20.o(i.Ext_DS18B20_Write_Byte)
    FMC_StoreInfoInit                        0x08002289   Thumb Code   282  hw_fmc.o(i.FMC_StoreInfoInit)
    GetAttchEnable                           0x08002421   Thumb Code    16  wh_nb73.o(i.GetAttchEnable)
    GetCcidEnable                            0x08002495   Thumb Code    16  wh_nb73.o(i.GetCcidEnable)
    GetChannel3_Status                       0x080024d9   Thumb Code   162  hw_exit.o(i.GetChannel3_Status)
    GetExitPinVal                            0x08002731   Thumb Code   310  hw_exit.o(i.GetExitPinVal)
    GetImeiEnable                            0x080029f1   Thumb Code    16  wh_nb73.o(i.GetImeiEnable)
    GetIpEnable                              0x08002a7d   Thumb Code    16  wh_nb73.o(i.GetIpEnable)
    GetPciEnable                             0x08002c81   Thumb Code    16  wh_nb73.o(i.GetPciEnable)
    GetRssiEnable                            0x08002d19   Thumb Code    16  wh_nb73.o(i.GetRssiEnable)
    GetRtcTime                               0x08002d51   Thumb Code   170  isl1208.o(i.GetRtcTime)
    HardFault_Handler                        0x08003245   Thumb Code     4  gd32f10x_it.o(i.HardFault_Handler)
    HostAdd                                  0x08003249   Thumb Code    62  hw_uart.o(i.HostAdd)
    HostCheck                                0x08003295   Thumb Code    16  hw_uart.o(i.HostCheck)
    HostGetData                              0x080032a9   Thumb Code    72  hw_uart.o(i.HostGetData)
    HostUartSendBuf                          0x080032fd   Thumb Code    50  hw_uart.o(i.HostUartSendBuf)
    I2C_Init                                 0x08003339   Thumb Code    54  hw_i2c.o(i.I2C_Init)
    Isl1208GetTime                           0x080033b1   Thumb Code   120  isl1208.o(i.Isl1208GetTime)
    Isl1208Init                              0x08003431   Thumb Code    74  isl1208.o(i.Isl1208Init)
    MCU_Init                                 0x08003605   Thumb Code   122  init.o(i.MCU_Init)
    MemManage_Handler                        0x08003715   Thumb Code     4  gd32f10x_it.o(i.MemManage_Handler)
    ModbusProtocol                           0x08003719   Thumb Code    98  modbus.o(i.ModbusProtocol)
    ModbusTimerAct                           0x08003791   Thumb Code    40  modbus.o(i.ModbusTimerAct)
    Modbus_Crc_Compute                       0x080037e1   Thumb Code    42  modbus.o(i.Modbus_Crc_Compute)
    NB_Control                               0x08003811   Thumb Code    50  wh_nb73.o(i.NB_Control)
    NMI_Handler                              0x0800384d   Thumb Code     2  gd32f10x_it.o(i.NMI_Handler)
    NandFlashInit                            0x08003851   Thumb Code    52  mt29f2g01abagdwb.o(i.NandFlashInit)
    NbAdd                                    0x080038b5   Thumb Code    66  hw_uart.o(i.NbAdd)
    NbCheck                                  0x0800394d   Thumb Code    16  hw_uart.o(i.NbCheck)
    NbGetData                                0x08003961   Thumb Code    76  hw_uart.o(i.NbGetData)
    NbResetEnable                            0x08003b25   Thumb Code    16  wh_nb73.o(i.NbResetEnable)
    NbUartSendBuf                            0x08003b5d   Thumb Code    62  hw_uart.o(i.NbUartSendBuf)
    PakStuctInit                             0x08003bc9   Thumb Code    46  commucateslave.o(i.PakStuctInit)
    ParsePro                                 0x08004201   Thumb Code   350  protocol.o(i.ParsePro)
    PendSV_Handler                           0x08004495   Thumb Code     2  gd32f10x_it.o(i.PendSV_Handler)
    ProtocolTask                             0x0800463d   Thumb Code    40  protocol.o(i.ProtocolTask)
    ReadBit                                  0x080046e5   Thumb Code    76  cj2301.o(i.ReadBit)
    ReadByte                                 0x08004735   Thumb Code    42  cj2301.o(i.ReadByte)
    ReadDatFromFlash                         0x08004761   Thumb Code    82  mt29f2g01abagdwb.o(i.ReadDatFromFlash)
    ReceParse                                0x08004c39   Thumb Code   258  commucateslave.o(i.ReceParse)
    RtcSetTime                               0x08004e95   Thumb Code   118  isl1208.o(i.RtcSetTime)
    SVC_Handler                              0x08005e41   Thumb Code     2  gd32f10x_it.o(i.SVC_Handler)
    SendDataEnable                           0x08006145   Thumb Code    16  wh_nb73.o(i.SendDataEnable)
    SendMainBoardInfoEnable                  0x08006195   Thumb Code    16  protocol.o(i.SendMainBoardInfoEnable)
    SignalCheck                              0x08006659   Thumb Code  1464  hw_exit.o(i.SignalCheck)
    SignalTimerDisable                       0x08006c45   Thumb Code    10  hw_timer.o(i.SignalTimerDisable)
    SignalTimerEnable                        0x08006c55   Thumb Code    10  hw_timer.o(i.SignalTimerEnable)
    SignalTimerInit                          0x08006c65   Thumb Code    72  hw_timer.o(i.SignalTimerInit)
    SpiInit                                  0x080072b9   Thumb Code   100  hw_spi.o(i.SpiInit)
    StoreConfStore                           0x08007325   Thumb Code    20  hw_fmc.o(i.StoreConfStore)
    StoreConfUpdate                          0x0800733d   Thumb Code    42  hw_fmc.o(i.StoreConfUpdate)
    StoreInfoAdd                             0x08007371   Thumb Code   370  hw_fmc.o(i.StoreInfoAdd)
    StoreInfoCheck                           0x080074ed   Thumb Code    90  hw_fmc.o(i.StoreInfoCheck)
    SysTick_Handler                          0x080075a5   Thumb Code     2  gd32f10x_it.o(i.SysTick_Handler)
    SystemInit                               0x080075a9   Thumb Code   116  system_gd32f10x.o(i.SystemInit)
    TIMER1_IRQHandler                        0x0800762d   Thumb Code   336  hw_timer.o(i.TIMER1_IRQHandler)
    TIMER2_IRQHandler                        0x080077a5   Thumb Code    34  hw_timer.o(i.TIMER2_IRQHandler)
    TIMER3_IRQHandler                        0x080077d1   Thumb Code    40  hw_timer.o(i.TIMER3_IRQHandler)
    Timer_1ms_Init                           0x08007805   Thumb Code    86  hw_timer.o(i.Timer_1ms_Init)
    USART0_IRQHandler                        0x0800785d   Thumb Code    38  hw_uart.o(i.USART0_IRQHandler)
    USART1_IRQHandler                        0x0800788d   Thumb Code    62  hw_uart.o(i.USART1_IRQHandler)
    USART2_IRQHandler                        0x080078dd   Thumb Code    38  hw_uart.o(i.USART2_IRQHandler)
    UTC_to_Unix                              0x0800790d   Thumb Code    60  isl1208.o(i.UTC_to_Unix)
    UartHostReinit                           0x08007a69   Thumb Code    34  hw_uart.o(i.UartHostReinit)
    UartInit                                 0x08007a91   Thumb Code    16  hw_uart.o(i.UartInit)
    Unix_to_UTC                              0x08007b2d   Thumb Code    96  isl1208.o(i.Unix_to_UTC)
    UsageFault_Handler                       0x08007bb9   Thumb Code     4  gd32f10x_it.o(i.UsageFault_Handler)
    WriteDataToFlash                         0x08007cb1   Thumb Code   150  mt29f2g01abagdwb.o(i.WriteDataToFlash)
    WriteFlashTask                           0x08007d6d   Thumb Code   944  hw_adc.o(i.WriteFlashTask)
    WriteStoreConf                           0x08008159   Thumb Code    82  hw_fmc.o(i.WriteStoreConf)
    WriteStoreInfo                           0x080081b5   Thumb Code    82  hw_fmc.o(i.WriteStoreInfo)
    __0printf                                0x08008211   Thumb Code    22  printfa.o(i.__0printf)
    __1printf                                0x08008211   Thumb Code     0  printfa.o(i.__0printf)
    __2printf                                0x08008211   Thumb Code     0  printfa.o(i.__0printf)
    __c89printf                              0x08008211   Thumb Code     0  printfa.o(i.__0printf)
    printf                                   0x08008211   Thumb Code     0  printfa.o(i.__0printf)
    __scatterload_copy                       0x08008231   Thumb Code    14  handlers.o(i.__scatterload_copy)
    __scatterload_null                       0x0800823f   Thumb Code     2  handlers.o(i.__scatterload_null)
    __scatterload_zeroinit                   0x08008241   Thumb Code    14  handlers.o(i.__scatterload_zeroinit)
    adc_calibration_enable                   0x08008b03   Thumb Code    42  gd32f10x_adc.o(i.adc_calibration_enable)
    adc_channel_length_config                0x08008b2d   Thumb Code    70  gd32f10x_adc.o(i.adc_channel_length_config)
    adc_data_alignment_config                0x08008b73   Thumb Code    22  gd32f10x_adc.o(i.adc_data_alignment_config)
    adc_deinit                               0x08008b89   Thumb Code    84  gd32f10x_adc.o(i.adc_deinit)
    adc_dma_mode_enable                      0x08008be1   Thumb Code    10  gd32f10x_adc.o(i.adc_dma_mode_enable)
    adc_enable                               0x08008beb   Thumb Code    18  gd32f10x_adc.o(i.adc_enable)
    adc_external_trigger_config              0x08008bfd   Thumb Code    62  gd32f10x_adc.o(i.adc_external_trigger_config)
    adc_external_trigger_source_config       0x08008c3b   Thumb Code    48  gd32f10x_adc.o(i.adc_external_trigger_source_config)
    adc_mode_config                          0x08008c6d   Thumb Code    22  gd32f10x_adc.o(i.adc_mode_config)
    adc_regular_channel_config               0x08008c89   Thumb Code   172  gd32f10x_adc.o(i.adc_regular_channel_config)
    adc_software_trigger_enable              0x08008d35   Thumb Code    30  gd32f10x_adc.o(i.adc_software_trigger_enable)
    adc_special_function_config              0x08008d53   Thumb Code    90  gd32f10x_adc.o(i.adc_special_function_config)
    delay_1ms                                0x08008dad   Thumb Code    90  systick.o(i.delay_1ms)
    delay_1us                                0x08008e0d   Thumb Code    90  systick.o(i.delay_1us)
    dma_channel_enable                       0x08008e6d   Thumb Code    50  gd32f10x_dma.o(i.dma_channel_enable)
    dma_circulation_enable                   0x08008e9f   Thumb Code    50  gd32f10x_dma.o(i.dma_circulation_enable)
    dma_deinit                               0x08008f45   Thumb Code   112  gd32f10x_dma.o(i.dma_deinit)
    dma_init                                 0x08008fb5   Thumb Code   302  gd32f10x_dma.o(i.dma_init)
    dma_interrupt_enable                     0x080090e3   Thumb Code    50  gd32f10x_dma.o(i.dma_interrupt_enable)
    dma_interrupt_flag_clear                 0x08009115   Thumb Code    16  gd32f10x_dma.o(i.dma_interrupt_flag_clear)
    dma_interrupt_flag_get                   0x08009125   Thumb Code   130  gd32f10x_dma.o(i.dma_interrupt_flag_get)
    exti_init                                0x080091c1   Thumb Code   184  gd32f10x_exti.o(i.exti_init)
    exti_interrupt_flag_clear                0x0800927d   Thumb Code     6  gd32f10x_exti.o(i.exti_interrupt_flag_clear)
    exti_interrupt_flag_get                  0x08009289   Thumb Code    18  gd32f10x_exti.o(i.exti_interrupt_flag_get)
    fmc_bank0_ready_wait                     0x080092a1   Thumb Code    34  gd32f10x_fmc.o(i.fmc_bank0_ready_wait)
    fmc_bank0_state_get                      0x080092c5   Thumb Code    44  gd32f10x_fmc.o(i.fmc_bank0_state_get)
    fmc_bank1_ready_wait                     0x080092f5   Thumb Code    34  gd32f10x_fmc.o(i.fmc_bank1_ready_wait)
    fmc_bank1_state_get                      0x08009319   Thumb Code    44  gd32f10x_fmc.o(i.fmc_bank1_state_get)
    fmc_flag_clear                           0x08009349   Thumb Code    28  gd32f10x_fmc.o(i.fmc_flag_clear)
    fmc_lock                                 0x08009369   Thumb Code    34  gd32f10x_fmc.o(i.fmc_lock)
    fmc_page_erase                           0x08009395   Thumb Code   222  gd32f10x_fmc.o(i.fmc_page_erase)
    fmc_unlock                               0x08009481   Thumb Code    52  gd32f10x_fmc.o(i.fmc_unlock)
    fmc_word_program                         0x080094c5   Thumb Code   178  gd32f10x_fmc.o(i.fmc_word_program)
    fputc                                    0x08009585   Thumb Code    32  hw_uart.o(i.fputc)
    gpio_bit_reset                           0x080095a9   Thumb Code     4  gd32f10x_gpio.o(i.gpio_bit_reset)
    gpio_bit_set                             0x080095ad   Thumb Code     4  gd32f10x_gpio.o(i.gpio_bit_set)
    gpio_exti_source_select                  0x080095b1   Thumb Code   146  gd32f10x_gpio.o(i.gpio_exti_source_select)
    gpio_init                                0x08009649   Thumb Code   172  gd32f10x_gpio.o(i.gpio_init)
    gpio_input_bit_get                       0x080096f5   Thumb Code    16  gd32f10x_gpio.o(i.gpio_input_bit_get)
    gpio_pin_remap_config                    0x08009705   Thumb Code   138  gd32f10x_gpio.o(i.gpio_pin_remap_config)
    i2c_ack_config                           0x08009795   Thumb Code    24  gd32f10x_i2c.o(i.i2c_ack_config)
    i2c_clock_config                         0x080097ad   Thumb Code   216  gd32f10x_i2c.o(i.i2c_clock_config)
    i2c_data_receive                         0x08009891   Thumb Code     8  gd32f10x_i2c.o(i.i2c_data_receive)
    i2c_data_transmit                        0x08009899   Thumb Code     6  gd32f10x_i2c.o(i.i2c_data_transmit)
    i2c_enable                               0x0800989f   Thumb Code    10  gd32f10x_i2c.o(i.i2c_enable)
    i2c_flag_clear                           0x080098a9   Thumb Code    40  gd32f10x_i2c.o(i.i2c_flag_clear)
    i2c_flag_get                             0x080098d1   Thumb Code    30  gd32f10x_i2c.o(i.i2c_flag_get)
    i2c_master_addressing                    0x080098ef   Thumb Code    20  gd32f10x_i2c.o(i.i2c_master_addressing)
    i2c_mode_addr_config                     0x08009903   Thumb Code    28  gd32f10x_i2c.o(i.i2c_mode_addr_config)
    i2c_start_on_bus                         0x0800991f   Thumb Code    10  gd32f10x_i2c.o(i.i2c_start_on_bus)
    i2c_stop_on_bus                          0x08009929   Thumb Code    10  gd32f10x_i2c.o(i.i2c_stop_on_bus)
    main                                     0x08009935   Thumb Code   134  main.o(i.main)
    modbusAct                                0x080099c1   Thumb Code  2462  modbus.o(i.modbusAct)
    modbusParse                              0x0800a371   Thumb Code   324  modbus.o(i.modbusParse)
    modbusValInit                            0x0800a4c9   Thumb Code    66  modbus.o(i.modbusValInit)
    nvic_config                              0x0800a51d   Thumb Code    52  hw_timer.o(i.nvic_config)
    nvic_irq_disable                         0x0800a551   Thumb Code    18  gd32f10x_misc.o(i.nvic_irq_disable)
    nvic_irq_enable                          0x0800a569   Thumb Code   162  gd32f10x_misc.o(i.nvic_irq_enable)
    nvic_priority_group_set                  0x0800a615   Thumb Code    10  gd32f10x_misc.o(i.nvic_priority_group_set)
    nvic_vector_table_set                    0x0800a629   Thumb Code    12  gd32f10x_misc.o(i.nvic_vector_table_set)
    rcu_adc_clock_config                     0x0800a63d   Thumb Code    64  gd32f10x_rcu.o(i.rcu_adc_clock_config)
    rcu_clock_freq_get                       0x0800a685   Thumb Code   264  gd32f10x_rcu.o(i.rcu_clock_freq_get)
    rcu_periph_clock_enable                  0x0800a7a9   Thumb Code    28  gd32f10x_rcu.o(i.rcu_periph_clock_enable)
    rcu_periph_reset_disable                 0x0800a7c9   Thumb Code    28  gd32f10x_rcu.o(i.rcu_periph_reset_disable)
    rcu_periph_reset_enable                  0x0800a7e9   Thumb Code    28  gd32f10x_rcu.o(i.rcu_periph_reset_enable)
    spi_enable                               0x0800a809   Thumb Code    10  gd32f10x_spi.o(i.spi_enable)
    spi_flash_read_byte                      0x0800a813   Thumb Code    10  hw_spi.o(i.spi_flash_read_byte)
    spi_flash_send_byte                      0x0800a81d   Thumb Code    50  hw_spi.o(i.spi_flash_send_byte)
    spi_i2s_data_receive                     0x0800a855   Thumb Code     8  gd32f10x_spi.o(i.spi_i2s_data_receive)
    spi_i2s_data_transmit                    0x0800a85d   Thumb Code     4  gd32f10x_spi.o(i.spi_i2s_data_transmit)
    spi_i2s_deinit                           0x0800a861   Thumb Code    82  gd32f10x_spi.o(i.spi_i2s_deinit)
    spi_i2s_flag_get                         0x0800a8b9   Thumb Code    16  gd32f10x_spi.o(i.spi_i2s_flag_get)
    spi_init                                 0x0800a8c9   Thumb Code    50  gd32f10x_spi.o(i.spi_init)
    systick_clksource_set                    0x0800a9c9   Thumb Code    40  gd32f10x_misc.o(i.systick_clksource_set)
    systick_config                           0x0800a9f1   Thumb Code    46  systick.o(i.systick_config)
    timer_deinit                             0x0800aa35   Thumb Code   210  gd32f10x_timer.o(i.timer_deinit)
    timer_disable                            0x0800ab11   Thumb Code    10  gd32f10x_timer.o(i.timer_disable)
    timer_enable                             0x0800ab1b   Thumb Code    10  gd32f10x_timer.o(i.timer_enable)
    timer_init                               0x0800ab25   Thumb Code   170  gd32f10x_timer.o(i.timer_init)
    timer_interrupt_enable                   0x0800ac05   Thumb Code     8  gd32f10x_timer.o(i.timer_interrupt_enable)
    timer_interrupt_flag_clear               0x0800ac0d   Thumb Code     6  gd32f10x_timer.o(i.timer_interrupt_flag_clear)
    timer_interrupt_flag_get                 0x0800ac13   Thumb Code    24  gd32f10x_timer.o(i.timer_interrupt_flag_get)
    usart_baudrate_set                       0x0800ac2d   Thumb Code   136  gd32f10x_usart.o(i.usart_baudrate_set)
    usart_data_receive                       0x0800acbd   Thumb Code    10  gd32f10x_usart.o(i.usart_data_receive)
    usart_data_transmit                      0x0800acc7   Thumb Code     8  gd32f10x_usart.o(i.usart_data_transmit)
    usart_deinit                             0x0800acd1   Thumb Code   136  gd32f10x_usart.o(i.usart_deinit)
    usart_disable                            0x0800ad61   Thumb Code    10  gd32f10x_usart.o(i.usart_disable)
    usart_enable                             0x0800ad6b   Thumb Code    10  gd32f10x_usart.o(i.usart_enable)
    usart_flag_get                           0x0800ad75   Thumb Code    30  gd32f10x_usart.o(i.usart_flag_get)
    usart_hardware_flow_cts_config           0x0800ad93   Thumb Code    16  gd32f10x_usart.o(i.usart_hardware_flow_cts_config)
    usart_hardware_flow_rts_config           0x0800ada3   Thumb Code    16  gd32f10x_usart.o(i.usart_hardware_flow_rts_config)
    usart_interrupt_disable                  0x0800adb3   Thumb Code    26  gd32f10x_usart.o(i.usart_interrupt_disable)
    usart_interrupt_enable                   0x0800adcd   Thumb Code    26  gd32f10x_usart.o(i.usart_interrupt_enable)
    usart_interrupt_flag_clear               0x0800ade7   Thumb Code    26  gd32f10x_usart.o(i.usart_interrupt_flag_clear)
    usart_interrupt_flag_get                 0x0800ae01   Thumb Code    56  gd32f10x_usart.o(i.usart_interrupt_flag_get)
    usart_parity_config                      0x0800ae39   Thumb Code    16  gd32f10x_usart.o(i.usart_parity_config)
    usart_receive_config                     0x0800ae49   Thumb Code    16  gd32f10x_usart.o(i.usart_receive_config)
    usart_stop_bit_set                       0x0800ae59   Thumb Code    16  gd32f10x_usart.o(i.usart_stop_bit_set)
    usart_transmit_config                    0x0800ae69   Thumb Code    16  gd32f10x_usart.o(i.usart_transmit_config)
    usart_word_length_set                    0x0800ae79   Thumb Code    16  gd32f10x_usart.o(i.usart_word_length_set)
    Region$$Table$$Base                      0x0800af34   Number         0  anon$$obj.o(Region$$Table)
    Region$$Table$$Limit                     0x0800af54   Number         0  anon$$obj.o(Region$$Table)
    SystemCoreClock                          0x20000000   Data           4  system_gd32f10x.o(.data)
    systemFlag                               0x2000000c   Data           4  init.o(.data)
    Version                                  0x20000010   Data           7  init.o(.data)
    table                                    0x2000001c   Data         296  modbus.o(.data)
    Wtable                                   0x20000144   Data         112  modbus.o(.data)
    WtempHumiTable                           0x200001b4   Data          56  modbus.o(.data)
    PakTimer                                 0x200003f6   Data           4  commucateslave.o(.data)
    ProFunctionFlag                          0x20000404   Data           4  protocol.o(.data)
    funTable                                 0x20000408   Data          40  protocol.o(.data)
    TempVal                                  0x20000444   Data           4  ds18b20.o(.data)
    ComunHead                                0x20000c57   Data           1  hw_uart.o(.data)
    ComunTail                                0x20000c58   Data           1  hw_uart.o(.data)
    CommunCount                              0x20000c59   Data           1  hw_uart.o(.data)
    AdcSampVal                               0x20000c7c   Data           4  hw_adc.o(.data)
    RunAdcIndex1                             0x20000c80   Data           2  hw_adc.o(.data)
    RunAdcIndex2                             0x20000c82   Data           2  hw_adc.o(.data)
    RunAdcIndex3                             0x20000c84   Data           2  hw_adc.o(.data)
    bufInUseNum                              0x20000c86   Data           1  hw_adc.o(.data)
    AdcValIndex                              0x20000c88   Data           2  hw_adc.o(.data)
    WriteIndex                               0x20000c8a   Data           1  hw_adc.o(.data)
    adcStart                                 0x20000c8b   Data           1  hw_adc.o(.data)
    __stdout                                 0x20000c9c   Data           4  stdout.o(.data)
    SigInfo                                  0x20000ca0   Data          12  init.o(.bss)
    StoreInfo                                0x20000cac   Data         596  init.o(.bss)
    BackUpInfo                               0x20000f00   Data          76  init.o(.bss)
    modbus                                   0x20000f4c   Data         258  modbus.o(.bss)
    TempHumiData                             0x20001050   Data         464  modbus.o(.bss)
    PrtocolStr                               0x20001320   Data         156  commucateslave.o(.bss)
    ProStr                                   0x200013bc   Data         205  protocol.o(.bss)
    TimeStr                                  0x20001554   Data          12  isl1208.o(.bss)
    NbInfo                                   0x20001560   Data         136  wh_nb73.o(.bss)
    StoreConf                                0x200015e8   Data          40  wh_nb73.o(.bss)
    CommunBuff                               0x20001d6c   Data         255  hw_uart.o(.bss)
    AdcSampVal1                              0x20001e6c   Data         512  hw_adc.o(.bss)
    AdcSampVal2                              0x2000206c   Data         512  hw_adc.o(.bss)
    RunAdcSampVal1                           0x2000226c   Data        1024  hw_adc.o(.bss)
    RunAdcSampVal2                           0x2000266c   Data        1024  hw_adc.o(.bss)
    RunAdcSampVal3                           0x20002a6c   Data        1024  hw_adc.o(.bss)
    __initial_sp                             0x20004e98   Data           0  startup_gd32f10x_md.o(STACK)



==============================================================================

Memory Map of the image

  Image Entry point : 0x08000105

  Load Region LR_IROM1 (Base: 0x08000000, Size: 0x0000bbf4, Max: 0x00010000, ABSOLUTE, COMPRESSED[0x0000b730])

    Execution Region ER_IROM1 (Exec base: 0x08000000, Load base: 0x08000000, Size: 0x0000af54, Max: 0x00010000, ABSOLUTE)

    Exec Addr    Load Addr    Size         Type   Attr      Idx    E Section Name        Object

    0x08000000   0x08000000   0x00000104   Data   RO          139    RESET               startup_gd32f10x_md.o
    0x08000104   0x08000104   0x00000000   Code   RO         5871  * .ARM.Collect$$$$00000000  mc_w.l(entry.o)
    0x08000104   0x08000104   0x00000004   Code   RO         6185    .ARM.Collect$$$$00000001  mc_w.l(entry2.o)
    0x08000108   0x08000108   0x00000004   Code   RO         6188    .ARM.Collect$$$$00000004  mc_w.l(entry5.o)
    0x0800010c   0x0800010c   0x00000000   Code   RO         6190    .ARM.Collect$$$$00000008  mc_w.l(entry7b.o)
    0x0800010c   0x0800010c   0x00000000   Code   RO         6192    .ARM.Collect$$$$0000000A  mc_w.l(entry8b.o)
    0x0800010c   0x0800010c   0x00000008   Code   RO         6193    .ARM.Collect$$$$0000000B  mc_w.l(entry9a.o)
    0x08000114   0x08000114   0x00000000   Code   RO         6195    .ARM.Collect$$$$0000000D  mc_w.l(entry10a.o)
    0x08000114   0x08000114   0x00000000   Code   RO         6197    .ARM.Collect$$$$0000000F  mc_w.l(entry11a.o)
    0x08000114   0x08000114   0x00000004   Code   RO         6186    .ARM.Collect$$$$00002712  mc_w.l(entry2.o)
    0x08000118   0x08000118   0x00000024   Code   RO          140    .text               startup_gd32f10x_md.o
    0x0800013c   0x0800013c   0x00000024   Code   RO         5874    .text               mc_w.l(rand.o)
    0x08000160   0x08000160   0x000000a8   Code   RO         5881    .text               mc_w.l(mktime.o)
    0x08000208   0x08000208   0x00000040   Code   RO         5886    .text               mc_w.l(memmovea.o)
    0x08000248   0x08000248   0x00000024   Code   RO         5888    .text               mc_w.l(memseta.o)
    0x0800026c   0x0800026c   0x00000024   Code   RO         5890    .text               mc_w.l(strstr.o)
    0x08000290   0x08000290   0x0000000e   Code   RO         5892    .text               mc_w.l(strlen.o)
    0x0800029e   0x0800029e   0x0000001a   Code   RO         5894    .text               mc_w.l(memcmp.o)
    0x080002b8   0x080002b8   0x000000b0   Code   RO         6161    .text               mf_w.l(fadd.o)
    0x08000368   0x08000368   0x00000064   Code   RO         6163    .text               mf_w.l(fmul.o)
    0x080003cc   0x080003cc   0x0000007c   Code   RO         6165    .text               mf_w.l(fdiv.o)
    0x08000448   0x08000448   0x0000014e   Code   RO         6167    .text               mf_w.l(dadd.o)
    0x08000596   0x08000596   0x000000e4   Code   RO         6169    .text               mf_w.l(dmul.o)
    0x0800067a   0x0800067a   0x000000de   Code   RO         6171    .text               mf_w.l(ddiv.o)
    0x08000758   0x08000758   0x00000012   Code   RO         6173    .text               mf_w.l(fflti.o)
    0x0800076a   0x0800076a   0x0000000a   Code   RO         6175    .text               mf_w.l(ffltui.o)
    0x08000774   0x08000774   0x00000028   Code   RO         6177    .text               mf_w.l(ffixui.o)
    0x0800079c   0x0800079c   0x00000026   Code   RO         6179    .text               mf_w.l(f2d.o)
    0x080007c2   0x080007c2   0x00000002   PAD
    0x080007c4   0x080007c4   0x00000030   Code   RO         6181    .text               mf_w.l(cdrcmple.o)
    0x080007f4   0x080007f4   0x00000038   Code   RO         6183    .text               mf_w.l(d2f.o)
    0x0800082c   0x0800082c   0x0000002c   Code   RO         6200    .text               mc_w.l(uidiv.o)
    0x08000858   0x08000858   0x00000062   Code   RO         6202    .text               mc_w.l(uldiv.o)
    0x080008ba   0x080008ba   0x0000001e   Code   RO         6204    .text               mc_w.l(llshl.o)
    0x080008d8   0x080008d8   0x00000024   Code   RO         6206    .text               mc_w.l(llsshr.o)
    0x080008fc   0x080008fc   0x0000000c   Code   RO         6208    .text               mc_w.l(localtime_w.o)
    0x08000908   0x08000908   0x0000008c   Code   RO         6211    .text               mc_w.l(localtime_i.o)
    0x08000994   0x08000994   0x00000000   Code   RO         6214    .text               mc_w.l(iusefp.o)
    0x08000994   0x08000994   0x0000006e   Code   RO         6215    .text               mf_w.l(fepilogue.o)
    0x08000a02   0x08000a02   0x000000ba   Code   RO         6217    .text               mf_w.l(depilogue.o)
    0x08000abc   0x08000abc   0x00000030   Code   RO         6219    .text               mf_w.l(dfixul.o)
    0x08000aec   0x08000aec   0x00000024   Code   RO         6221    .text               mc_w.l(init.o)
    0x08000b10   0x08000b10   0x00000020   Code   RO         6223    .text               mc_w.l(llushr.o)
    0x08000b30   0x08000b30   0x00000056   Code   RO         6233    .text               mc_w.l(__dczerorl2.o)
    0x08000b86   0x08000b86   0x00000002   PAD
    0x08000b88   0x08000b88   0x000000bc   Code   RO         5820    i.AdcInit           hw_adc.o
    0x08000c44   0x08000c44   0x00000054   Code   RO         5417    i.AdcTimerInit      hw_timer.o
    0x08000c98   0x08000c98   0x000000a8   Code   RO         4856    i.AsynCheck         wh_nb73.o
    0x08000d40   0x08000d40   0x000000a8   Code   RO         3893    i.BackUpAdd         init.o
    0x08000de8   0x08000de8   0x00000048   Code   RO         3894    i.BackUpClearOne    init.o
    0x08000e30   0x08000e30   0x00000014   Code   RO         4777    i.BcdToByte         isl1208.o
    0x08000e44   0x08000e44   0x00000090   Code   RO         4419    i.BuildSendProPak   protocol.o
    0x08000ed4   0x08000ed4   0x00000004   Code   RO         3676    i.BusFault_Handler  gd32f10x_it.o
    0x08000ed8   0x08000ed8   0x00000042   Code   RO         4857    i.Byte2HexString    wh_nb73.o
    0x08000f1a   0x08000f1a   0x00000018   Code   RO         4778    i.ByteToBcd         isl1208.o
    0x08000f32   0x08000f32   0x00000002   PAD
    0x08000f34   0x08000f34   0x00000034   Code   RO         4858    i.CCID_TO_BCD       wh_nb73.o
    0x08000f68   0x08000f68   0x0000001c   Code   RO         5693    i.CheckCRC          hw_fmc.o
    0x08000f84   0x08000f84   0x00000018   Code   RO         3816    i.CheckLedNormal    main.o
    0x08000f9c   0x08000f9c   0x00000048   Code   RO         4859    i.CheckNet          wh_nb73.o
    0x08000fe4   0x08000fe4   0x00000084   Code   RO         3950    i.CheckTemMax       modbus.o
    0x08001068   0x08001068   0x00000084   Code   RO         3951    i.CheckTemMin       modbus.o
    0x080010ec   0x080010ec   0x000000b8   Code   RO         5349    i.Cj2301CheckConnect  cj2301.o
    0x080011a4   0x080011a4   0x00000024   Code   RO         5350    i.Cj2301_EndRead    cj2301.o
    0x080011c8   0x080011c8   0x000000c0   Code   RO         5351    i.Cj2301_Init       cj2301.o
    0x08001288   0x08001288   0x0000002c   Code   RO         5352    i.Cj2301_Read       cj2301.o
    0x080012b4   0x080012b4   0x000000e0   Code   RO         5353    i.Cj2301_ReadTempHumi  cj2301.o
    0x08001394   0x08001394   0x000000a0   Code   RO         5354    i.Cj2301_StartReadTempHumi  cj2301.o
    0x08001434   0x08001434   0x00000010   Code   RO         4420    i.ClearData         protocol.o
    0x08001444   0x08001444   0x0000001c   Code   RO         4860    i.ClearRevBuf       wh_nb73.o
    0x08001460   0x08001460   0x00000054   Code   RO         5487    i.CommunAdd         hw_uart.o
    0x080014b4   0x080014b4   0x00000014   Code   RO         5488    i.CommunCheck       hw_uart.o
    0x080014c8   0x080014c8   0x0000005c   Code   RO         5489    i.CommunGetData     hw_uart.o
    0x08001524   0x08001524   0x00000030   Code   RO         5490    i.CommunUartSendBuf  hw_uart.o
    0x08001554   0x08001554   0x00000030   Code   RO         4861    i.ConfResCheck      wh_nb73.o
    0x08001584   0x08001584   0x00000050   Code   RO         4862    i.ConnectServer     wh_nb73.o
    0x080015d4   0x080015d4   0x00000040   Code   RO         4863    i.CreateSocket      wh_nb73.o
    0x08001614   0x08001614   0x00000018   Code   RO         4864    i.CreateSocketDisable  wh_nb73.o
    0x0800162c   0x0800162c   0x00000014   Code   RO         4865    i.CreateSocketEnable  wh_nb73.o
    0x08001640   0x08001640   0x00000024   Code   RO         4866    i.CreateSocketFunc  wh_nb73.o
    0x08001664   0x08001664   0x000001b8   Code   RO         5822    i.DMA0_Channel0_IRQHandler  hw_adc.o
    0x0800181c   0x0800181c   0x00000314   Code   RO         4685    i.DS18B20GetIntTemp  ds18b20.o
    0x08001b30   0x08001b30   0x000000e0   Code   RO         4686    i.DS18B20_Check     ds18b20.o
    0x08001c10   0x08001c10   0x000000d0   Code   RO         4687    i.DS18B20_Init      ds18b20.o
    0x08001ce0   0x08001ce0   0x0000006c   Code   RO         4688    i.DS18B20_Read_Bit  ds18b20.o
    0x08001d4c   0x08001d4c   0x00000022   Code   RO         4689    i.DS18B20_Read_Byte  ds18b20.o
    0x08001d6e   0x08001d6e   0x00000002   PAD
    0x08001d70   0x08001d70   0x0000007c   Code   RO         4690    i.DS18B20_Rst       ds18b20.o
    0x08001dec   0x08001dec   0x0000002e   Code   RO         4691    i.DS18B20_Start     ds18b20.o
    0x08001e1a   0x08001e1a   0x00000002   PAD
    0x08001e1c   0x08001e1c   0x00000070   Code   RO         4692    i.DS18B20_Write_Byte  ds18b20.o
    0x08001e8c   0x08001e8c   0x00000002   Code   RO         3677    i.DebugMon_Handler  gd32f10x_it.o
    0x08001e8e   0x08001e8e   0x00000002   PAD
    0x08001e90   0x08001e90   0x00000170   Code   RO         5628    i.EXTI10_15_IRQHandler  hw_exit.o
    0x08002000   0x08002000   0x0000004c   Code   RO         5285    i.EarseBlock        mt29f2g01abagdwb.o
    0x0800204c   0x0800204c   0x00000020   Code   RO         4347    i.EnterBypass       commucateslave.o
    0x0800206c   0x0800206c   0x00000048   Code   RO         4348    i.EnterUpgradeAction  commucateslave.o
    0x080020b4   0x080020b4   0x000000a8   Code   RO         3952    i.ExitBypassParse   modbus.o
    0x0800215c   0x0800215c   0x000000b4   Code   RO         5629    i.ExitInit          hw_exit.o
    0x08002210   0x08002210   0x00000078   Code   RO         4695    i.Ext_DS18B20_Write_Byte  ds18b20.o
    0x08002288   0x08002288   0x00000130   Code   RO         5694    i.FMC_StoreInfoInit  hw_fmc.o
    0x080023b8   0x080023b8   0x0000002c   Code   RO         4868    i.GetAttach         wh_nb73.o
    0x080023e4   0x080023e4   0x00000018   Code   RO         4869    i.GetAttachDisable  wh_nb73.o
    0x080023fc   0x080023fc   0x00000024   Code   RO         4870    i.GetAttachFunc     wh_nb73.o
    0x08002420   0x08002420   0x00000014   Code   RO         4871    i.GetAttchEnable    wh_nb73.o
    0x08002434   0x08002434   0x0000000c   Code   RO         3953    i.GetBaudRateH      modbus.o
    0x08002440   0x08002440   0x0000000c   Code   RO         3954    i.GetBaudRateL      modbus.o
    0x0800244c   0x0800244c   0x00000030   Code   RO         4872    i.GetCCID           wh_nb73.o
    0x0800247c   0x0800247c   0x00000018   Code   RO         4873    i.GetCCIDDisable    wh_nb73.o
    0x08002494   0x08002494   0x00000014   Code   RO         4874    i.GetCcidEnable     wh_nb73.o
    0x080024a8   0x080024a8   0x00000024   Code   RO         4875    i.GetCcidFunc       wh_nb73.o
    0x080024cc   0x080024cc   0x0000000c   Code   RO         3955    i.GetCh3_Set        modbus.o
    0x080024d8   0x080024d8   0x000000b4   Code   RO         5630    i.GetChannel3_Status  hw_exit.o
    0x0800258c   0x0800258c   0x00000028   Code   RO         3956    i.GetChannel4Alarm  modbus.o
    0x080025b4   0x080025b4   0x0000001e   Code   RO         4876    i.GetCheckSum       wh_nb73.o
    0x080025d2   0x080025d2   0x00000002   PAD
    0x080025d4   0x080025d4   0x00000010   Code   RO         3957    i.GetCloseAbnormal  modbus.o
    0x080025e4   0x080025e4   0x00000010   Code   RO         3958    i.GetCloseAlarm     modbus.o
    0x080025f4   0x080025f4   0x0000003c   Code   RO         3959    i.GetCloseFlag      modbus.o
    0x08002630   0x08002630   0x00000040   Code   RO         3960    i.GetCloseTime      modbus.o
    0x08002670   0x08002670   0x00000040   Code   RO         3961    i.GetCloseUnixH     modbus.o
    0x080026b0   0x080026b0   0x0000006c   Code   RO         3962    i.GetCloseUnixL     modbus.o
    0x0800271c   0x0800271c   0x00000014   Code   RO         3963    i.GetDeviceStatus   modbus.o
    0x08002730   0x08002730   0x000001a0   Code   RO         5631    i.GetExitPinVal     hw_exit.o
    0x080028d0   0x080028d0   0x00000018   Code   RO         3964    i.GetExterTem       modbus.o
    0x080028e8   0x080028e8   0x00000014   Code   RO         3965    i.GetHumi           modbus.o
    0x080028fc   0x080028fc   0x0000000c   Code   RO         3966    i.GetHumiAbnormal   modbus.o
    0x08002908   0x08002908   0x00000018   Code   RO         4421    i.GetHumiIdDisable  protocol.o
    0x08002920   0x08002920   0x00000014   Code   RO         4422    i.GetHumiIdEnable   protocol.o
    0x08002934   0x08002934   0x00000024   Code   RO         4423    i.GetHumiIdFun      protocol.o
    0x08002958   0x08002958   0x00000014   Code   RO         4424    i.GetHumiValEnable  protocol.o
    0x0800296c   0x0800296c   0x00000024   Code   RO         4425    i.GetHumiValFun     protocol.o
    0x08002990   0x08002990   0x00000018   Code   RO         4426    i.GetHumipValDisable  protocol.o
    0x080029a8   0x080029a8   0x00000004   Code   RO         3967    i.GetHwVer          modbus.o
    0x080029ac   0x080029ac   0x0000002c   Code   RO         4877    i.GetImei           wh_nb73.o
    0x080029d8   0x080029d8   0x00000018   Code   RO         4878    i.GetImeiDisable    wh_nb73.o
    0x080029f0   0x080029f0   0x00000014   Code   RO         4879    i.GetImeiEnable     wh_nb73.o
    0x08002a04   0x08002a04   0x00000024   Code   RO         4880    i.GetImeiFunc       wh_nb73.o
    0x08002a28   0x08002a28   0x0000000c   Code   RO         3968    i.GetInterTem       modbus.o
    0x08002a34   0x08002a34   0x00000030   Code   RO         4881    i.GetIp             wh_nb73.o
    0x08002a64   0x08002a64   0x00000018   Code   RO         4882    i.GetIpDisable      wh_nb73.o
    0x08002a7c   0x08002a7c   0x00000014   Code   RO         4883    i.GetIpEnable       wh_nb73.o
    0x08002a90   0x08002a90   0x00000024   Code   RO         4884    i.GetIpFunc         wh_nb73.o
    0x08002ab4   0x08002ab4   0x00000010   Code   RO         3969    i.GetOpenAbnormal   modbus.o
    0x08002ac4   0x08002ac4   0x00000010   Code   RO         3970    i.GetOpenAlarm      modbus.o
    0x08002ad4   0x08002ad4   0x0000003c   Code   RO         3971    i.GetOpenCloseFlag  modbus.o
    0x08002b10   0x08002b10   0x00000040   Code   RO         3972    i.GetOpenCloseTime  modbus.o
    0x08002b50   0x08002b50   0x00000040   Code   RO         3973    i.GetOpenCloseUnixH  modbus.o
    0x08002b90   0x08002b90   0x0000006c   Code   RO         3974    i.GetOpenCloseUnixL  modbus.o
    0x08002bfc   0x08002bfc   0x00000030   Code   RO         4885    i.GetPCI            wh_nb73.o
    0x08002c2c   0x08002c2c   0x0000003c   Code   RO         4427    i.GetParseProtocolStatus  protocol.o
    0x08002c68   0x08002c68   0x00000018   Code   RO         4886    i.GetPciDisable     wh_nb73.o
    0x08002c80   0x08002c80   0x00000014   Code   RO         4887    i.GetPciEnable      wh_nb73.o
    0x08002c94   0x08002c94   0x00000024   Code   RO         4888    i.GetPciFunc        wh_nb73.o
    0x08002cb8   0x08002cb8   0x0000002c   Code   RO         4889    i.GetRSSI           wh_nb73.o
    0x08002ce4   0x08002ce4   0x0000000c   Code   RO         3975    i.GetRTC_TimeH      modbus.o
    0x08002cf0   0x08002cf0   0x00000010   Code   RO         3976    i.GetRTC_TimeL      modbus.o
    0x08002d00   0x08002d00   0x00000018   Code   RO         4890    i.GetRssiDisable    wh_nb73.o
    0x08002d18   0x08002d18   0x00000014   Code   RO         4891    i.GetRssiEnable     wh_nb73.o
    0x08002d2c   0x08002d2c   0x00000024   Code   RO         4892    i.GetRssiFunc       wh_nb73.o
    0x08002d50   0x08002d50   0x000000e4   Code   RO         4779    i.GetRtcTime        isl1208.o
    0x08002e34   0x08002e34   0x0000000c   Code   RO         3977    i.GetSlaveId        modbus.o
    0x08002e40   0x08002e40   0x0000000c   Code   RO         3978    i.GetTemAbnormal    modbus.o
    0x08002e4c   0x08002e4c   0x0000000c   Code   RO         3979    i.GetTemDiffAlarm   modbus.o
    0x08002e58   0x08002e58   0x0000000c   Code   RO         3980    i.GetTemSimpleInterval  modbus.o
    0x08002e64   0x08002e64   0x00000018   Code   RO         4428    i.GetTempIdDisable  protocol.o
    0x08002e7c   0x08002e7c   0x00000014   Code   RO         4429    i.GetTempIdEnable   protocol.o
    0x08002e90   0x08002e90   0x00000024   Code   RO         4430    i.GetTempIdFun      protocol.o
    0x08002eb4   0x08002eb4   0x00000018   Code   RO         4431    i.GetTempValDisable  protocol.o
    0x08002ecc   0x08002ecc   0x00000014   Code   RO         4432    i.GetTempValEnable  protocol.o
    0x08002ee0   0x08002ee0   0x00000024   Code   RO         4433    i.GetTempValFun     protocol.o
    0x08002f04   0x08002f04   0x00000014   Code   RO         3981    i.GetUniqueID_HLLL  modbus.o
    0x08002f18   0x08002f18   0x00000014   Code   RO         3982    i.GetUniqueID_LHLL  modbus.o
    0x08002f2c   0x08002f2c   0x00000014   Code   RO         3983    i.GetUniqueID_LLHL  modbus.o
    0x08002f40   0x08002f40   0x00000014   Code   RO         3984    i.GetUniqueID_LLLH  modbus.o
    0x08002f54   0x08002f54   0x00000048   Code   RO         3985    i.GetWaterTemp      modbus.o
    0x08002f9c   0x08002f9c   0x000000d0   Code   RO         5355    i.GetWaterTemp      cj2301.o
    0x0800306c   0x0800306c   0x00000044   Code   RO         3986    i.GetWaterTempDiff  modbus.o
    0x080030b0   0x080030b0   0x00000018   Code   RO         4434    i.GetWlStatusDisable  protocol.o
    0x080030c8   0x080030c8   0x00000014   Code   RO         4435    i.GetWlStatusEnable  protocol.o
    0x080030dc   0x080030dc   0x00000024   Code   RO         4436    i.GetWlStatusFun    protocol.o
    0x08003100   0x08003100   0x0000002a   Code   RO         3987    i.GetWl_Diff        modbus.o
    0x0800312a   0x0800312a   0x00000020   Code   RO         3988    i.GetWl_Max         modbus.o
    0x0800314a   0x0800314a   0x00000020   Code   RO         3989    i.GetWl_Min         modbus.o
    0x0800316a   0x0800316a   0x00000002   PAD
    0x0800316c   0x0800316c   0x000000d8   Code   RO         3895    i.GpioInit          init.o
    0x08003244   0x08003244   0x00000004   Code   RO         3678    i.HardFault_Handler  gd32f10x_it.o
    0x08003248   0x08003248   0x0000004c   Code   RO         5491    i.HostAdd           hw_uart.o
    0x08003294   0x08003294   0x00000014   Code   RO         5492    i.HostCheck         hw_uart.o
    0x080032a8   0x080032a8   0x00000054   Code   RO         5493    i.HostGetData       hw_uart.o
    0x080032fc   0x080032fc   0x0000003c   Code   RO         5494    i.HostUartSendBuf   hw_uart.o
    0x08003338   0x08003338   0x00000044   Code   RO         5673    i.I2C_Init          hw_i2c.o
    0x0800337c   0x0800337c   0x00000034   Code   RO         4893    i.IMEI_TO_BCD       wh_nb73.o
    0x080033b0   0x080033b0   0x00000080   Code   RO         4780    i.Isl1208GetTime    isl1208.o
    0x08003430   0x08003430   0x00000050   Code   RO         4781    i.Isl1208Init       isl1208.o
    0x08003480   0x08003480   0x000000e8   Code   RO         4782    i.Isl1208Read       isl1208.o
    0x08003568   0x08003568   0x0000009c   Code   RO         4783    i.Isl1208Write      isl1208.o
    0x08003604   0x08003604   0x00000110   Code   RO         3896    i.MCU_Init          init.o
    0x08003714   0x08003714   0x00000004   Code   RO         3679    i.MemManage_Handler  gd32f10x_it.o
    0x08003718   0x08003718   0x00000068   Code   RO         3990    i.ModbusProtocol    modbus.o
    0x08003780   0x08003780   0x00000010   Code   RO         3991    i.ModbusSend        modbus.o
    0x08003790   0x08003790   0x00000030   Code   RO         3992    i.ModbusTimerAct    modbus.o
    0x080037c0   0x080037c0   0x00000010   Code   RO         3993    i.ModbusTimerDisable  modbus.o
    0x080037d0   0x080037d0   0x00000010   Code   RO         3994    i.ModbusTimerEnable  modbus.o
    0x080037e0   0x080037e0   0x00000030   Code   RO         3995    i.Modbus_Crc_Compute  modbus.o
    0x08003810   0x08003810   0x0000003c   Code   RO         4894    i.NB_Control        wh_nb73.o
    0x0800384c   0x0800384c   0x00000002   Code   RO         3680    i.NMI_Handler       gd32f10x_it.o
    0x0800384e   0x0800384e   0x00000002   PAD
    0x08003850   0x08003850   0x00000064   Code   RO         5287    i.NandFlashInit     mt29f2g01abagdwb.o
    0x080038b4   0x080038b4   0x00000054   Code   RO         5495    i.NbAdd             hw_uart.o
    0x08003908   0x08003908   0x00000044   Code   RO         4895    i.NbApplication     wh_nb73.o
    0x0800394c   0x0800394c   0x00000014   Code   RO         5496    i.NbCheck           hw_uart.o
    0x08003960   0x08003960   0x0000005c   Code   RO         5497    i.NbGetData         hw_uart.o
    0x080039bc   0x080039bc   0x00000060   Code   RO         4896    i.NbParse           wh_nb73.o
    0x08003a1c   0x08003a1c   0x000000f0   Code   RO         4897    i.NbReset           wh_nb73.o
    0x08003b0c   0x08003b0c   0x00000018   Code   RO         4898    i.NbResetDisable    wh_nb73.o
    0x08003b24   0x08003b24   0x00000014   Code   RO         4899    i.NbResetEnable     wh_nb73.o
    0x08003b38   0x08003b38   0x00000024   Code   RO         4900    i.NbResetFunc       wh_nb73.o
    0x08003b5c   0x08003b5c   0x00000048   Code   RO         5498    i.NbUartSendBuf     hw_uart.o
    0x08003ba4   0x08003ba4   0x00000024   Code   RO         4349    i.PakAction         commucateslave.o
    0x08003bc8   0x08003bc8   0x00000038   Code   RO         4350    i.PakStuctInit      commucateslave.o
    0x08003c00   0x08003c00   0x00000010   Code   RO         4351    i.PakTimerStart     commucateslave.o
    0x08003c10   0x08003c10   0x00000010   Code   RO         4352    i.PakTimerStop      commucateslave.o
    0x08003c20   0x08003c20   0x00000078   Code   RO         4901    i.ParseConnectServer  wh_nb73.o
    0x08003c98   0x08003c98   0x000000a8   Code   RO         4902    i.ParseCreateSocket  wh_nb73.o
    0x08003d40   0x08003d40   0x000000b8   Code   RO         4903    i.ParseGetAttach    wh_nb73.o
    0x08003df8   0x08003df8   0x000000b8   Code   RO         4904    i.ParseGetCCID      wh_nb73.o
    0x08003eb0   0x08003eb0   0x000000c0   Code   RO         4905    i.ParseGetImei      wh_nb73.o
    0x08003f70   0x08003f70   0x00000078   Code   RO         4906    i.ParseGetIp        wh_nb73.o
    0x08003fe8   0x08003fe8   0x00000118   Code   RO         4907    i.ParseGetPCI       wh_nb73.o
    0x08004100   0x08004100   0x00000100   Code   RO         4908    i.ParseGetRSSI      wh_nb73.o
    0x08004200   0x08004200   0x00000174   Code   RO         4437    i.ParsePro          protocol.o
    0x08004374   0x08004374   0x000000d4   Code   RO         4909    i.ParseReadData     wh_nb73.o
    0x08004448   0x08004448   0x0000004c   Code   RO         4910    i.ParseSendData     wh_nb73.o
    0x08004494   0x08004494   0x00000002   Code   RO         3681    i.PendSV_Handler    gd32f10x_it.o
    0x08004496   0x08004496   0x00000002   PAD
    0x08004498   0x08004498   0x000001a4   Code   RO         4438    i.ProCheckRunFunc   protocol.o
    0x0800463c   0x0800463c   0x00000030   Code   RO         4439    i.ProtocolTask      protocol.o
    0x0800466c   0x0800466c   0x00000078   Code   RO         3897    i.RcuClockInit      init.o
    0x080046e4   0x080046e4   0x00000050   Code   RO         5356    i.ReadBit           cj2301.o
    0x08004734   0x08004734   0x0000002a   Code   RO         5357    i.ReadByte          cj2301.o
    0x0800475e   0x0800475e   0x00000002   PAD
    0x08004760   0x08004760   0x00000058   Code   RO         5288    i.ReadDatFromFlash  mt29f2g01abagdwb.o
    0x080047b8   0x080047b8   0x00000040   Code   RO         4911    i.ReadData          wh_nb73.o
    0x080047f8   0x080047f8   0x000003cc   Code   RO         4912    i.ReadData2Byte     wh_nb73.o
    0x08004bc4   0x08004bc4   0x00000018   Code   RO         4913    i.ReadDataDisable   wh_nb73.o
    0x08004bdc   0x08004bdc   0x00000024   Code   RO         4915    i.ReadDataFunc      wh_nb73.o
    0x08004c00   0x08004c00   0x00000038   Code   RO         5289    i.ReadFlashID       mt29f2g01abagdwb.o
    0x08004c38   0x08004c38   0x00000110   Code   RO         4353    i.ReceParse         commucateslave.o
    0x08004d48   0x08004d48   0x00000044   Code   RO         4916    i.ResBuffAdd        wh_nb73.o
    0x08004d8c   0x08004d8c   0x00000088   Code   RO         4354    i.ResponsePak       commucateslave.o
    0x08004e14   0x08004e14   0x00000080   Code   RO         4917    i.RevDataRead       wh_nb73.o
    0x08004e94   0x08004e94   0x00000076   Code   RO         4784    i.RtcSetTime        isl1208.o
    0x08004f0a   0x08004f0a   0x00000002   PAD
    0x08004f0c   0x08004f0c   0x000000c4   Code   RO         4918    i.RunCreateSocket   wh_nb73.o
    0x08004fd0   0x08004fd0   0x00000078   Code   RO         4919    i.RunGetAttach      wh_nb73.o
    0x08005048   0x08005048   0x00000088   Code   RO         4920    i.RunGetCCID        wh_nb73.o
    0x080050d0   0x080050d0   0x000000a8   Code   RO         4440    i.RunGetHumiId      protocol.o
    0x08005178   0x08005178   0x00000094   Code   RO         4441    i.RunGetHumiVal     protocol.o
    0x0800520c   0x0800520c   0x000000ac   Code   RO         4921    i.RunGetImei        wh_nb73.o
    0x080052b8   0x080052b8   0x00000088   Code   RO         4922    i.RunGetIp          wh_nb73.o
    0x08005340   0x08005340   0x00000088   Code   RO         4923    i.RunGetPCI         wh_nb73.o
    0x080053c8   0x080053c8   0x0000006c   Code   RO         4924    i.RunGetRSSI        wh_nb73.o
    0x08005434   0x08005434   0x000000a8   Code   RO         4442    i.RunGetTempId      protocol.o
    0x080054dc   0x080054dc   0x00000094   Code   RO         4443    i.RunGetTempVal     protocol.o
    0x08005570   0x08005570   0x00000084   Code   RO         4444    i.RunGetWlStatus    protocol.o
    0x080055f4   0x080055f4   0x000000ac   Code   RO         4925    i.RunReadData       wh_nb73.o
    0x080056a0   0x080056a0   0x0000007c   Code   RO         4445    i.RunSendCommuncationStatus  protocol.o
    0x0800571c   0x0800571c   0x000000ac   Code   RO         4926    i.RunSendData       wh_nb73.o
    0x080057c8   0x080057c8   0x00000110   Code   RO         4446    i.RunSendMainBoardInfo  protocol.o
    0x080058d8   0x080058d8   0x00000068   Code   RO         4447    i.RunSendSignal     protocol.o
    0x08005940   0x08005940   0x000000b0   Code   RO         4448    i.RunSetAbnormal    protocol.o
    0x080059f0   0x080059f0   0x00000450   Code   RO         4449    i.RunSetSelfTempHumi  protocol.o
    0x08005e40   0x08005e40   0x00000002   Code   RO         3682    i.SVC_Handler       gd32f10x_it.o
    0x08005e42   0x08005e42   0x00000002   PAD
    0x08005e44   0x08005e44   0x00000020   Code   RO         4927    i.SenData           wh_nb73.o
    0x08005e64   0x08005e64   0x00000018   Code   RO         4450    i.SendCommuncationStatusDisable  protocol.o
    0x08005e7c   0x08005e7c   0x00000014   Code   RO         4451    i.SendCommuncationStatusEnable  protocol.o
    0x08005e90   0x08005e90   0x00000024   Code   RO         4452    i.SendCommuncationStatusFun  protocol.o
    0x08005eb4   0x08005eb4   0x00000278   Code   RO         4928    i.SendDataCheck     wh_nb73.o
    0x0800612c   0x0800612c   0x00000018   Code   RO         4929    i.SendDataDisable   wh_nb73.o
    0x08006144   0x08006144   0x00000014   Code   RO         4930    i.SendDataEnable    wh_nb73.o
    0x08006158   0x08006158   0x00000024   Code   RO         4931    i.SendDataFunc      wh_nb73.o
    0x0800617c   0x0800617c   0x00000018   Code   RO         4453    i.SendMainBoardInfoDisable  protocol.o
    0x08006194   0x08006194   0x00000014   Code   RO         4454    i.SendMainBoardInfoEnable  protocol.o
    0x080061a8   0x080061a8   0x00000024   Code   RO         4455    i.SendMainBoardInfoFun  protocol.o
    0x080061cc   0x080061cc   0x00000124   Code   RO         4932    i.SendRegCheck      wh_nb73.o
    0x080062f0   0x080062f0   0x00000018   Code   RO         4456    i.SendSignalDisable  protocol.o
    0x08006308   0x08006308   0x00000014   Code   RO         4457    i.SendSignalEnable  protocol.o
    0x0800631c   0x0800631c   0x00000024   Code   RO         4458    i.SendSignalFun     protocol.o
    0x08006340   0x08006340   0x00000018   Code   RO         4459    i.SetAbnormalDisable  protocol.o
    0x08006358   0x08006358   0x00000014   Code   RO         4460    i.SetAbnormalEnable  protocol.o
    0x0800636c   0x0800636c   0x00000024   Code   RO         4461    i.SetAbnormalFun    protocol.o
    0x08006390   0x08006390   0x00000014   Code   RO         3997    i.SetBaudRateH      modbus.o
    0x080063a4   0x080063a4   0x0000001c   Code   RO         3998    i.SetBaudRateL      modbus.o
    0x080063c0   0x080063c0   0x00000020   Code   RO         3999    i.SetCh3_Set        modbus.o
    0x080063e0   0x080063e0   0x00000014   Code   RO         4000    i.SetCloseAbnormal  modbus.o
    0x080063f4   0x080063f4   0x00000014   Code   RO         4001    i.SetCloseAlarm     modbus.o
    0x08006408   0x08006408   0x0000000c   Code   RO         4002    i.SetHumiAbnormal   modbus.o
    0x08006414   0x08006414   0x00000014   Code   RO         4003    i.SetOpenAbnormal   modbus.o
    0x08006428   0x08006428   0x00000014   Code   RO         4004    i.SetOpenAlarm      modbus.o
    0x0800643c   0x0800643c   0x0000000c   Code   RO         4005    i.SetRtcH           modbus.o
    0x08006448   0x08006448   0x00000030   Code   RO         4006    i.SetRtcL           modbus.o
    0x08006478   0x08006478   0x0000001c   Code   RO         4007    i.SetSelfHumi       modbus.o
    0x08006494   0x08006494   0x00000030   Code   RO         4008    i.SetSelfTemp1      modbus.o
    0x080064c4   0x080064c4   0x00000030   Code   RO         4009    i.SetSelfTemp2      modbus.o
    0x080064f4   0x080064f4   0x00000030   Code   RO         4010    i.SetSelfTemp3      modbus.o
    0x08006524   0x08006524   0x00000030   Code   RO         4011    i.SetSelfTemp4      modbus.o
    0x08006554   0x08006554   0x00000030   Code   RO         4012    i.SetSelfTemp5      modbus.o
    0x08006584   0x08006584   0x00000030   Code   RO         4013    i.SetSelfTemp6      modbus.o
    0x080065b4   0x080065b4   0x00000018   Code   RO         4462    i.SetSelfTempHumiDisable  protocol.o
    0x080065cc   0x080065cc   0x00000014   Code   RO         4463    i.SetSelfTempHumiEnable  protocol.o
    0x080065e0   0x080065e0   0x00000024   Code   RO         4464    i.SetSelfTempHumiFun  protocol.o
    0x08006604   0x08006604   0x00000018   Code   RO         4014    i.SetSlaveID        modbus.o
    0x0800661c   0x0800661c   0x00000014   Code   RO         4015    i.SetTemAbnormal    modbus.o
    0x08006630   0x08006630   0x00000014   Code   RO         4016    i.SetTemDiffAlarm   modbus.o
    0x08006644   0x08006644   0x00000014   Code   RO         4017    i.SetTemSimpleInterval  modbus.o
    0x08006658   0x08006658   0x000005e8   Code   RO         5632    i.SignalCheck       hw_exit.o
    0x08006c40   0x08006c40   0x00000002   Code   RO         4933    i.SignalCheckLed    wh_nb73.o
    0x08006c42   0x08006c42   0x00000002   PAD
    0x08006c44   0x08006c44   0x00000010   Code   RO         5418    i.SignalTimerDisable  hw_timer.o
    0x08006c54   0x08006c54   0x00000010   Code   RO         5419    i.SignalTimerEnable  hw_timer.o
    0x08006c64   0x08006c64   0x0000004c   Code   RO         5420    i.SignalTimerInit   hw_timer.o
    0x08006cb0   0x08006cb0   0x00000608   Code   RO         4934    i.SnedBufBuild      wh_nb73.o
    0x080072b8   0x080072b8   0x0000006c   Code   RO         5788    i.SpiInit           hw_spi.o
    0x08007324   0x08007324   0x00000018   Code   RO         5695    i.StoreConfStore    hw_fmc.o
    0x0800733c   0x0800733c   0x00000034   Code   RO         5696    i.StoreConfUpdate   hw_fmc.o
    0x08007370   0x08007370   0x0000017c   Code   RO         5697    i.StoreInfoAdd      hw_fmc.o
    0x080074ec   0x080074ec   0x00000074   Code   RO         5698    i.StoreInfoCheck    hw_fmc.o
    0x08007560   0x08007560   0x00000044   Code   RO         5699    i.StorePageErase    hw_fmc.o
    0x080075a4   0x080075a4   0x00000002   Code   RO         3683    i.SysTick_Handler   gd32f10x_it.o
    0x080075a6   0x080075a6   0x00000002   PAD
    0x080075a8   0x080075a8   0x00000084   Code   RO            4    i.SystemInit        system_gd32f10x.o
    0x0800762c   0x0800762c   0x00000178   Code   RO         5421    i.TIMER1_IRQHandler  hw_timer.o
    0x080077a4   0x080077a4   0x0000002c   Code   RO         5422    i.TIMER2_IRQHandler  hw_timer.o
    0x080077d0   0x080077d0   0x00000034   Code   RO         5423    i.TIMER3_IRQHandler  hw_timer.o
    0x08007804   0x08007804   0x00000056   Code   RO         5424    i.Timer_1ms_Init    hw_timer.o
    0x0800785a   0x0800785a   0x00000002   PAD
    0x0800785c   0x0800785c   0x00000030   Code   RO         5499    i.USART0_IRQHandler  hw_uart.o
    0x0800788c   0x0800788c   0x00000050   Code   RO         5500    i.USART1_IRQHandler  hw_uart.o
    0x080078dc   0x080078dc   0x00000030   Code   RO         5501    i.USART2_IRQHandler  hw_uart.o
    0x0800790c   0x0800790c   0x0000003c   Code   RO         4785    i.UTC_to_Unix       isl1208.o
    0x08007948   0x08007948   0x0000008c   Code   RO         5502    i.UartCommuncateInit  hw_uart.o
    0x080079d4   0x080079d4   0x00000094   Code   RO         5503    i.UartHostInit      hw_uart.o
    0x08007a68   0x08007a68   0x00000028   Code   RO         5504    i.UartHostReinit    hw_uart.o
    0x08007a90   0x08007a90   0x00000010   Code   RO         5505    i.UartInit          hw_uart.o
    0x08007aa0   0x08007aa0   0x0000008c   Code   RO         5506    i.UartNbInit        hw_uart.o
    0x08007b2c   0x08007b2c   0x0000008c   Code   RO         4786    i.Unix_to_UTC       isl1208.o
    0x08007bb8   0x08007bb8   0x00000004   Code   RO         3684    i.UsageFault_Handler  gd32f10x_it.o
    0x08007bbc   0x08007bbc   0x000000c4   Code   RO         3898    i.VarInit           init.o
    0x08007c80   0x08007c80   0x00000030   Code   RO         5290    i.WaitForActionEnd  mt29f2g01abagdwb.o
    0x08007cb0   0x08007cb0   0x0000009c   Code   RO         5291    i.WriteDataToFlash  mt29f2g01abagdwb.o
    0x08007d4c   0x08007d4c   0x00000020   Code   RO         5292    i.WriteEnable       mt29f2g01abagdwb.o
    0x08007d6c   0x08007d6c   0x000003ec   Code   RO         5823    i.WriteFlashTask    hw_adc.o
    0x08008158   0x08008158   0x0000005c   Code   RO         5700    i.WriteStoreConf    hw_fmc.o
    0x080081b4   0x080081b4   0x0000005c   Code   RO         5701    i.WriteStoreInfo    hw_fmc.o
    0x08008210   0x08008210   0x00000020   Code   RO         6133    i.__0printf         mc_w.l(printfa.o)
    0x08008230   0x08008230   0x0000000e   Code   RO         6227    i.__scatterload_copy  mc_w.l(handlers.o)
    0x0800823e   0x0800823e   0x00000002   Code   RO         6228    i.__scatterload_null  mc_w.l(handlers.o)
    0x08008240   0x08008240   0x0000000e   Code   RO         6229    i.__scatterload_zeroinit  mc_w.l(handlers.o)
    0x0800824e   0x0800824e   0x00000002   PAD
    0x08008250   0x08008250   0x00000184   Code   RO         6140    i._fp_digits        mc_w.l(printfa.o)
    0x080083d4   0x080083d4   0x000006dc   Code   RO         6141    i._printf_core      mc_w.l(printfa.o)
    0x08008ab0   0x08008ab0   0x00000024   Code   RO         6142    i._printf_post_padding  mc_w.l(printfa.o)
    0x08008ad4   0x08008ad4   0x0000002e   Code   RO         6143    i._printf_pre_padding  mc_w.l(printfa.o)
    0x08008b02   0x08008b02   0x0000002a   Code   RO          146    i.adc_calibration_enable  gd32f10x_adc.o
    0x08008b2c   0x08008b2c   0x00000046   Code   RO          147    i.adc_channel_length_config  gd32f10x_adc.o
    0x08008b72   0x08008b72   0x00000016   Code   RO          148    i.adc_data_alignment_config  gd32f10x_adc.o
    0x08008b88   0x08008b88   0x00000058   Code   RO          149    i.adc_deinit        gd32f10x_adc.o
    0x08008be0   0x08008be0   0x0000000a   Code   RO          153    i.adc_dma_mode_enable  gd32f10x_adc.o
    0x08008bea   0x08008bea   0x00000012   Code   RO          154    i.adc_enable        gd32f10x_adc.o
    0x08008bfc   0x08008bfc   0x0000003e   Code   RO          155    i.adc_external_trigger_config  gd32f10x_adc.o
    0x08008c3a   0x08008c3a   0x00000030   Code   RO          156    i.adc_external_trigger_source_config  gd32f10x_adc.o
    0x08008c6a   0x08008c6a   0x00000002   PAD
    0x08008c6c   0x08008c6c   0x0000001c   Code   RO          167    i.adc_mode_config   gd32f10x_adc.o
    0x08008c88   0x08008c88   0x000000ac   Code   RO          168    i.adc_regular_channel_config  gd32f10x_adc.o
    0x08008d34   0x08008d34   0x0000001e   Code   RO          171    i.adc_software_trigger_enable  gd32f10x_adc.o
    0x08008d52   0x08008d52   0x0000005a   Code   RO          172    i.adc_special_function_config  gd32f10x_adc.o
    0x08008dac   0x08008dac   0x00000060   Code   RO         3859    i.delay_1ms         systick.o
    0x08008e0c   0x08008e0c   0x00000060   Code   RO         3860    i.delay_1us         systick.o
    0x08008e6c   0x08008e6c   0x00000032   Code   RO          943    i.dma_channel_enable  gd32f10x_dma.o
    0x08008e9e   0x08008e9e   0x00000032   Code   RO          945    i.dma_circulation_enable  gd32f10x_dma.o
    0x08008ed0   0x08008ed0   0x00000074   Code   RO         5824    i.dma_config        hw_adc.o
    0x08008f44   0x08008f44   0x00000070   Code   RO          946    i.dma_deinit        gd32f10x_dma.o
    0x08008fb4   0x08008fb4   0x0000012e   Code   RO          949    i.dma_init          gd32f10x_dma.o
    0x080090e2   0x080090e2   0x00000032   Code   RO          951    i.dma_interrupt_enable  gd32f10x_dma.o
    0x08009114   0x08009114   0x00000010   Code   RO          952    i.dma_interrupt_flag_clear  gd32f10x_dma.o
    0x08009124   0x08009124   0x00000082   Code   RO          953    i.dma_interrupt_flag_get  gd32f10x_dma.o
    0x080091a6   0x080091a6   0x00000002   PAD
    0x080091a8   0x080091a8   0x00000018   Code   RO          961    i.dma_periph_and_channel_check  gd32f10x_dma.o
    0x080091c0   0x080091c0   0x000000bc   Code   RO         1294    i.exti_init         gd32f10x_exti.o
    0x0800927c   0x0800927c   0x0000000c   Code   RO         1297    i.exti_interrupt_flag_clear  gd32f10x_exti.o
    0x08009288   0x08009288   0x00000018   Code   RO         1298    i.exti_interrupt_flag_get  gd32f10x_exti.o
    0x080092a0   0x080092a0   0x00000022   Code   RO         1377    i.fmc_bank0_ready_wait  gd32f10x_fmc.o
    0x080092c2   0x080092c2   0x00000002   PAD
    0x080092c4   0x080092c4   0x00000030   Code   RO         1378    i.fmc_bank0_state_get  gd32f10x_fmc.o
    0x080092f4   0x080092f4   0x00000022   Code   RO         1382    i.fmc_bank1_ready_wait  gd32f10x_fmc.o
    0x08009316   0x08009316   0x00000002   PAD
    0x08009318   0x08009318   0x00000030   Code   RO         1383    i.fmc_bank1_state_get  gd32f10x_fmc.o
    0x08009348   0x08009348   0x00000020   Code   RO         1385    i.fmc_flag_clear    gd32f10x_fmc.o
    0x08009368   0x08009368   0x0000002c   Code   RO         1392    i.fmc_lock          gd32f10x_fmc.o
    0x08009394   0x08009394   0x000000ec   Code   RO         1394    i.fmc_page_erase    gd32f10x_fmc.o
    0x08009480   0x08009480   0x00000044   Code   RO         1395    i.fmc_unlock        gd32f10x_fmc.o
    0x080094c4   0x080094c4   0x000000c0   Code   RO         1396    i.fmc_word_program  gd32f10x_fmc.o
    0x08009584   0x08009584   0x00000024   Code   RO         5507    i.fputc             hw_uart.o
    0x080095a8   0x080095a8   0x00000004   Code   RO         1644    i.gpio_bit_reset    gd32f10x_gpio.o
    0x080095ac   0x080095ac   0x00000004   Code   RO         1645    i.gpio_bit_set      gd32f10x_gpio.o
    0x080095b0   0x080095b0   0x00000098   Code   RO         1651    i.gpio_exti_source_select  gd32f10x_gpio.o
    0x08009648   0x08009648   0x000000ac   Code   RO         1652    i.gpio_init         gd32f10x_gpio.o
    0x080096f4   0x080096f4   0x00000010   Code   RO         1653    i.gpio_input_bit_get  gd32f10x_gpio.o
    0x08009704   0x08009704   0x00000090   Code   RO         1658    i.gpio_pin_remap_config  gd32f10x_gpio.o
    0x08009794   0x08009794   0x00000018   Code   RO         1759    i.i2c_ack_config    gd32f10x_i2c.o
    0x080097ac   0x080097ac   0x000000e4   Code   RO         1761    i.i2c_clock_config  gd32f10x_i2c.o
    0x08009890   0x08009890   0x00000008   Code   RO         1762    i.i2c_data_receive  gd32f10x_i2c.o
    0x08009898   0x08009898   0x00000006   Code   RO         1763    i.i2c_data_transmit  gd32f10x_i2c.o
    0x0800989e   0x0800989e   0x0000000a   Code   RO         1770    i.i2c_enable        gd32f10x_i2c.o
    0x080098a8   0x080098a8   0x00000028   Code   RO         1771    i.i2c_flag_clear    gd32f10x_i2c.o
    0x080098d0   0x080098d0   0x0000001e   Code   RO         1772    i.i2c_flag_get      gd32f10x_i2c.o
    0x080098ee   0x080098ee   0x00000014   Code   RO         1777    i.i2c_master_addressing  gd32f10x_i2c.o
    0x08009902   0x08009902   0x0000001c   Code   RO         1778    i.i2c_mode_addr_config  gd32f10x_i2c.o
    0x0800991e   0x0800991e   0x0000000a   Code   RO         1787    i.i2c_start_on_bus  gd32f10x_i2c.o
    0x08009928   0x08009928   0x0000000a   Code   RO         1788    i.i2c_stop_on_bus   gd32f10x_i2c.o
    0x08009932   0x08009932   0x00000002   PAD
    0x08009934   0x08009934   0x0000008c   Code   RO         3817    i.main              main.o
    0x080099c0   0x080099c0   0x000009b0   Code   RO         4018    i.modbusAct         modbus.o
    0x0800a370   0x0800a370   0x00000158   Code   RO         4019    i.modbusParse       modbus.o
    0x0800a4c8   0x0800a4c8   0x00000054   Code   RO         4020    i.modbusValInit     modbus.o
    0x0800a51c   0x0800a51c   0x00000034   Code   RO         5425    i.nvic_config       hw_timer.o
    0x0800a550   0x0800a550   0x00000018   Code   RO         1959    i.nvic_irq_disable  gd32f10x_misc.o
    0x0800a568   0x0800a568   0x000000ac   Code   RO         1960    i.nvic_irq_enable   gd32f10x_misc.o
    0x0800a614   0x0800a614   0x00000014   Code   RO         1961    i.nvic_priority_group_set  gd32f10x_misc.o
    0x0800a628   0x0800a628   0x00000014   Code   RO         1962    i.nvic_vector_table_set  gd32f10x_misc.o
    0x0800a63c   0x0800a63c   0x00000048   Code   RO         2102    i.rcu_adc_clock_config  gd32f10x_rcu.o
    0x0800a684   0x0800a684   0x00000124   Code   RO         2110    i.rcu_clock_freq_get  gd32f10x_rcu.o
    0x0800a7a8   0x0800a7a8   0x00000020   Code   RO         2127    i.rcu_periph_clock_enable  gd32f10x_rcu.o
    0x0800a7c8   0x0800a7c8   0x00000020   Code   RO         2130    i.rcu_periph_reset_disable  gd32f10x_rcu.o
    0x0800a7e8   0x0800a7e8   0x00000020   Code   RO         2131    i.rcu_periph_reset_enable  gd32f10x_rcu.o
    0x0800a808   0x0800a808   0x0000000a   Code   RO         2741    i.spi_enable        gd32f10x_spi.o
    0x0800a812   0x0800a812   0x0000000a   Code   RO         5789    i.spi_flash_read_byte  hw_spi.o
    0x0800a81c   0x0800a81c   0x00000038   Code   RO         5790    i.spi_flash_send_byte  hw_spi.o
    0x0800a854   0x0800a854   0x00000008   Code   RO         2743    i.spi_i2s_data_receive  gd32f10x_spi.o
    0x0800a85c   0x0800a85c   0x00000004   Code   RO         2744    i.spi_i2s_data_transmit  gd32f10x_spi.o
    0x0800a860   0x0800a860   0x00000058   Code   RO         2745    i.spi_i2s_deinit    gd32f10x_spi.o
    0x0800a8b8   0x0800a8b8   0x00000010   Code   RO         2746    i.spi_i2s_flag_get  gd32f10x_spi.o
    0x0800a8c8   0x0800a8c8   0x00000032   Code   RO         2750    i.spi_init          gd32f10x_spi.o
    0x0800a8fa   0x0800a8fa   0x00000002   PAD
    0x0800a8fc   0x0800a8fc   0x000000c4   Code   RO            5    i.system_clock_108m_hxtal  system_gd32f10x.o
    0x0800a9c0   0x0800a9c0   0x00000008   Code   RO            6    i.system_clock_config  system_gd32f10x.o
    0x0800a9c8   0x0800a9c8   0x00000028   Code   RO         1965    i.systick_clksource_set  gd32f10x_misc.o
    0x0800a9f0   0x0800a9f0   0x00000044   Code   RO         3861    i.systick_config    systick.o
    0x0800aa34   0x0800aa34   0x000000dc   Code   RO         2951    i.timer_deinit      gd32f10x_timer.o
    0x0800ab10   0x0800ab10   0x0000000a   Code   RO         2952    i.timer_disable     gd32f10x_timer.o
    0x0800ab1a   0x0800ab1a   0x0000000a   Code   RO         2956    i.timer_enable      gd32f10x_timer.o
    0x0800ab24   0x0800ab24   0x000000e0   Code   RO         2966    i.timer_init        gd32f10x_timer.o
    0x0800ac04   0x0800ac04   0x00000008   Code   RO         2973    i.timer_interrupt_enable  gd32f10x_timer.o
    0x0800ac0c   0x0800ac0c   0x00000006   Code   RO         2974    i.timer_interrupt_flag_clear  gd32f10x_timer.o
    0x0800ac12   0x0800ac12   0x00000018   Code   RO         2975    i.timer_interrupt_flag_get  gd32f10x_timer.o
    0x0800ac2a   0x0800ac2a   0x00000002   PAD
    0x0800ac2c   0x0800ac2c   0x00000090   Code   RO         3349    i.usart_baudrate_set  gd32f10x_usart.o
    0x0800acbc   0x0800acbc   0x0000000a   Code   RO         3350    i.usart_data_receive  gd32f10x_usart.o
    0x0800acc6   0x0800acc6   0x00000008   Code   RO         3351    i.usart_data_transmit  gd32f10x_usart.o
    0x0800acce   0x0800acce   0x00000002   PAD
    0x0800acd0   0x0800acd0   0x00000090   Code   RO         3352    i.usart_deinit      gd32f10x_usart.o
    0x0800ad60   0x0800ad60   0x0000000a   Code   RO         3353    i.usart_disable     gd32f10x_usart.o
    0x0800ad6a   0x0800ad6a   0x0000000a   Code   RO         3356    i.usart_enable      gd32f10x_usart.o
    0x0800ad74   0x0800ad74   0x0000001e   Code   RO         3358    i.usart_flag_get    gd32f10x_usart.o
    0x0800ad92   0x0800ad92   0x00000010   Code   RO         3362    i.usart_hardware_flow_cts_config  gd32f10x_usart.o
    0x0800ada2   0x0800ada2   0x00000010   Code   RO         3363    i.usart_hardware_flow_rts_config  gd32f10x_usart.o
    0x0800adb2   0x0800adb2   0x0000001a   Code   RO         3364    i.usart_interrupt_disable  gd32f10x_usart.o
    0x0800adcc   0x0800adcc   0x0000001a   Code   RO         3365    i.usart_interrupt_enable  gd32f10x_usart.o
    0x0800ade6   0x0800ade6   0x0000001a   Code   RO         3366    i.usart_interrupt_flag_clear  gd32f10x_usart.o
    0x0800ae00   0x0800ae00   0x00000038   Code   RO         3367    i.usart_interrupt_flag_get  gd32f10x_usart.o
    0x0800ae38   0x0800ae38   0x00000010   Code   RO         3377    i.usart_parity_config  gd32f10x_usart.o
    0x0800ae48   0x0800ae48   0x00000010   Code   RO         3379    i.usart_receive_config  gd32f10x_usart.o
    0x0800ae58   0x0800ae58   0x00000010   Code   RO         3385    i.usart_stop_bit_set  gd32f10x_usart.o
    0x0800ae68   0x0800ae68   0x00000010   Code   RO         3389    i.usart_transmit_config  gd32f10x_usart.o
    0x0800ae78   0x0800ae78   0x00000010   Code   RO         3390    i.usart_word_length_set  gd32f10x_usart.o
    0x0800ae88   0x0800ae88   0x0000000c   Data   RO         5882    .constdata          mc_w.l(mktime.o)
    0x0800ae94   0x0800ae94   0x0000000c   Data   RO         6212    .constdata          mc_w.l(localtime_i.o)
    0x0800aea0   0x0800aea0   0x00000092   Data   RO         4936    .conststring        wh_nb73.o
    0x0800af32   0x0800af32   0x00000002   PAD
    0x0800af34   0x0800af34   0x00000020   Data   RO         6225    Region$$Table       anon$$obj.o


    Execution Region RW_IRAM1 (Exec base: 0x20000000, Load base: 0x0800af54, Size: 0x00004e98, Max: 0x00005000, ABSOLUTE, COMPRESSED[0x000007dc])

    Exec Addr    Load Addr    Size         Type   Attr      Idx    E Section Name        Object

    0x20000000   COMPRESSED   0x00000004   Data   RW            7    .data               system_gd32f10x.o
    0x20000004   COMPRESSED   0x00000008   Data   RW         3862    .data               systick.o
    0x2000000c   COMPRESSED   0x0000000b   Data   RW         3900    .data               init.o
    0x20000017   COMPRESSED   0x00000001   PAD
    0x20000018   COMPRESSED   0x000003dd   Data   RW         4022    .data               modbus.o
    0x200003f5   COMPRESSED   0x00000001   PAD
    0x200003f6   COMPRESSED   0x00000005   Data   RW         4356    .data               commucateslave.o
    0x200003fb   COMPRESSED   0x00000001   PAD
    0x200003fc   COMPRESSED   0x00000048   Data   RW         4466    .data               protocol.o
    0x20000444   COMPRESSED   0x00000022   Data   RW         4696    .data               ds18b20.o
    0x20000466   COMPRESSED   0x00000002   PAD
    0x20000468   COMPRESSED   0x00000004   Data   RW         4788    .data               isl1208.o
    0x2000046c   COMPRESSED   0x0000017d   Data   RW         4937    .data               wh_nb73.o
    0x200005e9   COMPRESSED   0x00000003   PAD
    0x200005ec   COMPRESSED   0x00000650   Data   RW         5358    .data               cj2301.o
    0x20000c3c   COMPRESSED   0x00000015   Data   RW         5426    .data               hw_timer.o
    0x20000c51   COMPRESSED   0x00000009   Data   RW         5509    .data               hw_uart.o
    0x20000c5a   COMPRESSED   0x0000001c   Data   RW         5633    .data               hw_exit.o
    0x20000c76   COMPRESSED   0x00000002   PAD
    0x20000c78   COMPRESSED   0x00000004   Data   RW         5702    .data               hw_fmc.o
    0x20000c7c   COMPRESSED   0x00000019   Data   RW         5827    .data               hw_adc.o
    0x20000c95   COMPRESSED   0x00000003   PAD
    0x20000c98   COMPRESSED   0x00000004   Data   RW         5875    .data               mc_w.l(rand.o)
    0x20000c9c   COMPRESSED   0x00000004   Data   RW         6199    .data               mc_w.l(stdout.o)
    0x20000ca0        -       0x000002ac   Zero   RW         3899    .bss                init.o
    0x20000f4c        -       0x000003d4   Zero   RW         4021    .bss                modbus.o
    0x20001320        -       0x0000009c   Zero   RW         4355    .bss                commucateslave.o
    0x200013bc        -       0x00000195   Zero   RW         4465    .bss                protocol.o
    0x20001551   COMPRESSED   0x00000003   PAD
    0x20001554        -       0x0000000c   Zero   RW         4787    .bss                isl1208.o
    0x20001560        -       0x0000060e   Zero   RW         4935    .bss                wh_nb73.o
    0x20001b6e        -       0x000002fd   Zero   RW         5508    .bss                hw_uart.o
    0x20001e6b   COMPRESSED   0x00000001   PAD
    0x20001e6c        -       0x00001000   Zero   RW         5826    .bss                hw_adc.o
    0x20002e6c        -       0x0000002c   Zero   RW         6209    .bss                mc_w.l(localtime_w.o)
    0x20002e98        -       0x00002000   Zero   RW          137    STACK               startup_gd32f10x_md.o


==============================================================================

Image component sizes


      Code (inc. data)   RO Data    RW Data    ZI Data      Debug   Object Name

      1170        138          0       1616          0       5823   cj2301.o
       636         70          0          5        156      27736   commucateslave.o
      1764        218          0         34          0       8252   ds18b20.o
       680         10          0          0          0       7383   gd32f10x_adc.o
       734          6          0          0          0       5745   gd32f10x_dma.o
       224         16          0          0          0       1794   gd32f10x_exti.o
       736         66          0          0          0       5299   gd32f10x_fmc.o
       492         12          0          0          0       4071   gd32f10x_gpio.o
       414         12          0          0          0       6708   gd32f10x_i2c.o
        26          0          0          0          0      11249   gd32f10x_it.o
       276         34          0          0          0       2959   gd32f10x_misc.o
       460         56          0          0          0       3307   gd32f10x_rcu.o
       176          6          0          0          0       4115   gd32f10x_spi.o
       502         64          0          0          0       4656   gd32f10x_timer.o
       602         16          0          0          0      10810   gd32f10x_usart.o
      1748        148          0         25       4096       3899   hw_adc.o
      2656        554          0         28          0       4237   hw_exit.o
      1156         92          0          4          0       5504   hw_fmc.o
        68         14          0          0          0        471   hw_i2c.o
       174         14          0          0          0       1614   hw_spi.o
       802         82          0         21          0       5017   hw_timer.o
      1448        210          0          9        765      11931   hw_uart.o
      1044        208          0         11        684       6258   init.o
      1186        126          0          4         12       7163   isl1208.o
       164         12          0          0          0       3833   main.o
      5446        524          0        989        980      38303   modbus.o
       556         78          0          0          0       4783   mt29f2g01abagdwb.o
      4404        380          0         72        405      22238   protocol.o
        36          8        260          0       8192        856   startup_gd32f10x_md.o
       336         30          0          4          0      68807   system_gd32f10x.o
       260         34          0          8          0       1773   systick.o
      9054       1082        146        381       1550      46202   wh_nb73.o

    ----------------------------------------------------------------------
     39474       4320        440       3224      16844     342796   Object Totals
         0          0         32          0          0          0   (incl. Generated)
        44          0          2         13          4          0   (incl. Padding)

    ----------------------------------------------------------------------

      Code (inc. data)   RO Data    RW Data    ZI Data      Debug   Library Member Name

        86          0          0          0          0          0   __dczerorl2.o
         0          0          0          0          0          0   entry.o
         0          0          0          0          0          0   entry10a.o
         0          0          0          0          0          0   entry11a.o
         8          4          0          0          0          0   entry2.o
         4          0          0          0          0          0   entry5.o
         0          0          0          0          0          0   entry7b.o
         0          0          0          0          0          0   entry8b.o
         8          4          0          0          0          0   entry9a.o
        30          0          0          0          0          0   handlers.o
        36          8          0          0          0         68   init.o
         0          0          0          0          0          0   iusefp.o
        30          0          0          0          0         68   llshl.o
        36          0          0          0          0         68   llsshr.o
        32          0          0          0          0         68   llushr.o
       140          6         12          0          0         76   localtime_i.o
        12          6          0          0         44         68   localtime_w.o
        26          0          0          0          0         80   memcmp.o
        64          0          0          0          0         76   memmovea.o
        36          0          0          0          0        108   memseta.o
       168         18         12          0          0         80   mktime.o
      2258         90          0          0          0        452   printfa.o
        36         10          0          4          0        136   rand.o
         0          0          0          4          0          0   stdout.o
        14          0          0          0          0         68   strlen.o
        36          0          0          0          0         80   strstr.o
        44          0          0          0          0         80   uidiv.o
        98          0          0          0          0         92   uldiv.o
        48          0          0          0          0         68   cdrcmple.o
        56          0          0          0          0         88   d2f.o
       334          0          0          0          0        148   dadd.o
       222          0          0          0          0        100   ddiv.o
       186          0          0          0          0        176   depilogue.o
        48          0          0          0          0         68   dfixul.o
       228          0          0          0          0         96   dmul.o
        38          0          0          0          0         68   f2d.o
       176          0          0          0          0        140   fadd.o
       124          0          0          0          0         88   fdiv.o
       110          0          0          0          0        168   fepilogue.o
        40          0          0          0          0         68   ffixui.o
        18          0          0          0          0         68   fflti.o
        10          0          0          0          0         68   ffltui.o
       100          0          0          0          0         76   fmul.o

    ----------------------------------------------------------------------
      4946        146         24          8         44       3156   Library Totals
         6          0          0          0          0          0   (incl. Padding)

    ----------------------------------------------------------------------

      Code (inc. data)   RO Data    RW Data    ZI Data      Debug   Library Name

      3202        146         24          8         44       1668   mc_w.l
      1738          0          0          0          0       1488   mf_w.l

    ----------------------------------------------------------------------
      4946        146         24          8         44       3156   Library Totals

    ----------------------------------------------------------------------

==============================================================================


      Code (inc. data)   RO Data    RW Data    ZI Data      Debug   

     44420       4466        464       3232      16888     323824   Grand Totals
     44420       4466        464       2012      16888     323824   ELF Image Totals (compressed)
     44420       4466        464       2012          0          0   ROM Totals

==============================================================================

    Total RO  Size (Code + RO Data)                44884 (  43.83kB)
    Total RW  Size (RW Data + ZI Data)             20120 (  19.65kB)
    Total ROM Size (Code + RO Data + RW Data)      46896 (  45.80kB)

==============================================================================

