Component: ARM Compiler 5.06 update 6 (build 750) Tool: armlink [4d35ed]

==============================================================================

Section Cross References

    system_gd32f10x.o(i.SystemCoreClockUpdate) refers to system_gd32f10x.o(.data) for SystemCoreClock
    system_gd32f10x.o(i.SystemInit) refers to system_gd32f10x.o(i.system_clock_config) for system_clock_config
    system_gd32f10x.o(i.SystemInit) refers to gd32f10x_misc.o(i.nvic_vector_table_set) for nvic_vector_table_set
    system_gd32f10x.o(i.system_clock_config) refers to system_gd32f10x.o(i.system_clock_108m_hxtal) for system_clock_108m_hxtal
    startup_gd32f10x_md.o(RESET) refers to startup_gd32f10x_md.o(STACK) for __initial_sp
    startup_gd32f10x_md.o(RESET) refers to startup_gd32f10x_md.o(.text) for Reset_Handler
    startup_gd32f10x_md.o(RESET) refers to gd32f10x_it.o(i.NMI_Handler) for NMI_Handler
    startup_gd32f10x_md.o(RESET) refers to gd32f10x_it.o(i.HardFault_Handler) for HardFault_Handler
    startup_gd32f10x_md.o(RESET) refers to gd32f10x_it.o(i.MemManage_Handler) for MemManage_Handler
    startup_gd32f10x_md.o(RESET) refers to gd32f10x_it.o(i.BusFault_Handler) for BusFault_Handler
    startup_gd32f10x_md.o(RESET) refers to gd32f10x_it.o(i.UsageFault_Handler) for UsageFault_Handler
    startup_gd32f10x_md.o(RESET) refers to gd32f10x_it.o(i.SVC_Handler) for SVC_Handler
    startup_gd32f10x_md.o(RESET) refers to gd32f10x_it.o(i.DebugMon_Handler) for DebugMon_Handler
    startup_gd32f10x_md.o(RESET) refers to gd32f10x_it.o(i.PendSV_Handler) for PendSV_Handler
    startup_gd32f10x_md.o(RESET) refers to gd32f10x_it.o(i.SysTick_Handler) for SysTick_Handler
    startup_gd32f10x_md.o(RESET) refers to hw_timer.o(i.TIMER1_IRQHandler) for TIMER1_IRQHandler
    startup_gd32f10x_md.o(RESET) refers to hw_timer.o(i.TIMER2_IRQHandler) for TIMER2_IRQHandler
    startup_gd32f10x_md.o(RESET) refers to hw_uart.o(i.USART0_IRQHandler) for USART0_IRQHandler
    startup_gd32f10x_md.o(RESET) refers to hw_uart.o(i.USART1_IRQHandler) for USART1_IRQHandler
    startup_gd32f10x_md.o(RESET) refers to hw_uart.o(i.USART2_IRQHandler) for USART2_IRQHandler
    startup_gd32f10x_md.o(RESET) refers to hw_exit.o(i.EXTI10_15_IRQHandler) for EXTI10_15_IRQHandler
    startup_gd32f10x_md.o(.text) refers to system_gd32f10x.o(i.SystemInit) for SystemInit
    startup_gd32f10x_md.o(.text) refers to entry.o(.ARM.Collect$$$$00000000) for __main
    gd32f10x_adc.o(i.adc_deinit) refers to gd32f10x_rcu.o(i.rcu_periph_reset_enable) for rcu_periph_reset_enable
    gd32f10x_adc.o(i.adc_deinit) refers to gd32f10x_rcu.o(i.rcu_periph_reset_disable) for rcu_periph_reset_disable
    gd32f10x_bkp.o(i.bkp_deinit) refers to gd32f10x_rcu.o(i.rcu_bkp_reset_enable) for rcu_bkp_reset_enable
    gd32f10x_bkp.o(i.bkp_deinit) refers to gd32f10x_rcu.o(i.rcu_bkp_reset_disable) for rcu_bkp_reset_disable
    gd32f10x_can.o(i.can_debug_freeze_disable) refers to gd32f10x_dbg.o(i.dbg_periph_enable) for dbg_periph_enable
    gd32f10x_can.o(i.can_debug_freeze_enable) refers to gd32f10x_dbg.o(i.dbg_periph_enable) for dbg_periph_enable
    gd32f10x_can.o(i.can_deinit) refers to gd32f10x_rcu.o(i.rcu_periph_reset_enable) for rcu_periph_reset_enable
    gd32f10x_can.o(i.can_deinit) refers to gd32f10x_rcu.o(i.rcu_periph_reset_disable) for rcu_periph_reset_disable
    gd32f10x_can.o(i.can_interrupt_flag_get) refers to gd32f10x_can.o(i.can_receive_message_length_get) for can_receive_message_length_get
    gd32f10x_can.o(i.can_interrupt_flag_get) refers to gd32f10x_can.o(i.can_error_get) for can_error_get
    gd32f10x_dac.o(i.dac_deinit) refers to gd32f10x_rcu.o(i.rcu_periph_reset_enable) for rcu_periph_reset_enable
    gd32f10x_dac.o(i.dac_deinit) refers to gd32f10x_rcu.o(i.rcu_periph_reset_disable) for rcu_periph_reset_disable
    gd32f10x_dma.o(i.dma_channel_disable) refers to gd32f10x_dma.o(i.dma_periph_and_channel_check) for dma_periph_and_channel_check
    gd32f10x_dma.o(i.dma_channel_enable) refers to gd32f10x_dma.o(i.dma_periph_and_channel_check) for dma_periph_and_channel_check
    gd32f10x_dma.o(i.dma_circulation_disable) refers to gd32f10x_dma.o(i.dma_periph_and_channel_check) for dma_periph_and_channel_check
    gd32f10x_dma.o(i.dma_circulation_enable) refers to gd32f10x_dma.o(i.dma_periph_and_channel_check) for dma_periph_and_channel_check
    gd32f10x_dma.o(i.dma_deinit) refers to gd32f10x_dma.o(i.dma_periph_and_channel_check) for dma_periph_and_channel_check
    gd32f10x_dma.o(i.dma_init) refers to gd32f10x_dma.o(i.dma_periph_and_channel_check) for dma_periph_and_channel_check
    gd32f10x_dma.o(i.dma_interrupt_disable) refers to gd32f10x_dma.o(i.dma_periph_and_channel_check) for dma_periph_and_channel_check
    gd32f10x_dma.o(i.dma_interrupt_enable) refers to gd32f10x_dma.o(i.dma_periph_and_channel_check) for dma_periph_and_channel_check
    gd32f10x_dma.o(i.dma_memory_address_config) refers to gd32f10x_dma.o(i.dma_periph_and_channel_check) for dma_periph_and_channel_check
[...]
    .data                                    0x20000c2b   Section        9  hw_uart.o(.data)
    HostHead                                 0x20000c2b   Data           1  hw_uart.o(.data)
    HostTail                                 0x20000c2c   Data           1  hw_uart.o(.data)
    HostCount                                0x20000c2d   Data           1  hw_uart.o(.data)
    NbHead                                   0x20000c2e   Data           1  hw_uart.o(.data)
    NbTail                                   0x20000c2f   Data           1  hw_uart.o(.data)
    NbCount                                  0x20000c30   Data           1  hw_uart.o(.data)
    .data                                    0x20000c34   Section       28  hw_exit.o(.data)
    count                                    0x20000c34   Data           2  hw_exit.o(.data)
    checkCount1                              0x20000c36   Data           2  hw_exit.o(.data)
    checkCount2                              0x20000c38   Data           2  hw_exit.o(.data)
    old_t1                                   0x20000c3a   Data           1  hw_exit.o(.data)
    old_t2                                   0x20000c3b   Data           1  hw_exit.o(.data)
    ch1_val                                  0x20000c3c   Data           1  hw_exit.o(.data)
    ch1_val_old                              0x20000c3d   Data           1  hw_exit.o(.data)
    ch2_val                                  0x20000c3e   Data           1  hw_exit.o(.data)
    ch2_val_old                              0x20000c3f   Data           1  hw_exit.o(.data)
    ch3_val                                  0x20000c40   Data           1  hw_exit.o(.data)
    ch3_val_old                              0x20000c41   Data           1  hw_exit.o(.data)
    ch1_Count                                0x20000c42   Data           1  hw_exit.o(.data)
    ch2_Count                                0x20000c43   Data           1  hw_exit.o(.data)
    ch3_Count                                0x20000c44   Data           1  hw_exit.o(.data)
    ch1_float                                0x20000c45   Data           1  hw_exit.o(.data)
    ch2_float                                0x20000c46   Data           1  hw_exit.o(.data)
    ch3_float                                0x20000c47   Data           1  hw_exit.o(.data)
    ch1_flag                                 0x20000c48   Data           1  hw_exit.o(.data)
    ch2_flag                                 0x20000c49   Data           1  hw_exit.o(.data)
    ch3_flag                                 0x20000c4a   Data           1  hw_exit.o(.data)
    error1_count                             0x20000c4c   Data           2  hw_exit.o(.data)
    error2_count                             0x20000c4e   Data           2  hw_exit.o(.data)
    .data                                    0x20000c50   Section        2  hw_wdgt.o(.data)
    count                                    0x20000c50   Data           2  hw_wdgt.o(.data)
    .data                                    0x20000c54   Section        4  rand.o(.data)
    _rand_state                              0x20000c54   Data           4  rand.o(.data)
    .data                                    0x20000c58   Section        4  stdout.o(.data)
    .bss                                     0x20000c5c   Section      676  init.o(.bss)
    .bss                                     0x20000f00   Section      980  modbus.o(.bss)
    TempBuf                                  0x200011d4   Data         256  modbus.o(.bss)
    .bss                                     0x200012d4   Section      156  commucateslave.o(.bss)
    .bss                                     0x20001370   Section      405  protocol.o(.bss)
    tempBuf                                  0x2000143d   Data         200  protocol.o(.bss)
    .bss                                     0x20001508   Section       12  isl1208.o(.bss)
    .bss                                     0x20001514   Section      773  wh_nb73.o(.bss)
    ResDataBuf                               0x200015bc   Data         255  wh_nb73.o(.bss)
    RevBuf                                   0x200016bb   Data         100  wh_nb73.o(.bss)
    buffer                                   0x2000171f   Data         250  wh_nb73.o(.bss)
    .bss                                     0x20001819   Section      765  hw_uart.o(.bss)
    HostBuff                                 0x20001819   Data         255  hw_uart.o(.bss)
    NbBuff                                   0x20001918   Data         255  hw_uart.o(.bss)
    .bss                                     0x20001b18   Section       44  localtime_w.o(.bss)
    _tms                                     0x20001b18   Data          44  localtime_w.o(.bss)
    STACK                                    0x20001b48   Section     8192  startup_gd32f10x_md.o(STACK)

    Global Symbols

    Symbol Name                              Value     Ov Type        Size  Object(Section)

    BuildAttributes$$THM_ISAv4$P$D$K$B$S$PE$A:L22UL41UL21$X:L11$S22US41US21$IEEE1$IW$USESV6$~STKCKD$USESV7$~SHL$OTIME$ROPI$EBA8$MICROLIB$REQ8$PRES8$EABIv2 0x00000000   Number         0  anon$$obj.o ABSOLUTE
    __ARM_use_no_argv                        0x00000000   Number         0  main.o ABSOLUTE
    _printf_a                                0x00000000   Number         0  stubs.o ABSOLUTE
    _printf_c                                0x00000000   Number         0  stubs.o ABSOLUTE
    _printf_charcount                        0x00000000   Number         0  stubs.o ABSOLUTE
    _printf_d                                0x00000000   Number         0  stubs.o ABSOLUTE
    _printf_e                                0x00000000   Number         0  stubs.o ABSOLUTE
    _printf_f                                0x00000000   Number         0  stubs.o ABSOLUTE
    _printf_flags                            0x00000000   Number         0  stubs.o ABSOLUTE
    _printf_fp_dec                           0x00000000   Number         0  stubs.o ABSOLUTE
    _printf_fp_hex                           0x00000000   Number         0  stubs.o ABSOLUTE
    _printf_g                                0x00000000   Number         0  stubs.o ABSOLUTE
    _printf_i                                0x00000000   Number         0  stubs.o ABSOLUTE
    _printf_int_dec                          0x00000000   Number         0  stubs.o ABSOLUTE
    _printf_l                                0x00000000   Number         0  stubs.o ABSOLUTE
    _printf_lc                               0x00000000   Number         0  stubs.o ABSOLUTE
    _printf_ll                               0x00000000   Number         0  stubs.o ABSOLUTE
    _printf_lld                              0x00000000   Number         0  stubs.o ABSOLUTE
    _printf_lli                              0x00000000   Number         0  stubs.o ABSOLUTE
    _printf_llo                              0x00000000   Number         0  stubs.o ABSOLUTE
    _printf_llu                              0x00000000   Number         0  stubs.o ABSOLUTE
    _printf_llx                              0x00000000   Number         0  stubs.o ABSOLUTE
    _printf_longlong_dec                     0x00000000   Number         0  stubs.o ABSOLUTE
    _printf_longlong_hex                     0x00000000   Number         0  stubs.o ABSOLUTE
    _printf_longlong_oct                     0x00000000   Number         0  stubs.o ABSOLUTE
    _printf_ls                               0x00000000   Number         0  stubs.o ABSOLUTE
    _printf_mbtowc                           0x00000000   Number         0  stubs.o ABSOLUTE
    _printf_n                                0x00000000   Number         0  stubs.o ABSOLUTE
    _printf_o                                0x00000000   Number         0  stubs.o ABSOLUTE
    _printf_p                                0x00000000   Number         0  stubs.o ABSOLUTE
    _printf_percent                          0x00000000   Number         0  stubs.o ABSOLUTE
    _printf_pre_padding                      0x00000000   Number         0  stubs.o ABSOLUTE
    _printf_return_value                     0x00000000   Number         0  stubs.o ABSOLUTE
    _printf_s                                0x00000000   Number         0  stubs.o ABSOLUTE
    _printf_sizespec                         0x00000000   Number         0  stubs.o ABSOLUTE
    _printf_str                              0x00000000   Number         0  stubs.o ABSOLUTE
    _printf_truncate_signed                  0x00000000   Number         0  stubs.o ABSOLUTE
    _printf_truncate_unsigned                0x00000000   Number         0  stubs.o ABSOLUTE
    _printf_u                                0x00000000   Number         0  stubs.o ABSOLUTE
    _printf_wc                               0x00000000   Number         0  stubs.o ABSOLUTE
    _printf_wctomb                           0x00000000   Number         0  stubs.o ABSOLUTE
    _printf_widthprec                        0x00000000   Number         0  stubs.o ABSOLUTE
    _printf_x                                0x00000000   Number         0  stubs.o ABSOLUTE
    __cpp_initialize__aeabi_                  - Undefined Weak Reference
    __cxa_finalize                            - Undefined Weak Reference
    _clock_init                               - Undefined Weak Reference
    _microlib_exit                            - Undefined Weak Reference
    __Vectors_Size                           0x00000104   Number         0  startup_gd32f10x_md.o ABSOLUTE
    __Vectors                                0x08004000   Data           4  startup_gd32f10x_md.o(RESET)
    __Vectors_End                            0x08004104   Data           0  startup_gd32f10x_md.o(RESET)
    __main                                   0x08004105   Thumb Code     0  entry.o(.ARM.Collect$$$$00000000)
    _main_stk                                0x08004105   Thumb Code     0  entry2.o(.ARM.Collect$$$$00000001)
    _main_scatterload                        0x08004109   Thumb Code     0  entry5.o(.ARM.Collect$$$$00000004)
    __main_after_scatterload                 0x0800410d   Thumb Code     0  entry5.o(.ARM.Collect$$$$00000004)
    _main_clock                              0x0800410d   Thumb Code     0  entry7b.o(.ARM.Collect$$$$00000008)
    _main_cpp_init                           0x0800410d   Thumb Code     0  entry8b.o(.ARM.Collect$$$$0000000A)
    _main_init                               0x0800410d   Thumb Code     0  entry9a.o(.ARM.Collect$$$$0000000B)
    __rt_final_cpp                           0x08004115   Thumb Code     0  entry10a.o(.ARM.Collect$$$$0000000D)
    __rt_final_exit                          0x08004115   Thumb Code     0  entry11a.o(.ARM.Collect$$$$0000000F)
    Reset_Handler                            0x08004119   Thumb Code     8  startup_gd32f10x_md.o(.text)
    ADC0_1_IRQHandler                        0x08004133   Thumb Code     0  startup_gd32f10x_md.o(.text)
    CAN0_EWMC_IRQHandler                     0x08004133   Thumb Code     0  startup_gd32f10x_md.o(.text)
    CAN0_RX1_IRQHandler                      0x08004133   Thumb Code     0  startup_gd32f10x_md.o(.text)
    DMA0_Channel0_IRQHandler                 0x08004133   Thumb Code     0  startup_gd32f10x_md.o(.text)
    DMA0_Channel1_IRQHandler                 0x08004133   Thumb Code     0  startup_gd32f10x_md.o(.text)
    DMA0_Channel2_IRQHandler                 0x08004133   Thumb Code     0  startup_gd32f10x_md.o(.text)
    DMA0_Channel3_IRQHandler                 0x08004133   Thumb Code     0  startup_gd32f10x_md.o(.text)
    DMA0_Channel4_IRQHandler                 0x08004133   Thumb Code     0  startup_gd32f10x_md.o(.text)
    DMA0_Channel5_IRQHandler                 0x08004133   Thumb Code     0  startup_gd32f10x_md.o(.text)
    DMA0_Channel6_IRQHandler                 0x08004133   Thumb Code     0  startup_gd32f10x_md.o(.text)
    EXMC_IRQHandler                          0x08004133   Thumb Code     0  startup_gd32f10x_md.o(.text)
    EXTI0_IRQHandler                         0x08004133   Thumb Code     0  startup_gd32f10x_md.o(.text)
    EXTI1_IRQHandler                         0x08004133   Thumb Code     0  startup_gd32f10x_md.o(.text)
    EXTI2_IRQHandler                         0x08004133   Thumb Code     0  startup_gd32f10x_md.o(.text)
    EXTI3_IRQHandler                         0x08004133   Thumb Code     0  startup_gd32f10x_md.o(.text)
    EXTI4_IRQHandler                         0x08004133   Thumb Code     0  startup_gd32f10x_md.o(.text)
    EXTI5_9_IRQHandler                       0x08004133   Thumb Code     0  startup_gd32f10x_md.o(.text)
    FMC_IRQHandler                           0x08004133   Thumb Code     0  startup_gd32f10x_md.o(.text)
    I2C0_ER_IRQHandler                       0x08004133   Thumb Code     0  startup_gd32f10x_md.o(.text)
    I2C0_EV_IRQHandler                       0x08004133   Thumb Code     0  startup_gd32f10x_md.o(.text)
    I2C1_ER_IRQHandler                       0x08004133   Thumb Code     0  startup_gd32f10x_md.o(.text)
    I2C1_EV_IRQHandler                       0x08004133   Thumb Code     0  startup_gd32f10x_md.o(.text)
    LVD_IRQHandler                           0x08004133   Thumb Code     0  startup_gd32f10x_md.o(.text)
    RCU_IRQHandler                           0x08004133   Thumb Code     0  startup_gd32f10x_md.o(.text)
    RTC_Alarm_IRQHandler                     0x08004133   Thumb Code     0  startup_gd32f10x_md.o(.text)
    RTC_IRQHandler                           0x08004133   Thumb Code     0  startup_gd32f10x_md.o(.text)
    SPI0_IRQHandler                          0x08004133   Thumb Code     0  startup_gd32f10x_md.o(.text)
    SPI1_IRQHandler                          0x08004133   Thumb Code     0  startup_gd32f10x_md.o(.text)
    TAMPER_IRQHandler                        0x08004133   Thumb Code     0  startup_gd32f10x_md.o(.text)
    TIMER0_BRK_IRQHandler                    0x08004133   Thumb Code     0  startup_gd32f10x_md.o(.text)
    TIMER0_Channel_IRQHandler                0x08004133   Thumb Code     0  startup_gd32f10x_md.o(.text)
    TIMER0_TRG_CMT_IRQHandler                0x08004133   Thumb Code     0  startup_gd32f10x_md.o(.text)
    TIMER0_UP_IRQHandler                     0x08004133   Thumb Code     0  startup_gd32f10x_md.o(.text)
    TIMER3_IRQHandler                        0x08004133   Thumb Code     0  startup_gd32f10x_md.o(.text)
    USBD_HP_CAN0_TX_IRQHandler               0x08004133   Thumb Code     0  startup_gd32f10x_md.o(.text)
    USBD_LP_CAN0_RX0_IRQHandler              0x08004133   Thumb Code     0  startup_gd32f10x_md.o(.text)
    USBD_WKUP_IRQHandler                     0x08004133   Thumb Code     0  startup_gd32f10x_md.o(.text)
    WWDGT_IRQHandler                         0x08004133   Thumb Code     0  startup_gd32f10x_md.o(.text)
    rand                                     0x0800413d   Thumb Code    20  rand.o(.text)
    srand                                    0x08004151   Thumb Code     6  rand.o(.text)
    mktime                                   0x08004161   Thumb Code   150  mktime.o(.text)
    __aeabi_memcpy                           0x08004209   Thumb Code    36  memcpya.o(.text)
    __aeabi_memcpy4                          0x08004209   Thumb Code     0  memcpya.o(.text)
    __aeabi_memcpy8                          0x08004209   Thumb Code     0  memcpya.o(.text)
    __aeabi_memset                           0x0800422d   Thumb Code    14  memseta.o(.text)
    __aeabi_memset4                          0x0800422d   Thumb Code     0  memseta.o(.text)
    __aeabi_memset8                          0x0800422d   Thumb Code     0  memseta.o(.text)
    __aeabi_memclr                           0x0800423b   Thumb Code     4  memseta.o(.text)
    __aeabi_memclr4                          0x0800423b   Thumb Code     0  memseta.o(.text)
    __aeabi_memclr8                          0x0800423b   Thumb Code     0  memseta.o(.text)
    _memset$wrapper                          0x0800423f   Thumb Code    18  memseta.o(.text)
    strstr                                   0x08004251   Thumb Code    36  strstr.o(.text)
    strlen                                   0x08004275   Thumb Code    14  strlen.o(.text)
    __aeabi_fadd                             0x08004283   Thumb Code   164  fadd.o(.text)
    __aeabi_fsub                             0x08004327   Thumb Code     6  fadd.o(.text)
    __aeabi_frsub                            0x0800432d   Thumb Code     6  fadd.o(.text)
    __aeabi_fmul                             0x08004333   Thumb Code   100  fmul.o(.text)
    __aeabi_fdiv                             0x08004397   Thumb Code   124  fdiv.o(.text)
    __aeabi_dadd                             0x08004413   Thumb Code   322  dadd.o(.text)
    __aeabi_dsub                             0x08004555   Thumb Code     6  dadd.o(.text)
    __aeabi_drsub                            0x0800455b   Thumb Code     6  dadd.o(.text)
    __aeabi_dmul                             0x08004561   Thumb Code   228  dmul.o(.text)
    __aeabi_ddiv                             0x08004645   Thumb Code   222  ddiv.o(.text)
    __aeabi_i2f                              0x08004723   Thumb Code    18  fflti.o(.text)
    __aeabi_ui2f                             0x08004735   Thumb Code    10  ffltui.o(.text)
    __aeabi_f2uiz                            0x0800473f   Thumb Code    40  ffixui.o(.text)
    __aeabi_f2d                              0x08004767   Thumb Code    38  f2d.o(.text)
    __aeabi_cdrcmple                         0x0800478d   Thumb Code    48  cdrcmple.o(.text)
    __aeabi_d2f                              0x080047bd   Thumb Code    56  d2f.o(.text)
    __aeabi_uidiv                            0x080047f5   Thumb Code     0  uidiv.o(.text)
    __aeabi_uidivmod                         0x080047f5   Thumb Code    44  uidiv.o(.text)
    __aeabi_uldivmod                         0x08004821   Thumb Code    98  uldiv.o(.text)
    __aeabi_llsl                             0x08004883   Thumb Code    30  llshl.o(.text)
    _ll_shift_l                              0x08004883   Thumb Code     0  llshl.o(.text)
    __aeabi_lasr                             0x080048a1   Thumb Code    36  llsshr.o(.text)
    _ll_sshift_r                             0x080048a1   Thumb Code     0  llsshr.o(.text)
    localtime                                0x080048c5   Thumb Code     6  localtime_w.o(.text)
    _localtime                               0x080048d1   Thumb Code   134  localtime_i.o(.text)
    __I$use$fp                               0x0800495d   Thumb Code     0  iusefp.o(.text)
    _float_round                             0x0800495d   Thumb Code    18  fepilogue.o(.text)
    _float_epilogue                          0x0800496f   Thumb Code    92  fepilogue.o(.text)
    _double_round                            0x080049cb   Thumb Code    30  depilogue.o(.text)
    _double_epilogue                         0x080049e9   Thumb Code   156  depilogue.o(.text)
    __aeabi_d2ulz                            0x08004a85   Thumb Code    48  dfixul.o(.text)
    __scatterload                            0x08004ab5   Thumb Code    28  init.o(.text)
    __scatterload_rt2                        0x08004ab5   Thumb Code     0  init.o(.text)
    __aeabi_llsr                             0x08004ad9   Thumb Code    32  llushr.o(.text)
    _ll_ushift_r                             0x08004ad9   Thumb Code     0  llushr.o(.text)
    __decompress                             0x08004af9   Thumb Code     0  __dczerorl2.o(.text)
    __decompress1                            0x08004af9   Thumb Code    86  __dczerorl2.o(.text)
    BackUpAdd                                0x08004bfd   Thumb Code   154  init.o(i.BackUpAdd)
    BackUpClearOne                           0x08004ca5   Thumb Code    66  init.o(i.BackUpClearOne)
    BcdToByte                                0x08004ced   Thumb Code    20  isl1208.o(i.BcdToByte)
    BusFault_Handler                         0x08004d91   Thumb Code     4  gd32f10x_it.o(i.BusFault_Handler)
    ByteToBcd                                0x08004dd7   Thumb Code    24  isl1208.o(i.ByteToBcd)
    CheckCRC                                 0x08004e25   Thumb Code    28  hw_fmc.o(i.CheckCRC)
    Cj2301_EndRead                           0x08004f59   Thumb Code    32  cj2301.o(i.Cj2301_EndRead)
    Cj2301_Init                              0x08004f7d   Thumb Code   140  cj2301.o(i.Cj2301_Init)
    Cj2301_Read                              0x0800503d   Thumb Code    40  cj2301.o(i.Cj2301_Read)
    Cj2301_ReadTempHumi                      0x08005069   Thumb Code   174  cj2301.o(i.Cj2301_ReadTempHumi)
    Cj2301_StartReadTempHumi                 0x08005149   Thumb Code   156  cj2301.o(i.Cj2301_StartReadTempHumi)
    CommunAdd                                0x08005215   Thumb Code    66  hw_uart.o(i.CommunAdd)
    CommunCheck                              0x08005269   Thumb Code    16  hw_uart.o(i.CommunCheck)
    CommunGetData                            0x0800527d   Thumb Code    76  hw_uart.o(i.CommunGetData)
    CommunUartSendBuf                        0x080052d9   Thumb Code    44  hw_uart.o(i.CommunUartSendBuf)
    CreateSocketEnable                       0x08005395   Thumb Code    16  wh_nb73.o(i.CreateSocketEnable)
    DS18B20GetIntTemp                        0x080053cd   Thumb Code   666  ds18b20.o(i.DS18B20GetIntTemp)
    DS18B20_Check                            0x080056e1   Thumb Code   218  ds18b20.o(i.DS18B20_Check)
    DS18B20_Init                             0x080057c1   Thumb Code   140  ds18b20.o(i.DS18B20_Init)
    DS18B20_Read_Bit                         0x08005891   Thumb Code   102  ds18b20.o(i.DS18B20_Read_Bit)
    DS18B20_Read_Byte                        0x080058fd   Thumb Code    34  ds18b20.o(i.DS18B20_Read_Byte)
    DS18B20_Rst                              0x08005921   Thumb Code   120  ds18b20.o(i.DS18B20_Rst)
    DS18B20_Start                            0x0800599d   Thumb Code    46  ds18b20.o(i.DS18B20_Start)
    DS18B20_Write_Byte                       0x080059cd   Thumb Code   106  ds18b20.o(i.DS18B20_Write_Byte)
    DebugMon_Handler                         0x08005a3d   Thumb Code     2  gd32f10x_it.o(i.DebugMon_Handler)
    EXTI10_15_IRQHandler                     0x08005a41   Thumb Code   290  hw_exit.o(i.EXTI10_15_IRQHandler)
    ExitInit                                 0x08005c81   Thumb Code   174  hw_exit.o(i.ExitInit)
    Ext_DS18B20_Write_Byte                   0x08005d35   Thumb Code   114  ds18b20.o(i.Ext_DS18B20_Write_Byte)
    FMC_StoreInfoInit                        0x08005dad   Thumb Code   282  hw_fmc.o(i.FMC_StoreInfoInit)
    GetAttchEnable                           0x08005f45   Thumb Code    16  wh_nb73.o(i.GetAttchEnable)
    GetCcidEnable                            0x08005fb5   Thumb Code    16  wh_nb73.o(i.GetCcidEnable)
    GetChannel3_Status                       0x08005fed   Thumb Code    42  hw_exit.o(i.GetChannel3_Status)
    GetExitPinVal                            0x08006185   Thumb Code   310  hw_exit.o(i.GetExitPinVal)
    GetImeiEnable                            0x08006445   Thumb Code    16  wh_nb73.o(i.GetImeiEnable)
    GetIpEnable                              0x080064d1   Thumb Code    16  wh_nb73.o(i.GetIpEnable)
    GetPciEnable                             0x080066b1   Thumb Code    16  wh_nb73.o(i.GetPciEnable)
    GetRssiEnable                            0x08006749   Thumb Code    16  wh_nb73.o(i.GetRssiEnable)
    GetRtcTime                               0x08006781   Thumb Code   170  isl1208.o(i.GetRtcTime)
    HardFault_Handler                        0x08006c69   Thumb Code     4  gd32f10x_it.o(i.HardFault_Handler)
    HostAdd                                  0x08006c6d   Thumb Code    62  hw_uart.o(i.HostAdd)
    HostCheck                                0x08006cb9   Thumb Code    16  hw_uart.o(i.HostCheck)
    HostGetData                              0x08006ccd   Thumb Code    72  hw_uart.o(i.HostGetData)
    HostUartSendBuf                          0x08006d21   Thumb Code    50  hw_uart.o(i.HostUartSendBuf)
    I2C_Init                                 0x08006d5d   Thumb Code    54  hw_i2c.o(i.I2C_Init)
    Isl1208GetTime                           0x08006dd5   Thumb Code   120  isl1208.o(i.Isl1208GetTime)
    Isl1208Init                              0x08006e55   Thumb Code    74  isl1208.o(i.Isl1208Init)
    MCU_Init                                 0x08007029   Thumb Code   128  init.o(i.MCU_Init)
    MemManage_Handler                        0x0800713d   Thumb Code     4  gd32f10x_it.o(i.MemManage_Handler)
    ModbusProtocol                           0x08007141   Thumb Code    98  modbus.o(i.ModbusProtocol)
    ModbusTimerAct                           0x080071b9   Thumb Code    40  modbus.o(i.ModbusTimerAct)
    Modbus_Crc_Compute                       0x08007209   Thumb Code    42  modbus.o(i.Modbus_Crc_Compute)
    NB_Control                               0x08007239   Thumb Code    50  wh_nb73.o(i.NB_Control)
    NMI_Handler                              0x08007275   Thumb Code     2  gd32f10x_it.o(i.NMI_Handler)
    NbAdd                                    0x08007279   Thumb Code    66  hw_uart.o(i.NbAdd)
    NbCheck                                  0x08007311   Thumb Code    16  hw_uart.o(i.NbCheck)
    NbGetData                                0x08007325   Thumb Code    76  hw_uart.o(i.NbGetData)
    NbResetEnable                            0x08007521   Thumb Code    16  wh_nb73.o(i.NbResetEnable)
    NbUartSendBuf                            0x08007559   Thumb Code    62  hw_uart.o(i.NbUartSendBuf)
    PakStuctInit                             0x080075c5   Thumb Code    46  commucateslave.o(i.PakStuctInit)
    ParsePro                                 0x08007b85   Thumb Code   350  protocol.o(i.ParsePro)
    PendSV_Handler                           0x08007e19   Thumb Code     2  gd32f10x_it.o(i.PendSV_Handler)
    ProtocolTask                             0x08007fc1   Thumb Code    40  protocol.o(i.ProtocolTask)
    ReadBit                                  0x08008051   Thumb Code    76  cj2301.o(i.ReadBit)
    ReadByte                                 0x080080a1   Thumb Code    42  cj2301.o(i.ReadByte)
    ReadDataEnable                           0x080084e1   Thumb Code    16  wh_nb73.o(i.ReadDataEnable)
    ReceParse                                0x08008519   Thumb Code   258  commucateslave.o(i.ReceParse)
    RtcSetTime                               0x080086f5   Thumb Code   118  isl1208.o(i.RtcSetTime)
    SVC_Handler                              0x08009659   Thumb Code     2  gd32f10x_it.o(i.SVC_Handler)
    SendDataEnable                           0x0800995d   Thumb Code    16  wh_nb73.o(i.SendDataEnable)
    SendMainBoardInfoEnable                  0x080099ad   Thumb Code    16  protocol.o(i.SendMainBoardInfoEnable)
    SignalCheck                              0x08009dd9   Thumb Code  1452  hw_exit.o(i.SignalCheck)
    SignalTimerDisable                       0x0800a3b9   Thumb Code    10  hw_timer.o(i.SignalTimerDisable)
    SignalTimerEnable                        0x0800a3c9   Thumb Code    10  hw_timer.o(i.SignalTimerEnable)
    SignalTimerInit                          0x0800a3d9   Thumb Code    72  hw_timer.o(i.SignalTimerInit)
    StoreConfStore                           0x0800a9e9   Thumb Code    20  hw_fmc.o(i.StoreConfStore)
    StoreConfUpdate                          0x0800aa01   Thumb Code    42  hw_fmc.o(i.StoreConfUpdate)
    StoreInfoAdd                             0x0800aa35   Thumb Code   370  hw_fmc.o(i.StoreInfoAdd)
    SysTick_Handler                          0x0800abf5   Thumb Code     2  gd32f10x_it.o(i.SysTick_Handler)
    SystemInit                               0x0800abf9   Thumb Code   116  system_gd32f10x.o(i.SystemInit)
    TIMER1_IRQHandler                        0x0800ac7d   Thumb Code   336  hw_timer.o(i.TIMER1_IRQHandler)
    TIMER2_IRQHandler                        0x0800adf5   Thumb Code    34  hw_timer.o(i.TIMER2_IRQHandler)
    Timer_1ms_Init                           0x0800ae21   Thumb Code    86  hw_timer.o(i.Timer_1ms_Init)
    USART0_IRQHandler                        0x0800ae79   Thumb Code    38  hw_uart.o(i.USART0_IRQHandler)
    USART1_IRQHandler                        0x0800aea9   Thumb Code    62  hw_uart.o(i.USART1_IRQHandler)
    USART2_IRQHandler                        0x0800aef9   Thumb Code    38  hw_uart.o(i.USART2_IRQHandler)
    UTC_to_Unix                              0x0800af29   Thumb Code    60  isl1208.o(i.UTC_to_Unix)
    UartHostReinit                           0x0800b085   Thumb Code    34  hw_uart.o(i.UartHostReinit)
    UartInit                                 0x0800b0ad   Thumb Code    16  hw_uart.o(i.UartInit)
    Unix_to_UTC                              0x0800b149   Thumb Code    96  isl1208.o(i.Unix_to_UTC)
    UsageFault_Handler                       0x0800b1d5   Thumb Code     4  gd32f10x_it.o(i.UsageFault_Handler)
    WdgtFeed                                 0x0800b2a9   Thumb Code    32  hw_wdgt.o(i.WdgtFeed)
    WdgtInit                                 0x0800b2cd   Thumb Code    18  hw_wdgt.o(i.WdgtInit)
    WriteStoreInfo                           0x0800b33d   Thumb Code    82  hw_fmc.o(i.WriteStoreInfo)
    __0printf                                0x0800b399   Thumb Code    22  printfa.o(i.__0printf)
    __1printf                                0x0800b399   Thumb Code     0  printfa.o(i.__0printf)
    __2printf                                0x0800b399   Thumb Code     0  printfa.o(i.__0printf)
    __c89printf                              0x0800b399   Thumb Code     0  printfa.o(i.__0printf)
    printf                                   0x0800b399   Thumb Code     0  printfa.o(i.__0printf)
    __scatterload_copy                       0x0800b3b9   Thumb Code    14  handlers.o(i.__scatterload_copy)
    __scatterload_null                       0x0800b3c7   Thumb Code     2  handlers.o(i.__scatterload_null)
    __scatterload_zeroinit                   0x0800b3c9   Thumb Code    14  handlers.o(i.__scatterload_zeroinit)
    delay_1ms                                0x0800bc8d   Thumb Code    90  systick.o(i.delay_1ms)
    delay_1us                                0x0800bced   Thumb Code    90  systick.o(i.delay_1us)
    exti_init                                0x0800bd4d   Thumb Code   184  gd32f10x_exti.o(i.exti_init)
    exti_interrupt_flag_clear                0x0800be09   Thumb Code     6  gd32f10x_exti.o(i.exti_interrupt_flag_clear)
    exti_interrupt_flag_get                  0x0800be15   Thumb Code    18  gd32f10x_exti.o(i.exti_interrupt_flag_get)
    fmc_bank0_ready_wait                     0x0800be2d   Thumb Code    34  gd32f10x_fmc.o(i.fmc_bank0_ready_wait)
    fmc_bank0_state_get                      0x0800be51   Thumb Code    44  gd32f10x_fmc.o(i.fmc_bank0_state_get)
    fmc_bank1_ready_wait                     0x0800be81   Thumb Code    34  gd32f10x_fmc.o(i.fmc_bank1_ready_wait)
    fmc_bank1_state_get                      0x0800bea5   Thumb Code    44  gd32f10x_fmc.o(i.fmc_bank1_state_get)
    fmc_flag_clear                           0x0800bed5   Thumb Code    28  gd32f10x_fmc.o(i.fmc_flag_clear)
    fmc_lock                                 0x0800bef5   Thumb Code    34  gd32f10x_fmc.o(i.fmc_lock)
    fmc_page_erase                           0x0800bf21   Thumb Code   222  gd32f10x_fmc.o(i.fmc_page_erase)
    fmc_unlock                               0x0800c00d   Thumb Code    52  gd32f10x_fmc.o(i.fmc_unlock)
    fmc_word_program                         0x0800c051   Thumb Code   178  gd32f10x_fmc.o(i.fmc_word_program)
    fputc                                    0x0800c111   Thumb Code    32  hw_uart.o(i.fputc)
    fwdgt_config                             0x0800c135   Thumb Code    94  gd32f10x_fwdgt.o(i.fwdgt_config)
    fwdgt_counter_reload                     0x0800c19d   Thumb Code    10  gd32f10x_fwdgt.o(i.fwdgt_counter_reload)
    fwdgt_enable                             0x0800c1ad   Thumb Code    10  gd32f10x_fwdgt.o(i.fwdgt_enable)
    gpio_exti_source_select                  0x0800c1bd   Thumb Code   146  gd32f10x_gpio.o(i.gpio_exti_source_select)
    gpio_init                                0x0800c255   Thumb Code   172  gd32f10x_gpio.o(i.gpio_init)
    gpio_input_bit_get                       0x0800c301   Thumb Code    16  gd32f10x_gpio.o(i.gpio_input_bit_get)
    gpio_pin_remap_config                    0x0800c311   Thumb Code   138  gd32f10x_gpio.o(i.gpio_pin_remap_config)
    i2c_ack_config                           0x0800c3a1   Thumb Code    24  gd32f10x_i2c.o(i.i2c_ack_config)
    i2c_clock_config                         0x0800c3b9   Thumb Code   216  gd32f10x_i2c.o(i.i2c_clock_config)
    i2c_data_receive                         0x0800c49d   Thumb Code     8  gd32f10x_i2c.o(i.i2c_data_receive)
    i2c_data_transmit                        0x0800c4a5   Thumb Code     6  gd32f10x_i2c.o(i.i2c_data_transmit)
    i2c_enable                               0x0800c4ab   Thumb Code    10  gd32f10x_i2c.o(i.i2c_enable)
    i2c_flag_clear                           0x0800c4b5   Thumb Code    40  gd32f10x_i2c.o(i.i2c_flag_clear)
    i2c_flag_get                             0x0800c4dd   Thumb Code    30  gd32f10x_i2c.o(i.i2c_flag_get)
    i2c_master_addressing                    0x0800c4fb   Thumb Code    20  gd32f10x_i2c.o(i.i2c_master_addressing)
    i2c_mode_addr_config                     0x0800c50f   Thumb Code    28  gd32f10x_i2c.o(i.i2c_mode_addr_config)
    i2c_start_on_bus                         0x0800c52b   Thumb Code    10  gd32f10x_i2c.o(i.i2c_start_on_bus)
    i2c_stop_on_bus                          0x0800c535   Thumb Code    10  gd32f10x_i2c.o(i.i2c_stop_on_bus)
    main                                     0x0800c541   Thumb Code   130  main.o(i.main)
    modbusAct                                0x0800c5c9   Thumb Code  1556  modbus.o(i.modbusAct)
    modbusParse                              0x0800cbed   Thumb Code   324  modbus.o(i.modbusParse)
    modbusValInit                            0x0800cd45   Thumb Code    66  modbus.o(i.modbusValInit)
    nvic_config                              0x0800cd99   Thumb Code    32  hw_timer.o(i.nvic_config)
    nvic_irq_disable                         0x0800cdb9   Thumb Code    18  gd32f10x_misc.o(i.nvic_irq_disable)
    nvic_irq_enable                          0x0800cdd1   Thumb Code   162  gd32f10x_misc.o(i.nvic_irq_enable)
    nvic_priority_group_set                  0x0800ce7d   Thumb Code    10  gd32f10x_misc.o(i.nvic_priority_group_set)
    nvic_vector_table_set                    0x0800ce91   Thumb Code    12  gd32f10x_misc.o(i.nvic_vector_table_set)
    rcu_clock_freq_get                       0x0800cea5   Thumb Code   264  gd32f10x_rcu.o(i.rcu_clock_freq_get)
    rcu_periph_clock_enable                  0x0800cfc9   Thumb Code    28  gd32f10x_rcu.o(i.rcu_periph_clock_enable)
    rcu_periph_reset_disable                 0x0800cfe9   Thumb Code    28  gd32f10x_rcu.o(i.rcu_periph_reset_disable)
    rcu_periph_reset_enable                  0x0800d009   Thumb Code    28  gd32f10x_rcu.o(i.rcu_periph_reset_enable)
    systick_clksource_set                    0x0800d0f5   Thumb Code    40  gd32f10x_misc.o(i.systick_clksource_set)
    systick_config                           0x0800d11d   Thumb Code    46  systick.o(i.systick_config)
    timer_deinit                             0x0800d161   Thumb Code   210  gd32f10x_timer.o(i.timer_deinit)
    timer_disable                            0x0800d23d   Thumb Code    10  gd32f10x_timer.o(i.timer_disable)
    timer_enable                             0x0800d247   Thumb Code    10  gd32f10x_timer.o(i.timer_enable)
    timer_init                               0x0800d251   Thumb Code   170  gd32f10x_timer.o(i.timer_init)
    timer_interrupt_enable                   0x0800d331   Thumb Code     8  gd32f10x_timer.o(i.timer_interrupt_enable)
    timer_interrupt_flag_clear               0x0800d339   Thumb Code     6  gd32f10x_timer.o(i.timer_interrupt_flag_clear)
    timer_interrupt_flag_get                 0x0800d33f   Thumb Code    24  gd32f10x_timer.o(i.timer_interrupt_flag_get)
    usart_baudrate_set                       0x0800d359   Thumb Code   136  gd32f10x_usart.o(i.usart_baudrate_set)
    usart_data_receive                       0x0800d3e9   Thumb Code    10  gd32f10x_usart.o(i.usart_data_receive)
    usart_data_transmit                      0x0800d3f3   Thumb Code     8  gd32f10x_usart.o(i.usart_data_transmit)
    usart_deinit                             0x0800d3fd   Thumb Code   136  gd32f10x_usart.o(i.usart_deinit)
    usart_disable                            0x0800d48d   Thumb Code    10  gd32f10x_usart.o(i.usart_disable)
    usart_enable                             0x0800d497   Thumb Code    10  gd32f10x_usart.o(i.usart_enable)
    usart_flag_get                           0x0800d4a1   Thumb Code    30  gd32f10x_usart.o(i.usart_flag_get)
    usart_hardware_flow_cts_config           0x0800d4bf   Thumb Code    16  gd32f10x_usart.o(i.usart_hardware_flow_cts_config)
    usart_hardware_flow_rts_config           0x0800d4cf   Thumb Code    16  gd32f10x_usart.o(i.usart_hardware_flow_rts_config)
    usart_interrupt_disable                  0x0800d4df   Thumb Code    26  gd32f10x_usart.o(i.usart_interrupt_disable)
    usart_interrupt_enable                   0x0800d4f9   Thumb Code    26  gd32f10x_usart.o(i.usart_interrupt_enable)
    usart_interrupt_flag_clear               0x0800d513   Thumb Code    26  gd32f10x_usart.o(i.usart_interrupt_flag_clear)
    usart_interrupt_flag_get                 0x0800d52d   Thumb Code    56  gd32f10x_usart.o(i.usart_interrupt_flag_get)
    usart_parity_config                      0x0800d565   Thumb Code    16  gd32f10x_usart.o(i.usart_parity_config)
    usart_receive_config                     0x0800d575   Thumb Code    16  gd32f10x_usart.o(i.usart_receive_config)
    usart_stop_bit_set                       0x0800d585   Thumb Code    16  gd32f10x_usart.o(i.usart_stop_bit_set)
    usart_transmit_config                    0x0800d595   Thumb Code    16  gd32f10x_usart.o(i.usart_transmit_config)
    usart_word_length_set                    0x0800d5a5   Thumb Code    16  gd32f10x_usart.o(i.usart_word_length_set)
    Region$$Table$$Base                      0x0800d660   Number         0  anon$$obj.o(Region$$Table)
    Region$$Table$$Limit                     0x0800d680   Number         0  anon$$obj.o(Region$$Table)
    SystemCoreClock                          0x20000000   Data           4  system_gd32f10x.o(.data)
    systemFlag                               0x2000000c   Data           4  init.o(.data)
    Version                                  0x20000010   Data           7  init.o(.data)
    table                                    0x2000001c   Data         280  modbus.o(.data)
    Wtable                                   0x20000134   Data         104  modbus.o(.data)
    WtempHumiTable                           0x2000019c   Data          56  modbus.o(.data)
    PakTimer                                 0x200003dc   Data           4  commucateslave.o(.data)
    ProFunctionFlag                          0x200003ec   Data           4  protocol.o(.data)
    funTable                                 0x200003f0   Data          40  protocol.o(.data)
    TempVal                                  0x2000042c   Data           4  ds18b20.o(.data)
    ComunHead                                0x20000c31   Data           1  hw_uart.o(.data)
    ComunTail                                0x20000c32   Data           1  hw_uart.o(.data)
    CommunCount                              0x20000c33   Data           1  hw_uart.o(.data)
    __stdout                                 0x20000c58   Data           4  stdout.o(.data)
    SigInfo                                  0x20000c5c   Data          12  init.o(.bss)
    StoreInfo                                0x20000c68   Data         588  init.o(.bss)
    BackUpInfo                               0x20000eb4   Data          76  init.o(.bss)
    modbus                                   0x20000f00   Data         258  modbus.o(.bss)
    TempHumiData                             0x20001004   Data         464  modbus.o(.bss)
    PrtocolStr                               0x200012d4   Data         156  commucateslave.o(.bss)
    ProStr                                   0x20001370   Data         205  protocol.o(.bss)
    TimeStr                                  0x20001508   Data          12  isl1208.o(.bss)
    NbInfo                                   0x20001514   Data         128  wh_nb73.o(.bss)
    StoreConf                                0x20001594   Data          40  wh_nb73.o(.bss)
    CommunBuff                               0x20001a17   Data         255  hw_uart.o(.bss)
    __initial_sp                             0x20003b48   Data           0  startup_gd32f10x_md.o(STACK)



==============================================================================

Memory Map of the image

  Image Entry point : 0x08004105

  Load Region LR_IROM1 (Base: 0x08004000, Size: 0x0000a2dc, Max: 0x00010000, ABSOLUTE, COMPRESSED[0x00009e58])

    Execution Region ER_IROM1 (Exec base: 0x08004000, Load base: 0x08004000, Size: 0x00009680, Max: 0x00010000, ABSOLUTE)

    Exec Addr    Load Addr    Size         Type   Attr      Idx    E Section Name        Object

    0x08004000   0x08004000   0x00000104   Data   RO          139    RESET               startup_gd32f10x_md.o
    0x08004104   0x08004104   0x00000000   Code   RO         5773  * .ARM.Collect$$$$00000000  mc_w.l(entry.o)
    0x08004104   0x08004104   0x00000004   Code   RO         6081    .ARM.Collect$$$$00000001  mc_w.l(entry2.o)
    0x08004108   0x08004108   0x00000004   Code   RO         6084    .ARM.Collect$$$$00000004  mc_w.l(entry5.o)
    0x0800410c   0x0800410c   0x00000000   Code   RO         6086    .ARM.Collect$$$$00000008  mc_w.l(entry7b.o)
    0x0800410c   0x0800410c   0x00000000   Code   RO         6088    .ARM.Collect$$$$0000000A  mc_w.l(entry8b.o)
    0x0800410c   0x0800410c   0x00000008   Code   RO         6089    .ARM.Collect$$$$0000000B  mc_w.l(entry9a.o)
    0x08004114   0x08004114   0x00000000   Code   RO         6091    .ARM.Collect$$$$0000000D  mc_w.l(entry10a.o)
    0x08004114   0x08004114   0x00000000   Code   RO         6093    .ARM.Collect$$$$0000000F  mc_w.l(entry11a.o)
    0x08004114   0x08004114   0x00000004   Code   RO         6082    .ARM.Collect$$$$00002712  mc_w.l(entry2.o)
    0x08004118   0x08004118   0x00000024   Code   RO          140    .text               startup_gd32f10x_md.o
    0x0800413c   0x0800413c   0x00000024   Code   RO         5776    .text               mc_w.l(rand.o)
    0x08004160   0x08004160   0x000000a8   Code   RO         5783    .text               mc_w.l(mktime.o)
    0x08004208   0x08004208   0x00000024   Code   RO         5786    .text               mc_w.l(memcpya.o)
    0x0800422c   0x0800422c   0x00000024   Code   RO         5788    .text               mc_w.l(memseta.o)
    0x08004250   0x08004250   0x00000024   Code   RO         5790    .text               mc_w.l(strstr.o)
    0x08004274   0x08004274   0x0000000e   Code   RO         5792    .text               mc_w.l(strlen.o)
    0x08004282   0x08004282   0x000000b0   Code   RO         6057    .text               mf_w.l(fadd.o)
    0x08004332   0x08004332   0x00000064   Code   RO         6059    .text               mf_w.l(fmul.o)
    0x08004396   0x08004396   0x0000007c   Code   RO         6061    .text               mf_w.l(fdiv.o)
    0x08004412   0x08004412   0x0000014e   Code   RO         6063    .text               mf_w.l(dadd.o)
    0x08004560   0x08004560   0x000000e4   Code   RO         6065    .text               mf_w.l(dmul.o)
    0x08004644   0x08004644   0x000000de   Code   RO         6067    .text               mf_w.l(ddiv.o)
    0x08004722   0x08004722   0x00000012   Code   RO         6069    .text               mf_w.l(fflti.o)
    0x08004734   0x08004734   0x0000000a   Code   RO         6071    .text               mf_w.l(ffltui.o)
    0x0800473e   0x0800473e   0x00000028   Code   RO         6073    .text               mf_w.l(ffixui.o)
    0x08004766   0x08004766   0x00000026   Code   RO         6075    .text               mf_w.l(f2d.o)
    0x0800478c   0x0800478c   0x00000030   Code   RO         6077    .text               mf_w.l(cdrcmple.o)
    0x080047bc   0x080047bc   0x00000038   Code   RO         6079    .text               mf_w.l(d2f.o)
    0x080047f4   0x080047f4   0x0000002c   Code   RO         6096    .text               mc_w.l(uidiv.o)
    0x08004820   0x08004820   0x00000062   Code   RO         6098    .text               mc_w.l(uldiv.o)
    0x08004882   0x08004882   0x0000001e   Code   RO         6100    .text               mc_w.l(llshl.o)
    0x080048a0   0x080048a0   0x00000024   Code   RO         6102    .text               mc_w.l(llsshr.o)
    0x080048c4   0x080048c4   0x0000000c   Code   RO         6104    .text               mc_w.l(localtime_w.o)
    0x080048d0   0x080048d0   0x0000008c   Code   RO         6107    .text               mc_w.l(localtime_i.o)
    0x0800495c   0x0800495c   0x00000000   Code   RO         6110    .text               mc_w.l(iusefp.o)
    0x0800495c   0x0800495c   0x0000006e   Code   RO         6111    .text               mf_w.l(fepilogue.o)
    0x080049ca   0x080049ca   0x000000ba   Code   RO         6113    .text               mf_w.l(depilogue.o)
    0x08004a84   0x08004a84   0x00000030   Code   RO         6115    .text               mf_w.l(dfixul.o)
    0x08004ab4   0x08004ab4   0x00000024   Code   RO         6117    .text               mc_w.l(init.o)
    0x08004ad8   0x08004ad8   0x00000020   Code   RO         6119    .text               mc_w.l(llushr.o)
    0x08004af8   0x08004af8   0x00000056   Code   RO         6129    .text               mc_w.l(__dczerorl2.o)
    0x08004b4e   0x08004b4e   0x00000002   PAD
    0x08004b50   0x08004b50   0x000000ac   Code   RO         4822    i.AsynCheck         wh_nb73.o
    0x08004bfc   0x08004bfc   0x000000a8   Code   RO         3890    i.BackUpAdd         init.o
    0x08004ca4   0x08004ca4   0x00000048   Code   RO         3891    i.BackUpClearOne    init.o
    0x08004cec   0x08004cec   0x00000014   Code   RO         4743    i.BcdToByte         isl1208.o
    0x08004d00   0x08004d00   0x00000090   Code   RO         4385    i.BuildSendProPak   protocol.o
    0x08004d90   0x08004d90   0x00000004   Code   RO         3676    i.BusFault_Handler  gd32f10x_it.o
    0x08004d94   0x08004d94   0x00000042   Code   RO         4823    i.Byte2HexString    wh_nb73.o
    0x08004dd6   0x08004dd6   0x00000018   Code   RO         4744    i.ByteToBcd         isl1208.o
    0x08004dee   0x08004dee   0x00000002   PAD
    0x08004df0   0x08004df0   0x00000034   Code   RO         4824    i.CCID_TO_BCD       wh_nb73.o
    0x08004e24   0x08004e24   0x0000001c   Code   RO         5649    i.CheckCRC          hw_fmc.o
    0x08004e40   0x08004e40   0x00000018   Code   RO         3813    i.CheckLedNormal    main.o
    0x08004e58   0x08004e58   0x00000048   Code   RO         4825    i.CheckNet          wh_nb73.o
    0x08004ea0   0x08004ea0   0x000000b8   Code   RO         5317    i.Cj2301CheckConnect  cj2301.o
    0x08004f58   0x08004f58   0x00000024   Code   RO         5318    i.Cj2301_EndRead    cj2301.o
    0x08004f7c   0x08004f7c   0x000000c0   Code   RO         5319    i.Cj2301_Init       cj2301.o
    0x0800503c   0x0800503c   0x0000002c   Code   RO         5320    i.Cj2301_Read       cj2301.o
    0x08005068   0x08005068   0x000000e0   Code   RO         5321    i.Cj2301_ReadTempHumi  cj2301.o
    0x08005148   0x08005148   0x000000a0   Code   RO         5322    i.Cj2301_StartReadTempHumi  cj2301.o
    0x080051e8   0x080051e8   0x00000010   Code   RO         4386    i.ClearData         protocol.o
    0x080051f8   0x080051f8   0x0000001c   Code   RO         4826    i.ClearRevBuf       wh_nb73.o
    0x08005214   0x08005214   0x00000054   Code   RO         5443    i.CommunAdd         hw_uart.o
    0x08005268   0x08005268   0x00000014   Code   RO         5444    i.CommunCheck       hw_uart.o
    0x0800527c   0x0800527c   0x0000005c   Code   RO         5445    i.CommunGetData     hw_uart.o
    0x080052d8   0x080052d8   0x00000030   Code   RO         5446    i.CommunUartSendBuf  hw_uart.o
    0x08005308   0x08005308   0x00000030   Code   RO         4827    i.ConfResCheck      wh_nb73.o
    0x08005338   0x08005338   0x00000044   Code   RO         4828    i.CreateSocket      wh_nb73.o
    0x0800537c   0x0800537c   0x00000018   Code   RO         4829    i.CreateSocketDisable  wh_nb73.o
    0x08005394   0x08005394   0x00000014   Code   RO         4830    i.CreateSocketEnable  wh_nb73.o
    0x080053a8   0x080053a8   0x00000024   Code   RO         4831    i.CreateSocketFunc  wh_nb73.o
    0x080053cc   0x080053cc   0x00000314   Code   RO         4651    i.DS18B20GetIntTemp  ds18b20.o
    0x080056e0   0x080056e0   0x000000e0   Code   RO         4652    i.DS18B20_Check     ds18b20.o
    0x080057c0   0x080057c0   0x000000d0   Code   RO         4653    i.DS18B20_Init      ds18b20.o
    0x08005890   0x08005890   0x0000006c   Code   RO         4654    i.DS18B20_Read_Bit  ds18b20.o
    0x080058fc   0x080058fc   0x00000022   Code   RO         4655    i.DS18B20_Read_Byte  ds18b20.o
    0x0800591e   0x0800591e   0x00000002   PAD
    0x08005920   0x08005920   0x0000007c   Code   RO         4656    i.DS18B20_Rst       ds18b20.o
    0x0800599c   0x0800599c   0x0000002e   Code   RO         4657    i.DS18B20_Start     ds18b20.o
    0x080059ca   0x080059ca   0x00000002   PAD
    0x080059cc   0x080059cc   0x00000070   Code   RO         4658    i.DS18B20_Write_Byte  ds18b20.o
    0x08005a3c   0x08005a3c   0x00000002   Code   RO         3677    i.DebugMon_Handler  gd32f10x_it.o
    0x08005a3e   0x08005a3e   0x00000002   PAD
    0x08005a40   0x08005a40   0x00000130   Code   RO         5584    i.EXTI10_15_IRQHandler  hw_exit.o
    0x08005b70   0x08005b70   0x00000020   Code   RO         4313    i.EnterBypass       commucateslave.o
    0x08005b90   0x08005b90   0x00000048   Code   RO         4314    i.EnterUpgradeAction  commucateslave.o
    0x08005bd8   0x08005bd8   0x000000a8   Code   RO         3947    i.ExitBypassParse   modbus.o
    0x08005c80   0x08005c80   0x000000b4   Code   RO         5585    i.ExitInit          hw_exit.o
    0x08005d34   0x08005d34   0x00000078   Code   RO         4661    i.Ext_DS18B20_Write_Byte  ds18b20.o
    0x08005dac   0x08005dac   0x00000130   Code   RO         5650    i.FMC_StoreInfoInit  hw_fmc.o
    0x08005edc   0x08005edc   0x0000002c   Code   RO         4833    i.GetAttach         wh_nb73.o
    0x08005f08   0x08005f08   0x00000018   Code   RO         4834    i.GetAttachDisable  wh_nb73.o
    0x08005f20   0x08005f20   0x00000024   Code   RO         4835    i.GetAttachFunc     wh_nb73.o
    0x08005f44   0x08005f44   0x00000014   Code   RO         4836    i.GetAttchEnable    wh_nb73.o
    0x08005f58   0x08005f58   0x0000000c   Code   RO         3948    i.GetBaudRateH      modbus.o
    0x08005f64   0x08005f64   0x0000000c   Code   RO         3949    i.GetBaudRateL      modbus.o
    0x08005f70   0x08005f70   0x0000002c   Code   RO         4837    i.GetCCID           wh_nb73.o
    0x08005f9c   0x08005f9c   0x00000018   Code   RO         4838    i.GetCCIDDisable    wh_nb73.o
    0x08005fb4   0x08005fb4   0x00000014   Code   RO         4839    i.GetCcidEnable     wh_nb73.o
    0x08005fc8   0x08005fc8   0x00000024   Code   RO         4840    i.GetCcidFunc       wh_nb73.o
    0x08005fec   0x08005fec   0x00000038   Code   RO         5586    i.GetChannel3_Status  hw_exit.o
    0x08006024   0x08006024   0x00000028   Code   RO         3950    i.GetChannel4Alarm  modbus.o
    0x0800604c   0x0800604c   0x0000001e   Code   RO         4841    i.GetCheckSum       wh_nb73.o
    0x0800606a   0x0800606a   0x00000002   PAD
    0x0800606c   0x0800606c   0x00000010   Code   RO         3951    i.GetCloseAbnormal  modbus.o
    0x0800607c   0x0800607c   0x00000010   Code   RO         3952    i.GetCloseAlarm     modbus.o
    0x0800608c   0x0800608c   0x00000034   Code   RO         3953    i.GetCloseFlag      modbus.o
    0x080060c0   0x080060c0   0x00000034   Code   RO         3954    i.GetCloseTime      modbus.o
    0x080060f4   0x080060f4   0x00000034   Code   RO         3955    i.GetCloseUnixH     modbus.o
    0x08006128   0x08006128   0x0000005c   Code   RO         3956    i.GetCloseUnixL     modbus.o
    0x08006184   0x08006184   0x000001a0   Code   RO         5587    i.GetExitPinVal     hw_exit.o
    0x08006324   0x08006324   0x00000018   Code   RO         3957    i.GetExterTem       modbus.o
    0x0800633c   0x0800633c   0x00000014   Code   RO         3958    i.GetHumi           modbus.o
    0x08006350   0x08006350   0x0000000c   Code   RO         3959    i.GetHumiAbnormal   modbus.o
    0x0800635c   0x0800635c   0x00000018   Code   RO         4387    i.GetHumiIdDisable  protocol.o
    0x08006374   0x08006374   0x00000014   Code   RO         4388    i.GetHumiIdEnable   protocol.o
    0x08006388   0x08006388   0x00000024   Code   RO         4389    i.GetHumiIdFun      protocol.o
    0x080063ac   0x080063ac   0x00000014   Code   RO         4390    i.GetHumiValEnable  protocol.o
    0x080063c0   0x080063c0   0x00000024   Code   RO         4391    i.GetHumiValFun     protocol.o
    0x080063e4   0x080063e4   0x00000018   Code   RO         4392    i.GetHumipValDisable  protocol.o
    0x080063fc   0x080063fc   0x00000004   Code   RO         3960    i.GetHwVer          modbus.o
    0x08006400   0x08006400   0x0000002c   Code   RO         4842    i.GetImei           wh_nb73.o
    0x0800642c   0x0800642c   0x00000018   Code   RO         4843    i.GetImeiDisable    wh_nb73.o
    0x08006444   0x08006444   0x00000014   Code   RO         4844    i.GetImeiEnable     wh_nb73.o
    0x08006458   0x08006458   0x00000024   Code   RO         4845    i.GetImeiFunc       wh_nb73.o
    0x0800647c   0x0800647c   0x0000000c   Code   RO         3961    i.GetInterTem       modbus.o
    0x08006488   0x08006488   0x00000030   Code   RO         4846    i.GetIp             wh_nb73.o
    0x080064b8   0x080064b8   0x00000018   Code   RO         4847    i.GetIpDisable      wh_nb73.o
    0x080064d0   0x080064d0   0x00000014   Code   RO         4848    i.GetIpEnable       wh_nb73.o
    0x080064e4   0x080064e4   0x00000024   Code   RO         4849    i.GetIpFunc         wh_nb73.o
    0x08006508   0x08006508   0x00000010   Code   RO         3962    i.GetOpenAbnormal   modbus.o
    0x08006518   0x08006518   0x00000010   Code   RO         3963    i.GetOpenAlarm      modbus.o
    0x08006528   0x08006528   0x00000034   Code   RO         3964    i.GetOpenCloseFlag  modbus.o
    0x0800655c   0x0800655c   0x00000034   Code   RO         3965    i.GetOpenCloseTime  modbus.o
    0x08006590   0x08006590   0x00000034   Code   RO         3966    i.GetOpenCloseUnixH  modbus.o
    0x080065c4   0x080065c4   0x0000005c   Code   RO         3967    i.GetOpenCloseUnixL  modbus.o
    0x08006620   0x08006620   0x0000003c   Code   RO         4850    i.GetPCI            wh_nb73.o
    0x0800665c   0x0800665c   0x0000003c   Code   RO         4393    i.GetParseProtocolStatus  protocol.o
    0x08006698   0x08006698   0x00000018   Code   RO         4851    i.GetPciDisable     wh_nb73.o
    0x080066b0   0x080066b0   0x00000014   Code   RO         4852    i.GetPciEnable      wh_nb73.o
    0x080066c4   0x080066c4   0x00000024   Code   RO         4853    i.GetPciFunc        wh_nb73.o
    0x080066e8   0x080066e8   0x0000002c   Code   RO         4854    i.GetRSSI           wh_nb73.o
    0x08006714   0x08006714   0x0000000c   Code   RO         3968    i.GetRTC_TimeH      modbus.o
    0x08006720   0x08006720   0x00000010   Code   RO         3969    i.GetRTC_TimeL      modbus.o
    0x08006730   0x08006730   0x00000018   Code   RO         4855    i.GetRssiDisable    wh_nb73.o
    0x08006748   0x08006748   0x00000014   Code   RO         4856    i.GetRssiEnable     wh_nb73.o
    0x0800675c   0x0800675c   0x00000024   Code   RO         4857    i.GetRssiFunc       wh_nb73.o
    0x08006780   0x08006780   0x000000e4   Code   RO         4745    i.GetRtcTime        isl1208.o
    0x08006864   0x08006864   0x0000000c   Code   RO         3970    i.GetSlaveId        modbus.o
    0x08006870   0x08006870   0x0000000c   Code   RO         3971    i.GetTemAbnormal    modbus.o
    0x0800687c   0x0800687c   0x0000000c   Code   RO         3972    i.GetTemDiffAlarm   modbus.o
    0x08006888   0x08006888   0x0000000c   Code   RO         3973    i.GetTemSimpleInterval  modbus.o
    0x08006894   0x08006894   0x00000018   Code   RO         4394    i.GetTempIdDisable  protocol.o
    0x080068ac   0x080068ac   0x00000014   Code   RO         4395    i.GetTempIdEnable   protocol.o
    0x080068c0   0x080068c0   0x00000024   Code   RO         4396    i.GetTempIdFun      protocol.o
    0x080068e4   0x080068e4   0x00000018   Code   RO         4397    i.GetTempValDisable  protocol.o
    0x080068fc   0x080068fc   0x00000014   Code   RO         4398    i.GetTempValEnable  protocol.o
    0x08006910   0x08006910   0x00000024   Code   RO         4399    i.GetTempValFun     protocol.o
    0x08006934   0x08006934   0x00000014   Code   RO         3974    i.GetUniqueID_HLLL  modbus.o
    0x08006948   0x08006948   0x00000014   Code   RO         3975    i.GetUniqueID_LHLL  modbus.o
    0x0800695c   0x0800695c   0x00000014   Code   RO         3976    i.GetUniqueID_LLHL  modbus.o
    0x08006970   0x08006970   0x00000014   Code   RO         3977    i.GetUniqueID_LLLH  modbus.o
    0x08006984   0x08006984   0x00000048   Code   RO         3978    i.GetWaterTemp      modbus.o
    0x080069cc   0x080069cc   0x000000d0   Code   RO         5323    i.GetWaterTemp      cj2301.o
    0x08006a9c   0x08006a9c   0x00000044   Code   RO         3979    i.GetWaterTempDiff  modbus.o
    0x08006ae0   0x08006ae0   0x00000018   Code   RO         4400    i.GetWlStatusDisable  protocol.o
    0x08006af8   0x08006af8   0x00000014   Code   RO         4401    i.GetWlStatusEnable  protocol.o
    0x08006b0c   0x08006b0c   0x00000024   Code   RO         4402    i.GetWlStatusFun    protocol.o
    0x08006b30   0x08006b30   0x00000030   Code   RO         3980    i.GetWl_1_4_diff    modbus.o
    0x08006b60   0x08006b60   0x00000030   Code   RO         3981    i.GetWl_2_5_diff    modbus.o
    0x08006b90   0x08006b90   0x00000030   Code   RO         3982    i.GetWl_3_6_diff    modbus.o
    0x08006bc0   0x08006bc0   0x000000a8   Code   RO         3892    i.GpioInit          init.o
    0x08006c68   0x08006c68   0x00000004   Code   RO         3678    i.HardFault_Handler  gd32f10x_it.o
    0x08006c6c   0x08006c6c   0x0000004c   Code   RO         5447    i.HostAdd           hw_uart.o
    0x08006cb8   0x08006cb8   0x00000014   Code   RO         5448    i.HostCheck         hw_uart.o
    0x08006ccc   0x08006ccc   0x00000054   Code   RO         5449    i.HostGetData       hw_uart.o
    0x08006d20   0x08006d20   0x0000003c   Code   RO         5450    i.HostUartSendBuf   hw_uart.o
    0x08006d5c   0x08006d5c   0x00000044   Code   RO         5629    i.I2C_Init          hw_i2c.o
    0x08006da0   0x08006da0   0x00000034   Code   RO         4858    i.IMEI_TO_BCD       wh_nb73.o
    0x08006dd4   0x08006dd4   0x00000080   Code   RO         4746    i.Isl1208GetTime    isl1208.o
    0x08006e54   0x08006e54   0x00000050   Code   RO         4747    i.Isl1208Init       isl1208.o
    0x08006ea4   0x08006ea4   0x000000e8   Code   RO         4748    i.Isl1208Read       isl1208.o
    0x08006f8c   0x08006f8c   0x0000009c   Code   RO         4749    i.Isl1208Write      isl1208.o
    0x08007028   0x08007028   0x00000114   Code   RO         3893    i.MCU_Init          init.o
    0x0800713c   0x0800713c   0x00000004   Code   RO         3679    i.MemManage_Handler  gd32f10x_it.o
    0x08007140   0x08007140   0x00000068   Code   RO         3983    i.ModbusProtocol    modbus.o
    0x080071a8   0x080071a8   0x00000010   Code   RO         3984    i.ModbusSend        modbus.o
    0x080071b8   0x080071b8   0x00000030   Code   RO         3985    i.ModbusTimerAct    modbus.o
    0x080071e8   0x080071e8   0x00000010   Code   RO         3986    i.ModbusTimerDisable  modbus.o
    0x080071f8   0x080071f8   0x00000010   Code   RO         3987    i.ModbusTimerEnable  modbus.o
    0x08007208   0x08007208   0x00000030   Code   RO         3988    i.Modbus_Crc_Compute  modbus.o
    0x08007238   0x08007238   0x0000003c   Code   RO         4859    i.NB_Control        wh_nb73.o
    0x08007274   0x08007274   0x00000002   Code   RO         3680    i.NMI_Handler       gd32f10x_it.o
    0x08007276   0x08007276   0x00000002   PAD
    0x08007278   0x08007278   0x00000054   Code   RO         5451    i.NbAdd             hw_uart.o
    0x080072cc   0x080072cc   0x00000044   Code   RO         4860    i.NbApplication     wh_nb73.o
    0x08007310   0x08007310   0x00000014   Code   RO         5452    i.NbCheck           hw_uart.o
    0x08007324   0x08007324   0x0000005c   Code   RO         5453    i.NbGetData         hw_uart.o
    0x08007380   0x08007380   0x00000060   Code   RO         4861    i.NbParse           wh_nb73.o
    0x080073e0   0x080073e0   0x00000128   Code   RO         4862    i.NbReset           wh_nb73.o
    0x08007508   0x08007508   0x00000018   Code   RO         4863    i.NbResetDisable    wh_nb73.o
    0x08007520   0x08007520   0x00000014   Code   RO         4864    i.NbResetEnable     wh_nb73.o
    0x08007534   0x08007534   0x00000024   Code   RO         4865    i.NbResetFunc       wh_nb73.o
    0x08007558   0x08007558   0x00000048   Code   RO         5454    i.NbUartSendBuf     hw_uart.o
    0x080075a0   0x080075a0   0x00000024   Code   RO         4315    i.PakAction         commucateslave.o
    0x080075c4   0x080075c4   0x00000038   Code   RO         4316    i.PakStuctInit      commucateslave.o
    0x080075fc   0x080075fc   0x00000010   Code   RO         4317    i.PakTimerStart     commucateslave.o
    0x0800760c   0x0800760c   0x00000010   Code   RO         4318    i.PakTimerStop      commucateslave.o
    0x0800761c   0x0800761c   0x000000ac   Code   RO         4866    i.ParseCreateSocket  wh_nb73.o
    0x080076c8   0x080076c8   0x000000b8   Code   RO         4867    i.ParseGetAttach    wh_nb73.o
    0x08007780   0x08007780   0x000000b8   Code   RO         4868    i.ParseGetCCID      wh_nb73.o
    0x08007838   0x08007838   0x000000c0   Code   RO         4869    i.ParseGetImei      wh_nb73.o
    0x080078f8   0x080078f8   0x00000078   Code   RO         4870    i.ParseGetIp        wh_nb73.o
    0x08007970   0x08007970   0x00000118   Code   RO         4871    i.ParseGetPCI       wh_nb73.o
    0x08007a88   0x08007a88   0x000000fc   Code   RO         4872    i.ParseGetRSSI      wh_nb73.o
    0x08007b84   0x08007b84   0x00000174   Code   RO         4403    i.ParsePro          protocol.o
    0x08007cf8   0x08007cf8   0x000000d4   Code   RO         4873    i.ParseReadData     wh_nb73.o
    0x08007dcc   0x08007dcc   0x0000004c   Code   RO         4874    i.ParseSendData     wh_nb73.o
    0x08007e18   0x08007e18   0x00000002   Code   RO         3681    i.PendSV_Handler    gd32f10x_it.o
    0x08007e1a   0x08007e1a   0x00000002   PAD
    0x08007e1c   0x08007e1c   0x000001a4   Code   RO         4404    i.ProCheckRunFunc   protocol.o
    0x08007fc0   0x08007fc0   0x00000030   Code   RO         4405    i.ProtocolTask      protocol.o
    0x08007ff0   0x08007ff0   0x00000060   Code   RO         3894    i.RcuClockInit      init.o
    0x08008050   0x08008050   0x00000050   Code   RO         5324    i.ReadBit           cj2301.o
    0x080080a0   0x080080a0   0x0000002a   Code   RO         5325    i.ReadByte          cj2301.o
    0x080080ca   0x080080ca   0x00000002   PAD
    0x080080cc   0x080080cc   0x00000040   Code   RO         4875    i.ReadData          wh_nb73.o
    0x0800810c   0x0800810c   0x000003bc   Code   RO         4876    i.ReadData2Byte     wh_nb73.o
    0x080084c8   0x080084c8   0x00000018   Code   RO         4877    i.ReadDataDisable   wh_nb73.o
    0x080084e0   0x080084e0   0x00000014   Code   RO         4878    i.ReadDataEnable    wh_nb73.o
    0x080084f4   0x080084f4   0x00000024   Code   RO         4879    i.ReadDataFunc      wh_nb73.o
    0x08008518   0x08008518   0x00000110   Code   RO         4319    i.ReceParse         commucateslave.o
    0x08008628   0x08008628   0x00000044   Code   RO         4880    i.ResBuffAdd        wh_nb73.o
    0x0800866c   0x0800866c   0x00000088   Code   RO         4320    i.ResponsePak       commucateslave.o
    0x080086f4   0x080086f4   0x00000076   Code   RO         4750    i.RtcSetTime        isl1208.o
    0x0800876a   0x0800876a   0x00000002   PAD
    0x0800876c   0x0800876c   0x00000088   Code   RO         4881    i.RunCreateSocket   wh_nb73.o
    0x080087f4   0x080087f4   0x00000078   Code   RO         4882    i.RunGetAttach      wh_nb73.o
    0x0800886c   0x0800886c   0x00000088   Code   RO         4883    i.RunGetCCID        wh_nb73.o
    0x080088f4   0x080088f4   0x000000a8   Code   RO         4406    i.RunGetHumiId      protocol.o
    0x0800899c   0x0800899c   0x00000094   Code   RO         4407    i.RunGetHumiVal     protocol.o
    0x08008a30   0x08008a30   0x000000ac   Code   RO         4884    i.RunGetImei        wh_nb73.o
    0x08008adc   0x08008adc   0x00000088   Code   RO         4885    i.RunGetIp          wh_nb73.o
    0x08008b64   0x08008b64   0x00000088   Code   RO         4886    i.RunGetPCI         wh_nb73.o
    0x08008bec   0x08008bec   0x0000006c   Code   RO         4887    i.RunGetRSSI        wh_nb73.o
    0x08008c58   0x08008c58   0x000000a8   Code   RO         4408    i.RunGetTempId      protocol.o
    0x08008d00   0x08008d00   0x00000094   Code   RO         4409    i.RunGetTempVal     protocol.o
    0x08008d94   0x08008d94   0x00000084   Code   RO         4410    i.RunGetWlStatus    protocol.o
    0x08008e18   0x08008e18   0x000000ac   Code   RO         4888    i.RunReadData       wh_nb73.o
    0x08008ec4   0x08008ec4   0x0000007c   Code   RO         4411    i.RunSendCommuncationStatus  protocol.o
    0x08008f40   0x08008f40   0x000000ac   Code   RO         4889    i.RunSendData       wh_nb73.o
    0x08008fec   0x08008fec   0x00000110   Code   RO         4412    i.RunSendMainBoardInfo  protocol.o
    0x080090fc   0x080090fc   0x00000068   Code   RO         4413    i.RunSendSignal     protocol.o
    0x08009164   0x08009164   0x000000b0   Code   RO         4414    i.RunSetAbnormal    protocol.o
    0x08009214   0x08009214   0x00000444   Code   RO         4415    i.RunSetSelfTempHumi  protocol.o
    0x08009658   0x08009658   0x00000002   Code   RO         3682    i.SVC_Handler       gd32f10x_it.o
    0x0800965a   0x0800965a   0x00000002   PAD
    0x0800965c   0x0800965c   0x00000020   Code   RO         4890    i.SenData           wh_nb73.o
    0x0800967c   0x0800967c   0x00000018   Code   RO         4416    i.SendCommuncationStatusDisable  protocol.o
    0x08009694   0x08009694   0x00000014   Code   RO         4417    i.SendCommuncationStatusEnable  protocol.o
    0x080096a8   0x080096a8   0x00000024   Code   RO         4418    i.SendCommuncationStatusFun  protocol.o
    0x080096cc   0x080096cc   0x00000278   Code   RO         4891    i.SendDataCheck     wh_nb73.o
    0x08009944   0x08009944   0x00000018   Code   RO         4892    i.SendDataDisable   wh_nb73.o
    0x0800995c   0x0800995c   0x00000014   Code   RO         4893    i.SendDataEnable    wh_nb73.o
    0x08009970   0x08009970   0x00000024   Code   RO         4894    i.SendDataFunc      wh_nb73.o
    0x08009994   0x08009994   0x00000018   Code   RO         4419    i.SendMainBoardInfoDisable  protocol.o
    0x080099ac   0x080099ac   0x00000014   Code   RO         4420    i.SendMainBoardInfoEnable  protocol.o
    0x080099c0   0x080099c0   0x00000024   Code   RO         4421    i.SendMainBoardInfoFun  protocol.o
    0x080099e4   0x080099e4   0x00000124   Code   RO         4895    i.SendRegCheck      wh_nb73.o
    0x08009b08   0x08009b08   0x00000018   Code   RO         4422    i.SendSignalDisable  protocol.o
    0x08009b20   0x08009b20   0x00000014   Code   RO         4423    i.SendSignalEnable  protocol.o
    0x08009b34   0x08009b34   0x00000024   Code   RO         4424    i.SendSignalFun     protocol.o
    0x08009b58   0x08009b58   0x00000018   Code   RO         4425    i.SetAbnormalDisable  protocol.o
    0x08009b70   0x08009b70   0x00000014   Code   RO         4426    i.SetAbnormalEnable  protocol.o
    0x08009b84   0x08009b84   0x00000024   Code   RO         4427    i.SetAbnormalFun    protocol.o
    0x08009ba8   0x08009ba8   0x00000014   Code   RO         3989    i.SetBaudRateH      modbus.o
    0x08009bbc   0x08009bbc   0x0000001c   Code   RO         3990    i.SetBaudRateL      modbus.o
    0x08009bd8   0x08009bd8   0x00000014   Code   RO         3991    i.SetCloseAbnormal  modbus.o
    0x08009bec   0x08009bec   0x00000014   Code   RO         3992    i.SetCloseAlarm     modbus.o
    0x08009c00   0x08009c00   0x0000000c   Code   RO         3993    i.SetHumiAbnormal   modbus.o
    0x08009c0c   0x08009c0c   0x00000014   Code   RO         3994    i.SetOpenAbnormal   modbus.o
    0x08009c20   0x08009c20   0x00000014   Code   RO         3995    i.SetOpenAlarm      modbus.o
    0x08009c34   0x08009c34   0x0000000c   Code   RO         3996    i.SetRtcH           modbus.o
    0x08009c40   0x08009c40   0x00000030   Code   RO         3997    i.SetRtcL           modbus.o
    0x08009c70   0x08009c70   0x0000001c   Code   RO         3998    i.SetSelfHumi       modbus.o
    0x08009c8c   0x08009c8c   0x0000001c   Code   RO         3999    i.SetSelfTemp1      modbus.o
    0x08009ca8   0x08009ca8   0x0000001c   Code   RO         4000    i.SetSelfTemp2      modbus.o
    0x08009cc4   0x08009cc4   0x0000001c   Code   RO         4001    i.SetSelfTemp3      modbus.o
    0x08009ce0   0x08009ce0   0x0000001c   Code   RO         4002    i.SetSelfTemp4      modbus.o
    0x08009cfc   0x08009cfc   0x0000001c   Code   RO         4003    i.SetSelfTemp5      modbus.o
    0x08009d18   0x08009d18   0x0000001c   Code   RO         4004    i.SetSelfTemp6      modbus.o
    0x08009d34   0x08009d34   0x00000018   Code   RO         4428    i.SetSelfTempHumiDisable  protocol.o
    0x08009d4c   0x08009d4c   0x00000014   Code   RO         4429    i.SetSelfTempHumiEnable  protocol.o
    0x08009d60   0x08009d60   0x00000024   Code   RO         4430    i.SetSelfTempHumiFun  protocol.o
    0x08009d84   0x08009d84   0x00000018   Code   RO         4005    i.SetSlaveID        modbus.o
    0x08009d9c   0x08009d9c   0x00000014   Code   RO         4006    i.SetTemAbnormal    modbus.o
    0x08009db0   0x08009db0   0x00000014   Code   RO         4007    i.SetTemDiffAlarm   modbus.o
    0x08009dc4   0x08009dc4   0x00000014   Code   RO         4008    i.SetTemSimpleInterval  modbus.o
    0x08009dd8   0x08009dd8   0x000005dc   Code   RO         5588    i.SignalCheck       hw_exit.o
    0x0800a3b4   0x0800a3b4   0x00000002   Code   RO         4896    i.SignalCheckLed    wh_nb73.o
    0x0800a3b6   0x0800a3b6   0x00000002   PAD
    0x0800a3b8   0x0800a3b8   0x00000010   Code   RO         5385    i.SignalTimerDisable  hw_timer.o
    0x0800a3c8   0x0800a3c8   0x00000010   Code   RO         5386    i.SignalTimerEnable  hw_timer.o
    0x0800a3d8   0x0800a3d8   0x0000004c   Code   RO         5387    i.SignalTimerInit   hw_timer.o
    0x0800a424   0x0800a424   0x000005c4   Code   RO         4897    i.SnedBufBuild      wh_nb73.o
    0x0800a9e8   0x0800a9e8   0x00000018   Code   RO         5651    i.StoreConfStore    hw_fmc.o
    0x0800aa00   0x0800aa00   0x00000034   Code   RO         5652    i.StoreConfUpdate   hw_fmc.o
    0x0800aa34   0x0800aa34   0x0000017c   Code   RO         5653    i.StoreInfoAdd      hw_fmc.o
    0x0800abb0   0x0800abb0   0x00000044   Code   RO         5655    i.StorePageErase    hw_fmc.o
    0x0800abf4   0x0800abf4   0x00000002   Code   RO         3683    i.SysTick_Handler   gd32f10x_it.o
    0x0800abf6   0x0800abf6   0x00000002   PAD
    0x0800abf8   0x0800abf8   0x00000084   Code   RO            4    i.SystemInit        system_gd32f10x.o
    0x0800ac7c   0x0800ac7c   0x00000178   Code   RO         5388    i.TIMER1_IRQHandler  hw_timer.o
    0x0800adf4   0x0800adf4   0x0000002c   Code   RO         5389    i.TIMER2_IRQHandler  hw_timer.o
    0x0800ae20   0x0800ae20   0x00000056   Code   RO         5390    i.Timer_1ms_Init    hw_timer.o
    0x0800ae76   0x0800ae76   0x00000002   PAD
    0x0800ae78   0x0800ae78   0x00000030   Code   RO         5455    i.USART0_IRQHandler  hw_uart.o
    0x0800aea8   0x0800aea8   0x00000050   Code   RO         5456    i.USART1_IRQHandler  hw_uart.o
    0x0800aef8   0x0800aef8   0x00000030   Code   RO         5457    i.USART2_IRQHandler  hw_uart.o
    0x0800af28   0x0800af28   0x0000003c   Code   RO         4751    i.UTC_to_Unix       isl1208.o
    0x0800af64   0x0800af64   0x0000008c   Code   RO         5458    i.UartCommuncateInit  hw_uart.o
    0x0800aff0   0x0800aff0   0x00000094   Code   RO         5459    i.UartHostInit      hw_uart.o
    0x0800b084   0x0800b084   0x00000028   Code   RO         5460    i.UartHostReinit    hw_uart.o
    0x0800b0ac   0x0800b0ac   0x00000010   Code   RO         5461    i.UartInit          hw_uart.o
    0x0800b0bc   0x0800b0bc   0x0000008c   Code   RO         5462    i.UartNbInit        hw_uart.o
    0x0800b148   0x0800b148   0x0000008c   Code   RO         4752    i.Unix_to_UTC       isl1208.o
    0x0800b1d4   0x0800b1d4   0x00000004   Code   RO         3684    i.UsageFault_Handler  gd32f10x_it.o
    0x0800b1d8   0x0800b1d8   0x000000d0   Code   RO         3895    i.VarInit           init.o
    0x0800b2a8   0x0800b2a8   0x00000024   Code   RO         5716    i.WdgtFeed          hw_wdgt.o
    0x0800b2cc   0x0800b2cc   0x00000012   Code   RO         5717    i.WdgtInit          hw_wdgt.o
    0x0800b2de   0x0800b2de   0x00000002   PAD
    0x0800b2e0   0x0800b2e0   0x0000005c   Code   RO         5656    i.WriteStoreConf    hw_fmc.o
    0x0800b33c   0x0800b33c   0x0000005c   Code   RO         5657    i.WriteStoreInfo    hw_fmc.o
    0x0800b398   0x0800b398   0x00000020   Code   RO         6029    i.__0printf         mc_w.l(printfa.o)
    0x0800b3b8   0x0800b3b8   0x0000000e   Code   RO         6123    i.__scatterload_copy  mc_w.l(handlers.o)
    0x0800b3c6   0x0800b3c6   0x00000002   Code   RO         6124    i.__scatterload_null  mc_w.l(handlers.o)
    0x0800b3c8   0x0800b3c8   0x0000000e   Code   RO         6125    i.__scatterload_zeroinit  mc_w.l(handlers.o)
    0x0800b3d6   0x0800b3d6   0x00000002   PAD
    0x0800b3d8   0x0800b3d8   0x00000184   Code   RO         6036    i._fp_digits        mc_w.l(printfa.o)
    0x0800b55c   0x0800b55c   0x000006dc   Code   RO         6037    i._printf_core      mc_w.l(printfa.o)
    0x0800bc38   0x0800bc38   0x00000024   Code   RO         6038    i._printf_post_padding  mc_w.l(printfa.o)
    0x0800bc5c   0x0800bc5c   0x0000002e   Code   RO         6039    i._printf_pre_padding  mc_w.l(printfa.o)
    0x0800bc8a   0x0800bc8a   0x00000002   PAD
    0x0800bc8c   0x0800bc8c   0x00000060   Code   RO         3856    i.delay_1ms         systick.o
    0x0800bcec   0x0800bcec   0x00000060   Code   RO         3857    i.delay_1us         systick.o
    0x0800bd4c   0x0800bd4c   0x000000bc   Code   RO         1294    i.exti_init         gd32f10x_exti.o
    0x0800be08   0x0800be08   0x0000000c   Code   RO         1297    i.exti_interrupt_flag_clear  gd32f10x_exti.o
    0x0800be14   0x0800be14   0x00000018   Code   RO         1298    i.exti_interrupt_flag_get  gd32f10x_exti.o
    0x0800be2c   0x0800be2c   0x00000022   Code   RO         1377    i.fmc_bank0_ready_wait  gd32f10x_fmc.o
    0x0800be4e   0x0800be4e   0x00000002   PAD
    0x0800be50   0x0800be50   0x00000030   Code   RO         1378    i.fmc_bank0_state_get  gd32f10x_fmc.o
    0x0800be80   0x0800be80   0x00000022   Code   RO         1382    i.fmc_bank1_ready_wait  gd32f10x_fmc.o
    0x0800bea2   0x0800bea2   0x00000002   PAD
    0x0800bea4   0x0800bea4   0x00000030   Code   RO         1383    i.fmc_bank1_state_get  gd32f10x_fmc.o
    0x0800bed4   0x0800bed4   0x00000020   Code   RO         1385    i.fmc_flag_clear    gd32f10x_fmc.o
    0x0800bef4   0x0800bef4   0x0000002c   Code   RO         1392    i.fmc_lock          gd32f10x_fmc.o
    0x0800bf20   0x0800bf20   0x000000ec   Code   RO         1394    i.fmc_page_erase    gd32f10x_fmc.o
    0x0800c00c   0x0800c00c   0x00000044   Code   RO         1395    i.fmc_unlock        gd32f10x_fmc.o
    0x0800c050   0x0800c050   0x000000c0   Code   RO         1396    i.fmc_word_program  gd32f10x_fmc.o
    0x0800c110   0x0800c110   0x00000024   Code   RO         5463    i.fputc             hw_uart.o
    0x0800c134   0x0800c134   0x00000068   Code   RO         1593    i.fwdgt_config      gd32f10x_fwdgt.o
    0x0800c19c   0x0800c19c   0x00000010   Code   RO         1594    i.fwdgt_counter_reload  gd32f10x_fwdgt.o
    0x0800c1ac   0x0800c1ac   0x00000010   Code   RO         1595    i.fwdgt_enable      gd32f10x_fwdgt.o
    0x0800c1bc   0x0800c1bc   0x00000098   Code   RO         1651    i.gpio_exti_source_select  gd32f10x_gpio.o
    0x0800c254   0x0800c254   0x000000ac   Code   RO         1652    i.gpio_init         gd32f10x_gpio.o
    0x0800c300   0x0800c300   0x00000010   Code   RO         1653    i.gpio_input_bit_get  gd32f10x_gpio.o
    0x0800c310   0x0800c310   0x00000090   Code   RO         1658    i.gpio_pin_remap_config  gd32f10x_gpio.o
    0x0800c3a0   0x0800c3a0   0x00000018   Code   RO         1759    i.i2c_ack_config    gd32f10x_i2c.o
    0x0800c3b8   0x0800c3b8   0x000000e4   Code   RO         1761    i.i2c_clock_config  gd32f10x_i2c.o
    0x0800c49c   0x0800c49c   0x00000008   Code   RO         1762    i.i2c_data_receive  gd32f10x_i2c.o
    0x0800c4a4   0x0800c4a4   0x00000006   Code   RO         1763    i.i2c_data_transmit  gd32f10x_i2c.o
    0x0800c4aa   0x0800c4aa   0x0000000a   Code   RO         1770    i.i2c_enable        gd32f10x_i2c.o
    0x0800c4b4   0x0800c4b4   0x00000028   Code   RO         1771    i.i2c_flag_clear    gd32f10x_i2c.o
    0x0800c4dc   0x0800c4dc   0x0000001e   Code   RO         1772    i.i2c_flag_get      gd32f10x_i2c.o
    0x0800c4fa   0x0800c4fa   0x00000014   Code   RO         1777    i.i2c_master_addressing  gd32f10x_i2c.o
    0x0800c50e   0x0800c50e   0x0000001c   Code   RO         1778    i.i2c_mode_addr_config  gd32f10x_i2c.o
    0x0800c52a   0x0800c52a   0x0000000a   Code   RO         1787    i.i2c_start_on_bus  gd32f10x_i2c.o
    0x0800c534   0x0800c534   0x0000000a   Code   RO         1788    i.i2c_stop_on_bus   gd32f10x_i2c.o
    0x0800c53e   0x0800c53e   0x00000002   PAD
    0x0800c540   0x0800c540   0x00000088   Code   RO         3814    i.main              main.o
    0x0800c5c8   0x0800c5c8   0x00000624   Code   RO         4009    i.modbusAct         modbus.o
    0x0800cbec   0x0800cbec   0x00000158   Code   RO         4010    i.modbusParse       modbus.o
    0x0800cd44   0x0800cd44   0x00000054   Code   RO         4011    i.modbusValInit     modbus.o
    0x0800cd98   0x0800cd98   0x00000020   Code   RO         5391    i.nvic_config       hw_timer.o
    0x0800cdb8   0x0800cdb8   0x00000018   Code   RO         1959    i.nvic_irq_disable  gd32f10x_misc.o
    0x0800cdd0   0x0800cdd0   0x000000ac   Code   RO         1960    i.nvic_irq_enable   gd32f10x_misc.o
    0x0800ce7c   0x0800ce7c   0x00000014   Code   RO         1961    i.nvic_priority_group_set  gd32f10x_misc.o
    0x0800ce90   0x0800ce90   0x00000014   Code   RO         1962    i.nvic_vector_table_set  gd32f10x_misc.o
    0x0800cea4   0x0800cea4   0x00000124   Code   RO         2110    i.rcu_clock_freq_get  gd32f10x_rcu.o
    0x0800cfc8   0x0800cfc8   0x00000020   Code   RO         2127    i.rcu_periph_clock_enable  gd32f10x_rcu.o
    0x0800cfe8   0x0800cfe8   0x00000020   Code   RO         2130    i.rcu_periph_reset_disable  gd32f10x_rcu.o
    0x0800d008   0x0800d008   0x00000020   Code   RO         2131    i.rcu_periph_reset_enable  gd32f10x_rcu.o
    0x0800d028   0x0800d028   0x000000c4   Code   RO            5    i.system_clock_108m_hxtal  system_gd32f10x.o
    0x0800d0ec   0x0800d0ec   0x00000008   Code   RO            6    i.system_clock_config  system_gd32f10x.o
    0x0800d0f4   0x0800d0f4   0x00000028   Code   RO         1965    i.systick_clksource_set  gd32f10x_misc.o
    0x0800d11c   0x0800d11c   0x00000044   Code   RO         3858    i.systick_config    systick.o
    0x0800d160   0x0800d160   0x000000dc   Code   RO         2951    i.timer_deinit      gd32f10x_timer.o
    0x0800d23c   0x0800d23c   0x0000000a   Code   RO         2952    i.timer_disable     gd32f10x_timer.o
    0x0800d246   0x0800d246   0x0000000a   Code   RO         2956    i.timer_enable      gd32f10x_timer.o
    0x0800d250   0x0800d250   0x000000e0   Code   RO         2966    i.timer_init        gd32f10x_timer.o
    0x0800d330   0x0800d330   0x00000008   Code   RO         2973    i.timer_interrupt_enable  gd32f10x_timer.o
    0x0800d338   0x0800d338   0x00000006   Code   RO         2974    i.timer_interrupt_flag_clear  gd32f10x_timer.o
    0x0800d33e   0x0800d33e   0x00000018   Code   RO         2975    i.timer_interrupt_flag_get  gd32f10x_timer.o
    0x0800d356   0x0800d356   0x00000002   PAD
    0x0800d358   0x0800d358   0x00000090   Code   RO         3349    i.usart_baudrate_set  gd32f10x_usart.o
    0x0800d3e8   0x0800d3e8   0x0000000a   Code   RO         3350    i.usart_data_receive  gd32f10x_usart.o
    0x0800d3f2   0x0800d3f2   0x00000008   Code   RO         3351    i.usart_data_transmit  gd32f10x_usart.o
    0x0800d3fa   0x0800d3fa   0x00000002   PAD
    0x0800d3fc   0x0800d3fc   0x00000090   Code   RO         3352    i.usart_deinit      gd32f10x_usart.o
    0x0800d48c   0x0800d48c   0x0000000a   Code   RO         3353    i.usart_disable     gd32f10x_usart.o
    0x0800d496   0x0800d496   0x0000000a   Code   RO         3356    i.usart_enable      gd32f10x_usart.o
    0x0800d4a0   0x0800d4a0   0x0000001e   Code   RO         3358    i.usart_flag_get    gd32f10x_usart.o
    0x0800d4be   0x0800d4be   0x00000010   Code   RO         3362    i.usart_hardware_flow_cts_config  gd32f10x_usart.o
    0x0800d4ce   0x0800d4ce   0x00000010   Code   RO         3363    i.usart_hardware_flow_rts_config  gd32f10x_usart.o
    0x0800d4de   0x0800d4de   0x0000001a   Code   RO         3364    i.usart_interrupt_disable  gd32f10x_usart.o
    0x0800d4f8   0x0800d4f8   0x0000001a   Code   RO         3365    i.usart_interrupt_enable  gd32f10x_usart.o
    0x0800d512   0x0800d512   0x0000001a   Code   RO         3366    i.usart_interrupt_flag_clear  gd32f10x_usart.o
    0x0800d52c   0x0800d52c   0x00000038   Code   RO         3367    i.usart_interrupt_flag_get  gd32f10x_usart.o
    0x0800d564   0x0800d564   0x00000010   Code   RO         3377    i.usart_parity_config  gd32f10x_usart.o
    0x0800d574   0x0800d574   0x00000010   Code   RO         3379    i.usart_receive_config  gd32f10x_usart.o
    0x0800d584   0x0800d584   0x00000010   Code   RO         3385    i.usart_stop_bit_set  gd32f10x_usart.o
    0x0800d594   0x0800d594   0x00000010   Code   RO         3389    i.usart_transmit_config  gd32f10x_usart.o
    0x0800d5a4   0x0800d5a4   0x00000010   Code   RO         3390    i.usart_word_length_set  gd32f10x_usart.o
    0x0800d5b4   0x0800d5b4   0x0000000c   Data   RO         5784    .constdata          mc_w.l(mktime.o)
    0x0800d5c0   0x0800d5c0   0x0000000c   Data   RO         6108    .constdata          mc_w.l(localtime_i.o)
    0x0800d5cc   0x0800d5cc   0x00000092   Data   RO         4899    .conststring        wh_nb73.o
    0x0800d65e   0x0800d65e   0x00000002   PAD
    0x0800d660   0x0800d660   0x00000020   Data   RO         6121    Region$$Table       anon$$obj.o


    Execution Region RW_IRAM1 (Exec base: 0x20000000, Load base: 0x0800d680, Size: 0x00003b48, Max: 0x00005000, ABSOLUTE, COMPRESSED[0x000007d8])

    Exec Addr    Load Addr    Size         Type   Attr      Idx    E Section Name        Object

    0x20000000   COMPRESSED   0x00000004   Data   RW            7    .data               system_gd32f10x.o
    0x20000004   COMPRESSED   0x00000008   Data   RW         3859    .data               systick.o
    0x2000000c   COMPRESSED   0x0000000b   Data   RW         3897    .data               init.o
    0x20000017   COMPRESSED   0x00000001   PAD
    0x20000018   COMPRESSED   0x000003c3   Data   RW         4013    .data               modbus.o
    0x200003db   COMPRESSED   0x00000001   PAD
    0x200003dc   COMPRESSED   0x00000005   Data   RW         4322    .data               commucateslave.o
    0x200003e1   COMPRESSED   0x00000003   PAD
    0x200003e4   COMPRESSED   0x00000048   Data   RW         4432    .data               protocol.o
    0x2000042c   COMPRESSED   0x00000022   Data   RW         4662    .data               ds18b20.o
    0x2000044e   COMPRESSED   0x00000002   PAD
    0x20000450   COMPRESSED   0x00000004   Data   RW         4754    .data               isl1208.o
    0x20000454   COMPRESSED   0x00000179   Data   RW         4900    .data               wh_nb73.o
    0x200005cd   COMPRESSED   0x00000003   PAD
    0x200005d0   COMPRESSED   0x00000650   Data   RW         5326    .data               cj2301.o
    0x20000c20   COMPRESSED   0x0000000b   Data   RW         5392    .data               hw_timer.o
    0x20000c2b   COMPRESSED   0x00000009   Data   RW         5465    .data               hw_uart.o
    0x20000c34   COMPRESSED   0x0000001c   Data   RW         5589    .data               hw_exit.o
    0x20000c50   COMPRESSED   0x00000002   Data   RW         5718    .data               hw_wdgt.o
    0x20000c52   COMPRESSED   0x00000002   PAD
    0x20000c54   COMPRESSED   0x00000004   Data   RW         5777    .data               mc_w.l(rand.o)
    0x20000c58   COMPRESSED   0x00000004   Data   RW         6095    .data               mc_w.l(stdout.o)
    0x20000c5c        -       0x000002a4   Zero   RW         3896    .bss                init.o
    0x20000f00        -       0x000003d4   Zero   RW         4012    .bss                modbus.o
    0x200012d4        -       0x0000009c   Zero   RW         4321    .bss                commucateslave.o
    0x20001370        -       0x00000195   Zero   RW         4431    .bss                protocol.o
    0x20001505   COMPRESSED   0x00000003   PAD
    0x20001508        -       0x0000000c   Zero   RW         4753    .bss                isl1208.o
    0x20001514        -       0x00000305   Zero   RW         4898    .bss                wh_nb73.o
    0x20001819        -       0x000002fd   Zero   RW         5464    .bss                hw_uart.o
    0x20001b16   COMPRESSED   0x00000002   PAD
    0x20001b18        -       0x0000002c   Zero   RW         6105    .bss                mc_w.l(localtime_w.o)
    0x20001b44   COMPRESSED   0x00000004   PAD
    0x20001b48        -       0x00002000   Zero   RW          137    STACK               startup_gd32f10x_md.o


==============================================================================

Image component sizes


      Code (inc. data)   RO Data    RW Data    ZI Data      Debug   Object Name

      1170        138          0       1616          0       5543   cj2301.o
       636         70          0          5        156      27428   commucateslave.o
      1764        218          0         34          0       7940   ds18b20.o
       224         16          0          0          0       1714   gd32f10x_exti.o
       736         66          0          0          0       5051   gd32f10x_fmc.o
       136         22          0          0          0       1681   gd32f10x_fwdgt.o
       484         12          0          0          0       2891   gd32f10x_gpio.o
       414         12          0          0          0       6412   gd32f10x_i2c.o
        26          0          0          0          0      10849   gd32f10x_it.o
       276         34          0          0          0       2831   gd32f10x_misc.o
       388         40          0          0          0       2628   gd32f10x_rcu.o
       502         64          0          0          0       4452   gd32f10x_timer.o
       602         16          0          0          0      10346   gd32f10x_usart.o
      2456        552          0         28          0       4005   hw_exit.o
      1040         66          0          0          0       4606   hw_fmc.o
        68         14          0          0          0        443   hw_i2c.o
       646         66          0         11          0       3762   hw_timer.o
      1448        210          0          9        765      11327   hw_uart.o
        54          4          0          2          0        886   hw_wdgt.o
       988        210          0         11        676       5754   init.o
      1186        126          0          4         12       6819   isl1208.o
       160         12          0          0          0       3529   main.o
      4032        486          0        963        980      32907   modbus.o
      4392        382          0         72        405      21010   protocol.o
        36          8        260          0       8192        828   startup_gd32f10x_md.o
       336         30          0          4          0      58455   system_gd32f10x.o
       260         34          0          8          0       1665   systick.o
      8674       1024        146        377        773      42831   wh_nb73.o

    ----------------------------------------------------------------------
     33172       3932        440       3156      11964     288593   Object Totals
         0          0         32          0          0          0   (incl. Generated)
        38          0          2         12          5          0   (incl. Padding)

    ----------------------------------------------------------------------

      Code (inc. data)   RO Data    RW Data    ZI Data      Debug   Library Member Name

        86          0          0          0          0          0   __dczerorl2.o
         0          0          0          0          0          0   entry.o
         0          0          0          0          0          0   entry10a.o
         0          0          0          0          0          0   entry11a.o
         8          4          0          0          0          0   entry2.o
         4          0          0          0          0          0   entry5.o
         0          0          0          0          0          0   entry7b.o
         0          0          0          0          0          0   entry8b.o
         8          4          0          0          0          0   entry9a.o
        30          0          0          0          0          0   handlers.o
        36          8          0          0          0         68   init.o
         0          0          0          0          0          0   iusefp.o
        30          0          0          0          0         68   llshl.o
        36          0          0          0          0         68   llsshr.o
        32          0          0          0          0         68   llushr.o
       140          6         12          0          0         76   localtime_i.o
        12          6          0          0         44         68   localtime_w.o
        36          0          0          0          0         68   memcpya.o
        36          0          0          0          0        108   memseta.o
       168         18         12          0          0         80   mktime.o
      2258         90          0          0          0        452   printfa.o
        36         10          0          4          0        136   rand.o
         0          0          0          4          0          0   stdout.o
        14          0          0          0          0         68   strlen.o
        36          0          0          0          0         80   strstr.o
        44          0          0          0          0         80   uidiv.o
        98          0          0          0          0         92   uldiv.o
        48          0          0          0          0         68   cdrcmple.o
        56          0          0          0          0         88   d2f.o
       334          0          0          0          0        148   dadd.o
       222          0          0          0          0        100   ddiv.o
       186          0          0          0          0        176   depilogue.o
        48          0          0          0          0         68   dfixul.o
       228          0          0          0          0         96   dmul.o
        38          0          0          0          0         68   f2d.o
       176          0          0          0          0        140   fadd.o
       124          0          0          0          0         88   fdiv.o
       110          0          0          0          0        168   fepilogue.o
        40          0          0          0          0         68   ffixui.o
        18          0          0          0          0         68   fflti.o
        10          0          0          0          0         68   ffltui.o
       100          0          0          0          0         76   fmul.o

    ----------------------------------------------------------------------
      4892        146         24          8         48       3068   Library Totals
         6          0          0          0          4          0   (incl. Padding)

    ----------------------------------------------------------------------

      Code (inc. data)   RO Data    RW Data    ZI Data      Debug   Library Name

      3148        146         24          8         44       1580   mc_w.l
      1738          0          0          0          0       1488   mf_w.l

    ----------------------------------------------------------------------
      4892        146         24          8         48       3068   Library Totals

    ----------------------------------------------------------------------

==============================================================================


      Code (inc. data)   RO Data    RW Data    ZI Data      Debug   

     38064       4078        464       3164      12012     272081   Grand Totals
     38064       4078        464       2008      12012     272081   ELF Image Totals (compressed)
     38064       4078        464       2008          0          0   ROM Totals

==============================================================================

    Total RO  Size (Code + RO Data)                38528 (  37.63kB)
    Total RW  Size (RW Data + ZI Data)             15176 (  14.82kB)
    Total ROM Size (Code + RO Data + RW Data)      40536 (  39.59kB)

==============================================================================

