Component: ARM Compiler 5.06 update 6 (build 750) Tool: armlink [4d35ed]

==============================================================================

Section Cross References

    system_gd32f10x.o(i.SystemCoreClockUpdate) refers to system_gd32f10x.o(.data) for SystemCoreClock
    system_gd32f10x.o(i.SystemInit) refers to system_gd32f10x.o(i.system_clock_config) for system_clock_config
    system_gd32f10x.o(i.SystemInit) refers to gd32f10x_misc.o(i.nvic_vector_table_set) for nvic_vector_table_set
    system_gd32f10x.o(i.system_clock_config) refers to system_gd32f10x.o(i.system_clock_108m_hxtal) for system_clock_108m_hxtal
    startup_gd32f10x_md.o(RESET) refers to startup_gd32f10x_md.o(STACK) for __initial_sp
    startup_gd32f10x_md.o(RESET) refers to startup_gd32f10x_md.o(.text) for Reset_Handler
    startup_gd32f10x_md.o(RESET) refers to gd32f10x_it.o(i.NMI_Handler) for NMI_Handler
    startup_gd32f10x_md.o(RESET) refers to gd32f10x_it.o(i.HardFault_Handler) for HardFault_Handler
    startup_gd32f10x_md.o(RESET) refers to gd32f10x_it.o(i.MemManage_Handler) for MemManage_Handler
    startup_gd32f10x_md.o(RESET) refers to gd32f10x_it.o(i.BusFault_Handler) for BusFault_Handler
    startup_gd32f10x_md.o(RESET) refers to gd32f10x_it.o(i.UsageFault_Handler) for UsageFault_Handler
    startup_gd32f10x_md.o(RESET) refers to gd32f10x_it.o(i.SVC_Handler) for SVC_Handler
    startup_gd32f10x_md.o(RESET) refers to gd32f10x_it.o(i.DebugMon_Handler) for DebugMon_Handler
    startup_gd32f10x_md.o(RESET) refers to gd32f10x_it.o(i.PendSV_Handler) for PendSV_Handler
    startup_gd32f10x_md.o(RESET) refers to gd32f10x_it.o(i.SysTick_Handler) for SysTick_Handler
    startup_gd32f10x_md.o(RESET) refers to hw_timer.o(i.TIMER1_IRQHandler) for TIMER1_IRQHandler
    startup_gd32f10x_md.o(RESET) refers to hw_timer.o(i.TIMER2_IRQHandler) for TIMER2_IRQHandler
    startup_gd32f10x_md.o(RESET) refers to hw_uart.o(i.USART0_IRQHandler) for USART0_IRQHandler
    startup_gd32f10x_md.o(RESET) refers to hw_uart.o(i.USART2_IRQHandler) for USART2_IRQHandler
    startup_gd32f10x_md.o(RESET) refers to hw_exit.o(i.EXTI10_15_IRQHandler) for EXTI10_15_IRQHandler
    startup_gd32f10x_md.o(.text) refers to system_gd32f10x.o(i.SystemInit) for SystemInit
    startup_gd32f10x_md.o(.text) refers to entry.o(.ARM.Collect$$$$00000000) for __main
    gd32f10x_adc.o(i.adc_deinit) refers to gd32f10x_rcu.o(i.rcu_periph_reset_enable) for rcu_periph_reset_enable
    gd32f10x_adc.o(i.adc_deinit) refers to gd32f10x_rcu.o(i.rcu_periph_reset_disable) for rcu_periph_reset_disable
    gd32f10x_bkp.o(i.bkp_deinit) refers to gd32f10x_rcu.o(i.rcu_bkp_reset_enable) for rcu_bkp_reset_enable
    gd32f10x_bkp.o(i.bkp_deinit) refers to gd32f10x_rcu.o(i.rcu_bkp_reset_disable) for rcu_bkp_reset_disable
    gd32f10x_can.o(i.can_debug_freeze_disable) refers to gd32f10x_dbg.o(i.dbg_periph_enable) for dbg_periph_enable
    gd32f10x_can.o(i.can_debug_freeze_enable) refers to gd32f10x_dbg.o(i.dbg_periph_enable) for dbg_periph_enable
    gd32f10x_can.o(i.can_deinit) refers to gd32f10x_rcu.o(i.rcu_periph_reset_enable) for rcu_periph_reset_enable
    gd32f10x_can.o(i.can_deinit) refers to gd32f10x_rcu.o(i.rcu_periph_reset_disable) for rcu_periph_reset_disable
    gd32f10x_can.o(i.can_interrupt_flag_get) refers to gd32f10x_can.o(i.can_receive_message_length_get) for can_receive_message_length_get
    gd32f10x_can.o(i.can_interrupt_flag_get) refers to gd32f10x_can.o(i.can_error_get) for can_error_get
    gd32f10x_dac.o(i.dac_deinit) refers to gd32f10x_rcu.o(i.rcu_periph_reset_enable) for rcu_periph_reset_enable
    gd32f10x_dac.o(i.dac_deinit) refers to gd32f10x_rcu.o(i.rcu_periph_reset_disable) for rcu_periph_reset_disable
    gd32f10x_dma.o(i.dma_channel_disable) refers to gd32f10x_dma.o(i.dma_periph_and_channel_check) for dma_periph_and_channel_check
    gd32f10x_dma.o(i.dma_channel_enable) refers to gd32f10x_dma.o(i.dma_periph_and_channel_check) for dma_periph_and_channel_check
    gd32f10x_dma.o(i.dma_circulation_disable) refers to gd32f10x_dma.o(i.dma_periph_and_channel_check) for dma_periph_and_channel_check
    gd32f10x_dma.o(i.dma_circulation_enable) refers to gd32f10x_dma.o(i.dma_periph_and_channel_check) for dma_periph_and_channel_check
    gd32f10x_dma.o(i.dma_deinit) refers to gd32f10x_dma.o(i.dma_periph_and_channel_check) for dma_periph_and_channel_check
    gd32f10x_dma.o(i.dma_init) refers to gd32f10x_dma.o(i.dma_periph_and_channel_check) for dma_periph_and_channel_check
    gd32f10x_dma.o(i.dma_interrupt_disable) refers to gd32f10x_dma.o(i.dma_periph_and_channel_check) for dma_periph_and_channel_check
    gd32f10x_dma.o(i.dma_interrupt_enable) refers to gd32f10x_dma.o(i.dma_periph_and_channel_check) for dma_periph_and_channel_check
    gd32f10x_dma.o(i.dma_memory_address_config) refers to gd32f10x_dma.o(i.dma_periph_and_channel_check) for dma_periph_and_channel_check
[...]
    i.fmc_bank0_ready_wait                   0x0800c390   Section        0  gd32f10x_fmc.o(i.fmc_bank0_ready_wait)
    i.fmc_bank0_state_get                    0x0800c3b4   Section        0  gd32f10x_fmc.o(i.fmc_bank0_state_get)
    i.fmc_bank1_ready_wait                   0x0800c3e4   Section        0  gd32f10x_fmc.o(i.fmc_bank1_ready_wait)
    i.fmc_bank1_state_get                    0x0800c408   Section        0  gd32f10x_fmc.o(i.fmc_bank1_state_get)
    i.fmc_flag_clear                         0x0800c438   Section        0  gd32f10x_fmc.o(i.fmc_flag_clear)
    i.fmc_lock                               0x0800c458   Section        0  gd32f10x_fmc.o(i.fmc_lock)
    i.fmc_page_erase                         0x0800c484   Section        0  gd32f10x_fmc.o(i.fmc_page_erase)
    i.fmc_unlock                             0x0800c570   Section        0  gd32f10x_fmc.o(i.fmc_unlock)
    i.fmc_word_program                       0x0800c5b4   Section        0  gd32f10x_fmc.o(i.fmc_word_program)
    i.fputc                                  0x0800c674   Section        0  hw_uart.o(i.fputc)
    i.gpio_bit_reset                         0x0800c698   Section        0  gd32f10x_gpio.o(i.gpio_bit_reset)
    i.gpio_bit_set                           0x0800c69c   Section        0  gd32f10x_gpio.o(i.gpio_bit_set)
    i.gpio_exti_source_select                0x0800c6a0   Section        0  gd32f10x_gpio.o(i.gpio_exti_source_select)
    i.gpio_init                              0x0800c738   Section        0  gd32f10x_gpio.o(i.gpio_init)
    i.gpio_input_bit_get                     0x0800c7e4   Section        0  gd32f10x_gpio.o(i.gpio_input_bit_get)
    i.gpio_pin_remap_config                  0x0800c7f4   Section        0  gd32f10x_gpio.o(i.gpio_pin_remap_config)
    i.main                                   0x0800c884   Section        0  main.o(i.main)
    i.modbusMasterParse                      0x0800c8bc   Section        0  modbus.o(i.modbusMasterParse)
    i.modbusValInit                          0x0800c9d0   Section        0  modbus.o(i.modbusValInit)
    i.nvic_config                            0x0800c9f8   Section        0  hw_timer.o(i.nvic_config)
    i.nvic_irq_enable                        0x0800ca10   Section        0  gd32f10x_misc.o(i.nvic_irq_enable)
    i.nvic_priority_group_set                0x0800cabc   Section        0  gd32f10x_misc.o(i.nvic_priority_group_set)
    i.nvic_vector_table_set                  0x0800cad0   Section        0  gd32f10x_misc.o(i.nvic_vector_table_set)
    i.rcu_clock_freq_get                     0x0800cae4   Section        0  gd32f10x_rcu.o(i.rcu_clock_freq_get)
    i.rcu_periph_clock_enable                0x0800cc08   Section        0  gd32f10x_rcu.o(i.rcu_periph_clock_enable)
    i.rcu_periph_reset_disable               0x0800cc28   Section        0  gd32f10x_rcu.o(i.rcu_periph_reset_disable)
    i.rcu_periph_reset_enable                0x0800cc48   Section        0  gd32f10x_rcu.o(i.rcu_periph_reset_enable)
    i.spi_send_byte                          0x0800cc68   Section        0  hw_spi.o(i.spi_send_byte)
    i.system_clock_108m_hxtal                0x0800cca0   Section        0  system_gd32f10x.o(i.system_clock_108m_hxtal)
    system_clock_108m_hxtal                  0x0800cca1   Thumb Code   182  system_gd32f10x.o(i.system_clock_108m_hxtal)
    i.system_clock_config                    0x0800cd64   Section        0  system_gd32f10x.o(i.system_clock_config)
    system_clock_config                      0x0800cd65   Thumb Code     8  system_gd32f10x.o(i.system_clock_config)
    i.systick_clksource_set                  0x0800cd6c   Section        0  gd32f10x_misc.o(i.systick_clksource_set)
    i.systick_config                         0x0800cd94   Section        0  systick.o(i.systick_config)
    i.timer_deinit                           0x0800cdd8   Section        0  gd32f10x_timer.o(i.timer_deinit)
    i.timer_enable                           0x0800ceb4   Section        0  gd32f10x_timer.o(i.timer_enable)
    i.timer_init                             0x0800cec0   Section        0  gd32f10x_timer.o(i.timer_init)
    i.timer_interrupt_enable                 0x0800cfa0   Section        0  gd32f10x_timer.o(i.timer_interrupt_enable)
    i.timer_interrupt_flag_clear             0x0800cfa8   Section        0  gd32f10x_timer.o(i.timer_interrupt_flag_clear)
    i.timer_interrupt_flag_get               0x0800cfae   Section        0  gd32f10x_timer.o(i.timer_interrupt_flag_get)
    i.usart_baudrate_set                     0x0800cfc8   Section        0  gd32f10x_usart.o(i.usart_baudrate_set)
    i.usart_data_receive                     0x0800d058   Section        0  gd32f10x_usart.o(i.usart_data_receive)
    i.usart_data_transmit                    0x0800d062   Section        0  gd32f10x_usart.o(i.usart_data_transmit)
    i.usart_deinit                           0x0800d06c   Section        0  gd32f10x_usart.o(i.usart_deinit)
    i.usart_enable                           0x0800d0fc   Section        0  gd32f10x_usart.o(i.usart_enable)
    i.usart_flag_get                         0x0800d106   Section        0  gd32f10x_usart.o(i.usart_flag_get)
    i.usart_hardware_flow_cts_config         0x0800d124   Section        0  gd32f10x_usart.o(i.usart_hardware_flow_cts_config)
    i.usart_hardware_flow_rts_config         0x0800d134   Section        0  gd32f10x_usart.o(i.usart_hardware_flow_rts_config)
    i.usart_interrupt_disable                0x0800d144   Section        0  gd32f10x_usart.o(i.usart_interrupt_disable)
    i.usart_interrupt_enable                 0x0800d15e   Section        0  gd32f10x_usart.o(i.usart_interrupt_enable)
    i.usart_interrupt_flag_clear             0x0800d178   Section        0  gd32f10x_usart.o(i.usart_interrupt_flag_clear)
    i.usart_interrupt_flag_get               0x0800d192   Section        0  gd32f10x_usart.o(i.usart_interrupt_flag_get)
    i.usart_parity_config                    0x0800d1ca   Section        0  gd32f10x_usart.o(i.usart_parity_config)
    i.usart_receive_config                   0x0800d1da   Section        0  gd32f10x_usart.o(i.usart_receive_config)
    i.usart_stop_bit_set                     0x0800d1ea   Section        0  gd32f10x_usart.o(i.usart_stop_bit_set)
    i.usart_transmit_config                  0x0800d1fa   Section        0  gd32f10x_usart.o(i.usart_transmit_config)
    i.usart_word_length_set                  0x0800d20a   Section        0  gd32f10x_usart.o(i.usart_word_length_set)
    .constdata                               0x0800d21a   Section     2817  gui.o(.constdata)
    .constdata                               0x0800dd1b   Section       12  localtime.o(.constdata)
    monlen                                   0x0800dd1b   Data          12  localtime.o(.constdata)
    .data                                    0x20000000   Section        4  system_gd32f10x.o(.data)
    .data                                    0x20000004   Section        8  systick.o(.data)
    count_1us                                0x20000004   Data           4  systick.o(.data)
    count_1ms                                0x20000008   Data           4  systick.o(.data)
    .data                                    0x2000000c   Section       14  init.o(.data)
    flag                                     0x20000016   Data           1  init.o(.data)
    count                                    0x20000018   Data           2  init.o(.data)
    .data                                    0x2000001c   Section      106  gui.o(.data)
    logSelectNum                             0x20000020   Data           1  gui.o(.data)
    abnormalSelectNum                        0x20000021   Data           1  gui.o(.data)
    step                                     0x20000022   Data           1  gui.o(.data)
    Index1                                   0x20000024   Data           2  gui.o(.data)
    Index2                                   0x20000026   Data           2  gui.o(.data)
    Index3                                   0x20000028   Data           2  gui.o(.data)
    Index4                                   0x2000002a   Data           2  gui.o(.data)
    delayFlag                                0x2000002c   Data           1  gui.o(.data)
    countDelay                               0x2000002e   Data           2  gui.o(.data)
    count                                    0x20000030   Data           1  gui.o(.data)
    step                                     0x20000031   Data           1  gui.o(.data)
    SelectLine                               0x20000032   Data           1  gui.o(.data)
    step                                     0x20000033   Data           1  gui.o(.data)
    page                                     0x20000034   Data           1  gui.o(.data)
    Index1                                   0x20000036   Data           2  gui.o(.data)
    Index2                                   0x20000038   Data           2  gui.o(.data)
    Index3                                   0x2000003a   Data           2  gui.o(.data)
    delayFlag                                0x2000003c   Data           1  gui.o(.data)
    countDelay                               0x2000003e   Data           2  gui.o(.data)
    count                                    0x20000040   Data           1  gui.o(.data)
    step                                     0x20000041   Data           1  gui.o(.data)
    SelectLine                               0x20000042   Data           1  gui.o(.data)
    step                                     0x20000043   Data           1  gui.o(.data)
    page                                     0x20000044   Data           1  gui.o(.data)
    Index1                                   0x20000046   Data           2  gui.o(.data)
    Index2                                   0x20000048   Data           2  gui.o(.data)
    Index3                                   0x2000004a   Data           2  gui.o(.data)
    delayFlag                                0x2000004c   Data           1  gui.o(.data)
    countDelay                               0x2000004e   Data           2  gui.o(.data)
    count                                    0x20000050   Data           1  gui.o(.data)
    step                                     0x20000051   Data           1  gui.o(.data)
    startNum                                 0x20000052   Data           1  gui.o(.data)
    selectNum                                0x20000053   Data           1  gui.o(.data)
    step                                     0x20000054   Data           1  gui.o(.data)
    Index1                                   0x20000056   Data           2  gui.o(.data)
    delayFlag                                0x20000058   Data           1  gui.o(.data)
    countDelay                               0x2000005a   Data           2  gui.o(.data)
    count                                    0x2000005c   Data           1  gui.o(.data)
    step                                     0x2000005d   Data           1  gui.o(.data)
    Index1                                   0x2000005e   Data           2  gui.o(.data)
    Index2                                   0x20000060   Data           2  gui.o(.data)
    Index3                                   0x20000062   Data           2  gui.o(.data)
    delayFlag                                0x20000064   Data           1  gui.o(.data)
    countDelay                               0x20000066   Data           2  gui.o(.data)
    count                                    0x20000068   Data           1  gui.o(.data)
    step                                     0x20000069   Data           1  gui.o(.data)
    Index1                                   0x2000006a   Data           2  gui.o(.data)
    Index2                                   0x2000006c   Data           2  gui.o(.data)
    Index3                                   0x2000006e   Data           2  gui.o(.data)
    delayFlag                                0x20000070   Data           1  gui.o(.data)
    countDelay                               0x20000072   Data           2  gui.o(.data)
    count                                    0x20000074   Data           1  gui.o(.data)
    step                                     0x20000075   Data           1  gui.o(.data)
    count                                    0x20000076   Data           1  gui.o(.data)
    scrollNum                                0x20000078   Data           2  gui.o(.data)
    delayFlag                                0x2000007a   Data           1  gui.o(.data)
    countDelay                               0x2000007c   Data           2  gui.o(.data)
    step                                     0x2000007e   Data           1  gui.o(.data)
    step                                     0x2000007f   Data           1  gui.o(.data)
    count                                    0x20000080   Data           1  gui.o(.data)
    ProVal                                   0x20000081   Data           1  gui.o(.data)
    step                                     0x20000082   Data           1  gui.o(.data)
    count                                    0x20000084   Data           2  gui.o(.data)
    .data                                    0x20000086   Section      516  modbus.o(.data)
    crcTb                                    0x20000086   Data         512  modbus.o(.data)
    TempBufIndex                             0x20000286   Data           1  modbus.o(.data)
    tempLen                                  0x20000288   Data           2  modbus.o(.data)
    .data                                    0x2000028c   Section       32  wirelesstemp.o(.data)
    count                                    0x2000029c   Data           2  wirelesstemp.o(.data)
    step                                     0x2000029e   Data           1  wirelesstemp.o(.data)
    step                                     0x2000029f   Data           1  wirelesstemp.o(.data)
    step                                     0x200002a0   Data           1  wirelesstemp.o(.data)
    step                                     0x200002a1   Data           1  wirelesstemp.o(.data)
    step                                     0x200002a2   Data           1  wirelesstemp.o(.data)
    step                                     0x200002a3   Data           1  wirelesstemp.o(.data)
    count1                                   0x200002a4   Data           2  wirelesstemp.o(.data)
    count2                                   0x200002a6   Data           2  wirelesstemp.o(.data)
    count3                                   0x200002a8   Data           2  wirelesstemp.o(.data)
    count4                                   0x200002aa   Data           2  wirelesstemp.o(.data)
    .data                                    0x200002ac   Section      101  protocol.o(.data)
    tempLen                                  0x20000300   Data           1  protocol.o(.data)
    tempBufLen                               0x20000301   Data           1  protocol.o(.data)
    tempCrc                                  0x20000302   Data           2  protocol.o(.data)
    count                                    0x20000304   Data           4  protocol.o(.data)
    count                                    0x20000308   Data           2  protocol.o(.data)
    temp                                     0x2000030a   Data           2  protocol.o(.data)
    ledStatus                                0x2000030c   Data           1  protocol.o(.data)
    count                                    0x2000030e   Data           2  protocol.o(.data)
    ledStatus                                0x20000310   Data           1  protocol.o(.data)
    .data                                    0x20000312   Section        7  commucateslave.o(.data)
    count                                    0x20000316   Data           2  commucateslave.o(.data)
    tempLen                                  0x20000318   Data           1  commucateslave.o(.data)
    .data                                    0x20000319   Section        6  hw_uart.o(.data)
    NbHead                                   0x20000319   Data           1  hw_uart.o(.data)
    NbTail                                   0x2000031a   Data           1  hw_uart.o(.data)
    NbCount                                  0x2000031b   Data           1  hw_uart.o(.data)
    ComunHead                                0x2000031c   Data           1  hw_uart.o(.data)
    ComunTail                                0x2000031d   Data           1  hw_uart.o(.data)
    CommunCount                              0x2000031e   Data           1  hw_uart.o(.data)
    .data                                    0x20000320   Section       32  hw_exit.o(.data)
    Bflag                                    0x20000320   Data           2  hw_exit.o(.data)
    keyVal                                   0x20000322   Data           1  hw_exit.o(.data)
    PressFlag                                0x20000323   Data           1  hw_exit.o(.data)
    UpFlag                                   0x20000324   Data           1  hw_exit.o(.data)
    count                                    0x20000326   Data           2  hw_exit.o(.data)
    pressTime                                0x20000328   Data           2  hw_exit.o(.data)
    PressFlag                                0x2000032a   Data           1  hw_exit.o(.data)
    UpFlag                                   0x2000032b   Data           1  hw_exit.o(.data)
    count                                    0x2000032c   Data           2  hw_exit.o(.data)
    pressTime                                0x2000032e   Data           2  hw_exit.o(.data)
    PressFlag                                0x20000330   Data           1  hw_exit.o(.data)
    UpFlag                                   0x20000331   Data           1  hw_exit.o(.data)
    count                                    0x20000332   Data           2  hw_exit.o(.data)
    pressTime                                0x20000334   Data           2  hw_exit.o(.data)
    PressFlag                                0x20000336   Data           1  hw_exit.o(.data)
    UpFlag                                   0x20000337   Data           1  hw_exit.o(.data)
    count                                    0x20000338   Data           2  hw_exit.o(.data)
    pressTime                                0x2000033a   Data           2  hw_exit.o(.data)
    count                                    0x2000033c   Data           4  hw_exit.o(.data)
    .data                                    0x20000340   Section        4  stdout.o(.data)
    .bss                                     0x20000344   Section      368  init.o(.bss)
    .bss                                     0x200004b4   Section     2176  oled.o(.bss)
    .bss                                     0x20000d34   Section      776  modbus.o(.bss)
    TempBuf                                  0x20000f3c   Data         256  modbus.o(.bss)
    .bss                                     0x2000103c   Section      426  wirelesstemp.o(.bss)
    .bss                                     0x200011e8   Section      444  protocol.o(.bss)
    tempBuf                                  0x200012dc   Data         200  protocol.o(.bss)
    .bss                                     0x200013a4   Section      156  commucateslave.o(.bss)
    .bss                                     0x20001440   Section      510  hw_uart.o(.bss)
    NbBuff                                   0x20001440   Data         255  hw_uart.o(.bss)
    CommunBuff                               0x2000153f   Data         255  hw_uart.o(.bss)
    .bss                                     0x20001640   Section       40  hw_fmc.o(.bss)
    .bss                                     0x20001668   Section       44  localtime.o(.bss)
    _tms                                     0x20001668   Data          44  localtime.o(.bss)
    STACK                                    0x20001698   Section     8192  startup_gd32f10x_md.o(STACK)

    Global Symbols

    Symbol Name                              Value     Ov Type        Size  Object(Section)

    BuildAttributes$$THM_ISAv4$P$D$K$B$S$PE$A:L22UL41UL21$X:L11$S22US41US21$IEEE1$IW$USESV6$~STKCKD$USESV7$~SHL$OTIME$ROPI$EBA8$MICROLIB$REQ8$PRES8$EABIv2 0x00000000   Number         0  anon$$obj.o ABSOLUTE
    __ARM_use_no_argv                        0x00000000   Number         0  main.o ABSOLUTE
    _printf_a                                0x00000000   Number         0  stubs.o ABSOLUTE
    _printf_c                                0x00000000   Number         0  stubs.o ABSOLUTE
    _printf_charcount                        0x00000000   Number         0  stubs.o ABSOLUTE
    _printf_d                                0x00000000   Number         0  stubs.o ABSOLUTE
    _printf_e                                0x00000000   Number         0  stubs.o ABSOLUTE
    _printf_f                                0x00000000   Number         0  stubs.o ABSOLUTE
    _printf_flags                            0x00000000   Number         0  stubs.o ABSOLUTE
    _printf_fp_dec                           0x00000000   Number         0  stubs.o ABSOLUTE
    _printf_fp_hex                           0x00000000   Number         0  stubs.o ABSOLUTE
    _printf_g                                0x00000000   Number         0  stubs.o ABSOLUTE
    _printf_i                                0x00000000   Number         0  stubs.o ABSOLUTE
    _printf_int_dec                          0x00000000   Number         0  stubs.o ABSOLUTE
    _printf_l                                0x00000000   Number         0  stubs.o ABSOLUTE
    _printf_lc                               0x00000000   Number         0  stubs.o ABSOLUTE
    _printf_ll                               0x00000000   Number         0  stubs.o ABSOLUTE
    _printf_lld                              0x00000000   Number         0  stubs.o ABSOLUTE
    _printf_lli                              0x00000000   Number         0  stubs.o ABSOLUTE
    _printf_llo                              0x00000000   Number         0  stubs.o ABSOLUTE
    _printf_llu                              0x00000000   Number         0  stubs.o ABSOLUTE
    _printf_llx                              0x00000000   Number         0  stubs.o ABSOLUTE
    _printf_longlong_dec                     0x00000000   Number         0  stubs.o ABSOLUTE
    _printf_longlong_hex                     0x00000000   Number         0  stubs.o ABSOLUTE
    _printf_longlong_oct                     0x00000000   Number         0  stubs.o ABSOLUTE
    _printf_ls                               0x00000000   Number         0  stubs.o ABSOLUTE
    _printf_mbtowc                           0x00000000   Number         0  stubs.o ABSOLUTE
    _printf_n                                0x00000000   Number         0  stubs.o ABSOLUTE
    _printf_o                                0x00000000   Number         0  stubs.o ABSOLUTE
    _printf_p                                0x00000000   Number         0  stubs.o ABSOLUTE
    _printf_percent                          0x00000000   Number         0  stubs.o ABSOLUTE
    _printf_pre_padding                      0x00000000   Number         0  stubs.o ABSOLUTE
    _printf_return_value                     0x00000000   Number         0  stubs.o ABSOLUTE
    _printf_s                                0x00000000   Number         0  stubs.o ABSOLUTE
    _printf_sizespec                         0x00000000   Number         0  stubs.o ABSOLUTE
    _printf_str                              0x00000000   Number         0  stubs.o ABSOLUTE
    _printf_truncate_signed                  0x00000000   Number         0  stubs.o ABSOLUTE
    _printf_truncate_unsigned                0x00000000   Number         0  stubs.o ABSOLUTE
    _printf_u                                0x00000000   Number         0  stubs.o ABSOLUTE
    _printf_wc                               0x00000000   Number         0  stubs.o ABSOLUTE
    _printf_wctomb                           0x00000000   Number         0  stubs.o ABSOLUTE
    _printf_widthprec                        0x00000000   Number         0  stubs.o ABSOLUTE
    _printf_x                                0x00000000   Number         0  stubs.o ABSOLUTE
    __cpp_initialize__aeabi_                  - Undefined Weak Reference
    __cxa_finalize                            - Undefined Weak Reference
    _clock_init                               - Undefined Weak Reference
    _microlib_exit                            - Undefined Weak Reference
    __Vectors_Size                           0x00000104   Number         0  startup_gd32f10x_md.o ABSOLUTE
    __Vectors                                0x08004000   Data           4  startup_gd32f10x_md.o(RESET)
    __Vectors_End                            0x08004104   Data           0  startup_gd32f10x_md.o(RESET)
    __main                                   0x08004105   Thumb Code     0  entry.o(.ARM.Collect$$$$00000000)
    _main_stk                                0x08004105   Thumb Code     0  entry2.o(.ARM.Collect$$$$00000001)
    _main_scatterload                        0x08004109   Thumb Code     0  entry5.o(.ARM.Collect$$$$00000004)
    __main_after_scatterload                 0x0800410d   Thumb Code     0  entry5.o(.ARM.Collect$$$$00000004)
    _main_clock                              0x0800410d   Thumb Code     0  entry7b.o(.ARM.Collect$$$$00000008)
    _main_cpp_init                           0x0800410d   Thumb Code     0  entry8b.o(.ARM.Collect$$$$0000000A)
    _main_init                               0x0800410d   Thumb Code     0  entry9a.o(.ARM.Collect$$$$0000000B)
    __rt_final_cpp                           0x08004115   Thumb Code     0  entry10a.o(.ARM.Collect$$$$0000000D)
    __rt_final_exit                          0x08004115   Thumb Code     0  entry11a.o(.ARM.Collect$$$$0000000F)
    Reset_Handler                            0x08004119   Thumb Code     8  startup_gd32f10x_md.o(.text)
    ADC0_1_IRQHandler                        0x08004133   Thumb Code     0  startup_gd32f10x_md.o(.text)
    CAN0_EWMC_IRQHandler                     0x08004133   Thumb Code     0  startup_gd32f10x_md.o(.text)
    CAN0_RX1_IRQHandler                      0x08004133   Thumb Code     0  startup_gd32f10x_md.o(.text)
    DMA0_Channel0_IRQHandler                 0x08004133   Thumb Code     0  startup_gd32f10x_md.o(.text)
    DMA0_Channel1_IRQHandler                 0x08004133   Thumb Code     0  startup_gd32f10x_md.o(.text)
    DMA0_Channel2_IRQHandler                 0x08004133   Thumb Code     0  startup_gd32f10x_md.o(.text)
    DMA0_Channel3_IRQHandler                 0x08004133   Thumb Code     0  startup_gd32f10x_md.o(.text)
    DMA0_Channel4_IRQHandler                 0x08004133   Thumb Code     0  startup_gd32f10x_md.o(.text)
    DMA0_Channel5_IRQHandler                 0x08004133   Thumb Code     0  startup_gd32f10x_md.o(.text)
    DMA0_Channel6_IRQHandler                 0x08004133   Thumb Code     0  startup_gd32f10x_md.o(.text)
    EXMC_IRQHandler                          0x08004133   Thumb Code     0  startup_gd32f10x_md.o(.text)
    EXTI0_IRQHandler                         0x08004133   Thumb Code     0  startup_gd32f10x_md.o(.text)
    EXTI1_IRQHandler                         0x08004133   Thumb Code     0  startup_gd32f10x_md.o(.text)
    EXTI2_IRQHandler                         0x08004133   Thumb Code     0  startup_gd32f10x_md.o(.text)
    EXTI3_IRQHandler                         0x08004133   Thumb Code     0  startup_gd32f10x_md.o(.text)
    EXTI4_IRQHandler                         0x08004133   Thumb Code     0  startup_gd32f10x_md.o(.text)
    EXTI5_9_IRQHandler                       0x08004133   Thumb Code     0  startup_gd32f10x_md.o(.text)
    FMC_IRQHandler                           0x08004133   Thumb Code     0  startup_gd32f10x_md.o(.text)
    I2C0_ER_IRQHandler                       0x08004133   Thumb Code     0  startup_gd32f10x_md.o(.text)
    I2C0_EV_IRQHandler                       0x08004133   Thumb Code     0  startup_gd32f10x_md.o(.text)
    I2C1_ER_IRQHandler                       0x08004133   Thumb Code     0  startup_gd32f10x_md.o(.text)
    I2C1_EV_IRQHandler                       0x08004133   Thumb Code     0  startup_gd32f10x_md.o(.text)
    LVD_IRQHandler                           0x08004133   Thumb Code     0  startup_gd32f10x_md.o(.text)
    RCU_IRQHandler                           0x08004133   Thumb Code     0  startup_gd32f10x_md.o(.text)
    RTC_Alarm_IRQHandler                     0x08004133   Thumb Code     0  startup_gd32f10x_md.o(.text)
    RTC_IRQHandler                           0x08004133   Thumb Code     0  startup_gd32f10x_md.o(.text)
    SPI0_IRQHandler                          0x08004133   Thumb Code     0  startup_gd32f10x_md.o(.text)
    SPI1_IRQHandler                          0x08004133   Thumb Code     0  startup_gd32f10x_md.o(.text)
    TAMPER_IRQHandler                        0x08004133   Thumb Code     0  startup_gd32f10x_md.o(.text)
    TIMER0_BRK_IRQHandler                    0x08004133   Thumb Code     0  startup_gd32f10x_md.o(.text)
    TIMER0_Channel_IRQHandler                0x08004133   Thumb Code     0  startup_gd32f10x_md.o(.text)
    TIMER0_TRG_CMT_IRQHandler                0x08004133   Thumb Code     0  startup_gd32f10x_md.o(.text)
    TIMER0_UP_IRQHandler                     0x08004133   Thumb Code     0  startup_gd32f10x_md.o(.text)
    TIMER3_IRQHandler                        0x08004133   Thumb Code     0  startup_gd32f10x_md.o(.text)
    USART1_IRQHandler                        0x08004133   Thumb Code     0  startup_gd32f10x_md.o(.text)
    USBD_HP_CAN0_TX_IRQHandler               0x08004133   Thumb Code     0  startup_gd32f10x_md.o(.text)
    USBD_LP_CAN0_RX0_IRQHandler              0x08004133   Thumb Code     0  startup_gd32f10x_md.o(.text)
    USBD_WKUP_IRQHandler                     0x08004133   Thumb Code     0  startup_gd32f10x_md.o(.text)
    WWDGT_IRQHandler                         0x08004133   Thumb Code     0  startup_gd32f10x_md.o(.text)
    localtime                                0x0800413d   Thumb Code   138  localtime.o(.text)
    __aeabi_memcpy                           0x080041d1   Thumb Code    36  memcpya.o(.text)
    __aeabi_memcpy4                          0x080041d1   Thumb Code     0  memcpya.o(.text)
    __aeabi_memcpy8                          0x080041d1   Thumb Code     0  memcpya.o(.text)
    __aeabi_memset                           0x080041f5   Thumb Code    14  memseta.o(.text)
    __aeabi_memset4                          0x080041f5   Thumb Code     0  memseta.o(.text)
    __aeabi_memset8                          0x080041f5   Thumb Code     0  memseta.o(.text)
    __aeabi_memclr                           0x08004203   Thumb Code     4  memseta.o(.text)
    __aeabi_memclr4                          0x08004203   Thumb Code     0  memseta.o(.text)
    __aeabi_memclr8                          0x08004203   Thumb Code     0  memseta.o(.text)
    _memset$wrapper                          0x08004207   Thumb Code    18  memseta.o(.text)
    strlen                                   0x08004219   Thumb Code    14  strlen.o(.text)
    __aeabi_fmul                             0x08004227   Thumb Code   100  fmul.o(.text)
    __aeabi_fdiv                             0x0800428b   Thumb Code   124  fdiv.o(.text)
    __aeabi_ui2f                             0x08004307   Thumb Code    10  ffltui.o(.text)
    __aeabi_f2uiz                            0x08004311   Thumb Code    40  ffixui.o(.text)
    __aeabi_f2d                              0x08004339   Thumb Code    38  f2d.o(.text)
    __aeabi_uidiv                            0x0800435f   Thumb Code     0  uidiv.o(.text)
    __aeabi_uidivmod                         0x0800435f   Thumb Code    44  uidiv.o(.text)
    __aeabi_uldivmod                         0x0800438b   Thumb Code    98  uldiv.o(.text)
    __I$use$fp                               0x080043ed   Thumb Code     0  iusefp.o(.text)
    _float_round                             0x080043ed   Thumb Code    18  fepilogue.o(.text)
    _float_epilogue                          0x080043ff   Thumb Code    92  fepilogue.o(.text)
    __aeabi_dadd                             0x0800445b   Thumb Code   322  dadd.o(.text)
    __aeabi_dsub                             0x0800459d   Thumb Code     6  dadd.o(.text)
    __aeabi_drsub                            0x080045a3   Thumb Code     6  dadd.o(.text)
    __aeabi_dmul                             0x080045a9   Thumb Code   228  dmul.o(.text)
    __aeabi_ddiv                             0x0800468d   Thumb Code   222  ddiv.o(.text)
    __aeabi_d2ulz                            0x0800476b   Thumb Code    48  dfixul.o(.text)
    __aeabi_cdrcmple                         0x0800479d   Thumb Code    48  cdrcmple.o(.text)
    __scatterload                            0x080047cd   Thumb Code    28  init.o(.text)
    __scatterload_rt2                        0x080047cd   Thumb Code     0  init.o(.text)
    __aeabi_llsl                             0x080047f1   Thumb Code    30  llshl.o(.text)
    _ll_shift_l                              0x080047f1   Thumb Code     0  llshl.o(.text)
    __aeabi_llsr                             0x0800480f   Thumb Code    32  llushr.o(.text)
    _ll_ushift_r                             0x0800480f   Thumb Code     0  llushr.o(.text)
    __aeabi_lasr                             0x0800482f   Thumb Code    36  llsshr.o(.text)
    _ll_sshift_r                             0x0800482f   Thumb Code     0  llsshr.o(.text)
    _double_round                            0x08004853   Thumb Code    30  depilogue.o(.text)
    _double_epilogue                         0x08004871   Thumb Code   156  depilogue.o(.text)
    __decompress                             0x0800490d   Thumb Code     0  __dczerorl.o(.text)
    __decompress0                            0x0800490d   Thumb Code    58  __dczerorl.o(.text)
    BusFault_Handler                         0x08004d4d   Thumb Code     4  gd32f10x_it.o(i.BusFault_Handler)
    ButtonInit                               0x08004d51   Thumb Code   174  hw_exit.o(i.ButtonInit)
    ButtonScan                               0x08004e05   Thumb Code    90  hw_exit.o(i.ButtonScan)
    CheckCRC                                 0x08004e79   Thumb Code    28  hw_fmc.o(i.CheckCRC)
    CommunAdd                                0x080051c5   Thumb Code    66  hw_uart.o(i.CommunAdd)
    CommunCheck                              0x08005219   Thumb Code    16  hw_uart.o(i.CommunCheck)
    CommunGetData                            0x0800522d   Thumb Code    76  hw_uart.o(i.CommunGetData)
    CommunUartSendBuf                        0x08005289   Thumb Code    44  hw_uart.o(i.CommunUartSendBuf)
    CommunicationFailFun                     0x080052b9   Thumb Code   104  gui.o(i.CommunicationFailFun)
    ConactTempSecondFun                      0x0800532d   Thumb Code   626  gui.o(i.ConactTempSecondFun)
    ContactTempFirstFun                      0x080055d1   Thumb Code   626  gui.o(i.ContactTempFirstFun)
    DatalogMenuFun                           0x08005bb9   Thumb Code   412  gui.o(i.DatalogMenuFun)
    DebugMon_Handler                         0x08005d75   Thumb Code     2  gd32f10x_it.o(i.DebugMon_Handler)
    DeviceInitFun                            0x08005d79   Thumb Code   122  gui.o(i.DeviceInitFun)
    DeviceStartFun                           0x08005e11   Thumb Code    78  gui.o(i.DeviceStartFun)
    DisalyAbnormalHumiAdd                    0x08005e71   Thumb Code   104  oled.o(i.DisalyAbnormalHumiAdd)
    DispalyHumiStoreAdd                      0x08005ee1   Thumb Code    80  oled.o(i.DispalyHumiStoreAdd)
    DispalyTempStoreAdd                      0x08005f39   Thumb Code   122  oled.o(i.DispalyTempStoreAdd)
    DisplayAbnormalSignalAdd                 0x08005fbd   Thumb Code   126  oled.o(i.DisplayAbnormalSignalAdd)
    DisplayAnnormalTempAdd                   0x08006045   Thumb Code   104  oled.o(i.DisplayAnnormalTempAdd)
    DisplayInterTempAdd                      0x080060b5   Thumb Code   100  oled.o(i.DisplayInterTempAdd)
    DisplayMainProInit                       0x0800611d   Thumb Code    18  protocol.o(i.DisplayMainProInit)
    DisplayMainProTask                       0x08006139   Thumb Code    46  protocol.o(i.DisplayMainProTask)
    DisplayOnePage                           0x08006167   Thumb Code    84  oled.o(i.DisplayOnePage)
    DisplaySignalStoreAdd                    0x080061bd   Thumb Code   206  oled.o(i.DisplaySignalStoreAdd)
    EXTI10_15_IRQHandler                     0x08006299   Thumb Code   172  hw_exit.o(i.EXTI10_15_IRQHandler)
    FMC_StoreInfoInit                        0x08006471   Thumb Code   278  hw_fmc.o(i.FMC_StoreInfoInit)
    Fill_RAM                                 0x080065a1   Thumb Code    48  oled.o(i.Fill_RAM)
    FlashEarsePage                           0x080065d1   Thumb Code    68  hw_fmc.o(i.FlashEarsePage)
    GUI_CommuncationFail                     0x08006a25   Thumb Code    36  gui.o(i.GUI_CommuncationFail)
    GUI_MainMenu                             0x080070f5   Thumb Code   254  gui.o(i.GUI_MainMenu)
    GUI_UpdateProcessBar                     0x08007205   Thumb Code    48  gui.o(i.GUI_UpdateProcessBar)
    GetButtonVal                             0x08007995   Thumb Code    12  hw_exit.o(i.GetButtonVal)
    GetMainBoardInfo                         0x080084d9   Thumb Code   694  gui.o(i.GetMainBoardInfo)
    GetWirelessTempTask                      0x08009049   Thumb Code    12  wirelesstemp.o(i.GetWirelessTempTask)
    HardFault_Handler                        0x080090c5   Thumb Code     4  gd32f10x_it.o(i.HardFault_Handler)
    InterlayerHumidityFun                    0x080090dd   Thumb Code   332  gui.o(i.InterlayerHumidityFun)
    MCU_Init                                 0x0800963d   Thumb Code    74  init.o(i.MCU_Init)
    MainBoardInfoFun                         0x080096d9   Thumb Code   670  gui.o(i.MainBoardInfoFun)
    MainMenuFun                              0x080099a5   Thumb Code   274  gui.o(i.MainMenuFun)
    MechProShowScrolling                     0x08009ad9   Thumb Code   282  oled.o(i.MechProShowScrolling)
    MechProperitesFun                        0x08009bf5   Thumb Code   590  gui.o(i.MechProperitesFun)
    MemManage_Handler                        0x08009e69   Thumb Code     4  gd32f10x_it.o(i.MemManage_Handler)
    Modbus_Crc_Compute                       0x08009e6d   Thumb Code    42  modbus.o(i.Modbus_Crc_Compute)
    NMI_Handler                              0x08009e9d   Thumb Code     2  gd32f10x_it.o(i.NMI_Handler)
    NbAdd                                    0x08009ea1   Thumb Code    66  hw_uart.o(i.NbAdd)
    NbCheck                                  0x08009ef5   Thumb Code    16  hw_uart.o(i.NbCheck)
    NbGetData                                0x08009f09   Thumb Code    76  hw_uart.o(i.NbGetData)
    NbUartSendBuf                            0x08009f65   Thumb Code    44  hw_uart.o(i.NbUartSendBuf)
    OledInit                                 0x0800a075   Thumb Code    16  oled.o(i.OledInit)
    Oled_ConfigInit                          0x0800a085   Thumb Code   142  oled.o(i.Oled_ConfigInit)
    PakStuctInit                             0x0800a131   Thumb Code    46  commucateslave.o(i.PakStuctInit)
    PakTimerRun                              0x0800a169   Thumb Code    44  commucateslave.o(i.PakTimerRun)
    PendSV_Handler                           0x0800a20d   Thumb Code     2  gd32f10x_it.o(i.PendSV_Handler)
    ProParse                                 0x0800a249   Thumb Code   360  protocol.o(i.ProParse)
    ReceParse                                0x0800a4f9   Thumb Code   258  commucateslave.o(i.ReceParse)
    SVC_Handler                              0x0800a741   Thumb Code     2  gd32f10x_it.o(i.SVC_Handler)
    Set_Addressing_Mode                      0x0800b169   Thumb Code    18  oled.o(i.Set_Addressing_Mode)
    Set_Charge_Pump                          0x0800b17b   Thumb Code    18  oled.o(i.Set_Charge_Pump)
    Set_Common_Config                        0x0800b18d   Thumb Code    18  oled.o(i.Set_Common_Config)
    Set_Common_Remap                         0x0800b19f   Thumb Code    12  oled.o(i.Set_Common_Remap)
    Set_Contrast_Control                     0x0800b1ab   Thumb Code    18  oled.o(i.Set_Contrast_Control)
    Set_Display_Clock                        0x0800b1bd   Thumb Code    18  oled.o(i.Set_Display_Clock)
    Set_Display_Offset                       0x0800b1cf   Thumb Code    18  oled.o(i.Set_Display_Offset)
    Set_Display_On_Off                       0x0800b1e1   Thumb Code    12  oled.o(i.Set_Display_On_Off)
    Set_Entire_Display                       0x0800b1ed   Thumb Code    12  oled.o(i.Set_Entire_Display)
    Set_Inverse_Display                      0x0800b1f9   Thumb Code    12  oled.o(i.Set_Inverse_Display)
    Set_Multiplex_Ratio                      0x0800b205   Thumb Code    18  oled.o(i.Set_Multiplex_Ratio)
    Set_Precharge_Period                     0x0800b217   Thumb Code    18  oled.o(i.Set_Precharge_Period)
    Set_Segment_Remap                        0x0800b229   Thumb Code    12  oled.o(i.Set_Segment_Remap)
    Set_Start_Column                         0x0800b235   Thumb Code    44  oled.o(i.Set_Start_Column)
    Set_Start_Line                           0x0800b261   Thumb Code    14  oled.o(i.Set_Start_Line)
    Set_Start_Page                           0x0800b26f   Thumb Code    14  oled.o(i.Set_Start_Page)
    Set_VCOMH                                0x0800b27d   Thumb Code    18  oled.o(i.Set_VCOMH)
    ShowChar                                 0x0800b28f   Thumb Code   116  oled.o(i.ShowChar)
    ShowChinese                              0x0800b303   Thumb Code   116  oled.o(i.ShowChinese)
    SignalTimerInit                          0x0800b379   Thumb Code    72  hw_timer.o(i.SignalTimerInit)
    SpiInit                                  0x0800b3c5   Thumb Code    64  hw_spi.o(i.SpiInit)
    StoreConfStore                           0x0800b409   Thumb Code    20  hw_fmc.o(i.StoreConfStore)
    StoreInfoStore                           0x0800b421   Thumb Code    24  hw_fmc.o(i.StoreInfoStore)
    SysTick_Handler                          0x0800b43d   Thumb Code     2  gd32f10x_it.o(i.SysTick_Handler)
    SystemInit                               0x0800b441   Thumb Code   116  system_gd32f10x.o(i.SystemInit)
    TIMER1_IRQHandler                        0x0800b4c5   Thumb Code    38  hw_timer.o(i.TIMER1_IRQHandler)
    TIMER2_IRQHandler                        0x0800b4f1   Thumb Code    24  hw_timer.o(i.TIMER2_IRQHandler)
    Timer_1ms_Init                           0x0800b565   Thumb Code    86  hw_timer.o(i.Timer_1ms_Init)
    USART0_IRQHandler                        0x0800b5bd   Thumb Code    38  hw_uart.o(i.USART0_IRQHandler)
    USART2_IRQHandler                        0x0800b5ed   Thumb Code    38  hw_uart.o(i.USART2_IRQHandler)
    UartInit                                 0x0800b6a9   Thumb Code    12  hw_uart.o(i.UartInit)
    UsageFault_Handler                       0x0800b771   Thumb Code     4  gd32f10x_it.o(i.UsageFault_Handler)
    WlVarInit                                0x0800b7a1   Thumb Code    42  wirelesstemp.o(i.WlVarInit)
    Write8_8_char                            0x0800b7d5   Thumb Code    48  oled.o(i.Write8_8_char)
    WriteStoreInfo                           0x0800b861   Thumb Code    82  hw_fmc.o(i.WriteStoreInfo)
    __0printf                                0x0800b92d   Thumb Code    22  printfa.o(i.__0printf)
    __1printf                                0x0800b92d   Thumb Code     0  printfa.o(i.__0printf)
    __2printf                                0x0800b92d   Thumb Code     0  printfa.o(i.__0printf)
    __c89printf                              0x0800b92d   Thumb Code     0  printfa.o(i.__0printf)
    printf                                   0x0800b92d   Thumb Code     0  printfa.o(i.__0printf)
    __0sprintf                               0x0800b94d   Thumb Code    34  printfa.o(i.__0sprintf)
    __1sprintf                               0x0800b94d   Thumb Code     0  printfa.o(i.__0sprintf)
    __2sprintf                               0x0800b94d   Thumb Code     0  printfa.o(i.__0sprintf)
    __c89sprintf                             0x0800b94d   Thumb Code     0  printfa.o(i.__0sprintf)
    sprintf                                  0x0800b94d   Thumb Code     0  printfa.o(i.__0sprintf)
    __scatterload_copy                       0x0800b975   Thumb Code    14  handlers.o(i.__scatterload_copy)
    __scatterload_null                       0x0800b983   Thumb Code     2  handlers.o(i.__scatterload_null)
    __scatterload_zeroinit                   0x0800b985   Thumb Code    14  handlers.o(i.__scatterload_zeroinit)
    delay_1ms                                0x0800c251   Thumb Code    90  systick.o(i.delay_1ms)
    exti_init                                0x0800c2b1   Thumb Code   184  gd32f10x_exti.o(i.exti_init)
    exti_interrupt_flag_clear                0x0800c36d   Thumb Code     6  gd32f10x_exti.o(i.exti_interrupt_flag_clear)
    exti_interrupt_flag_get                  0x0800c379   Thumb Code    18  gd32f10x_exti.o(i.exti_interrupt_flag_get)
    fmc_bank0_ready_wait                     0x0800c391   Thumb Code    34  gd32f10x_fmc.o(i.fmc_bank0_ready_wait)
    fmc_bank0_state_get                      0x0800c3b5   Thumb Code    44  gd32f10x_fmc.o(i.fmc_bank0_state_get)
    fmc_bank1_ready_wait                     0x0800c3e5   Thumb Code    34  gd32f10x_fmc.o(i.fmc_bank1_ready_wait)
    fmc_bank1_state_get                      0x0800c409   Thumb Code    44  gd32f10x_fmc.o(i.fmc_bank1_state_get)
    fmc_flag_clear                           0x0800c439   Thumb Code    28  gd32f10x_fmc.o(i.fmc_flag_clear)
    fmc_lock                                 0x0800c459   Thumb Code    34  gd32f10x_fmc.o(i.fmc_lock)
    fmc_page_erase                           0x0800c485   Thumb Code   222  gd32f10x_fmc.o(i.fmc_page_erase)
    fmc_unlock                               0x0800c571   Thumb Code    52  gd32f10x_fmc.o(i.fmc_unlock)
    fmc_word_program                         0x0800c5b5   Thumb Code   178  gd32f10x_fmc.o(i.fmc_word_program)
    fputc                                    0x0800c675   Thumb Code    32  hw_uart.o(i.fputc)
    gpio_bit_reset                           0x0800c699   Thumb Code     4  gd32f10x_gpio.o(i.gpio_bit_reset)
    gpio_bit_set                             0x0800c69d   Thumb Code     4  gd32f10x_gpio.o(i.gpio_bit_set)
    gpio_exti_source_select                  0x0800c6a1   Thumb Code   146  gd32f10x_gpio.o(i.gpio_exti_source_select)
    gpio_init                                0x0800c739   Thumb Code   172  gd32f10x_gpio.o(i.gpio_init)
    gpio_input_bit_get                       0x0800c7e5   Thumb Code    16  gd32f10x_gpio.o(i.gpio_input_bit_get)
    gpio_pin_remap_config                    0x0800c7f5   Thumb Code   138  gd32f10x_gpio.o(i.gpio_pin_remap_config)
    main                                     0x0800c885   Thumb Code    48  main.o(i.main)
    modbusMasterParse                        0x0800c8bd   Thumb Code   258  modbus.o(i.modbusMasterParse)
    modbusValInit                            0x0800c9d1   Thumb Code    36  modbus.o(i.modbusValInit)
    nvic_config                              0x0800c9f9   Thumb Code    22  hw_timer.o(i.nvic_config)
    nvic_irq_enable                          0x0800ca11   Thumb Code   162  gd32f10x_misc.o(i.nvic_irq_enable)
    nvic_priority_group_set                  0x0800cabd   Thumb Code    10  gd32f10x_misc.o(i.nvic_priority_group_set)
    nvic_vector_table_set                    0x0800cad1   Thumb Code    12  gd32f10x_misc.o(i.nvic_vector_table_set)
    rcu_clock_freq_get                       0x0800cae5   Thumb Code   264  gd32f10x_rcu.o(i.rcu_clock_freq_get)
    rcu_periph_clock_enable                  0x0800cc09   Thumb Code    28  gd32f10x_rcu.o(i.rcu_periph_clock_enable)
    rcu_periph_reset_disable                 0x0800cc29   Thumb Code    28  gd32f10x_rcu.o(i.rcu_periph_reset_disable)
    rcu_periph_reset_enable                  0x0800cc49   Thumb Code    28  gd32f10x_rcu.o(i.rcu_periph_reset_enable)
    spi_send_byte                            0x0800cc69   Thumb Code    52  hw_spi.o(i.spi_send_byte)
    systick_clksource_set                    0x0800cd6d   Thumb Code    40  gd32f10x_misc.o(i.systick_clksource_set)
    systick_config                           0x0800cd95   Thumb Code    46  systick.o(i.systick_config)
    timer_deinit                             0x0800cdd9   Thumb Code   210  gd32f10x_timer.o(i.timer_deinit)
    timer_enable                             0x0800ceb5   Thumb Code    10  gd32f10x_timer.o(i.timer_enable)
    timer_init                               0x0800cec1   Thumb Code   170  gd32f10x_timer.o(i.timer_init)
    timer_interrupt_enable                   0x0800cfa1   Thumb Code     8  gd32f10x_timer.o(i.timer_interrupt_enable)
    timer_interrupt_flag_clear               0x0800cfa9   Thumb Code     6  gd32f10x_timer.o(i.timer_interrupt_flag_clear)
    timer_interrupt_flag_get                 0x0800cfaf   Thumb Code    24  gd32f10x_timer.o(i.timer_interrupt_flag_get)
    usart_baudrate_set                       0x0800cfc9   Thumb Code   136  gd32f10x_usart.o(i.usart_baudrate_set)
    usart_data_receive                       0x0800d059   Thumb Code    10  gd32f10x_usart.o(i.usart_data_receive)
    usart_data_transmit                      0x0800d063   Thumb Code     8  gd32f10x_usart.o(i.usart_data_transmit)
    usart_deinit                             0x0800d06d   Thumb Code   136  gd32f10x_usart.o(i.usart_deinit)
    usart_enable                             0x0800d0fd   Thumb Code    10  gd32f10x_usart.o(i.usart_enable)
    usart_flag_get                           0x0800d107   Thumb Code    30  gd32f10x_usart.o(i.usart_flag_get)
    usart_hardware_flow_cts_config           0x0800d125   Thumb Code    16  gd32f10x_usart.o(i.usart_hardware_flow_cts_config)
    usart_hardware_flow_rts_config           0x0800d135   Thumb Code    16  gd32f10x_usart.o(i.usart_hardware_flow_rts_config)
    usart_interrupt_disable                  0x0800d145   Thumb Code    26  gd32f10x_usart.o(i.usart_interrupt_disable)
    usart_interrupt_enable                   0x0800d15f   Thumb Code    26  gd32f10x_usart.o(i.usart_interrupt_enable)
    usart_interrupt_flag_clear               0x0800d179   Thumb Code    26  gd32f10x_usart.o(i.usart_interrupt_flag_clear)
    usart_interrupt_flag_get                 0x0800d193   Thumb Code    56  gd32f10x_usart.o(i.usart_interrupt_flag_get)
    usart_parity_config                      0x0800d1cb   Thumb Code    16  gd32f10x_usart.o(i.usart_parity_config)
    usart_receive_config                     0x0800d1db   Thumb Code    16  gd32f10x_usart.o(i.usart_receive_config)
    usart_stop_bit_set                       0x0800d1eb   Thumb Code    16  gd32f10x_usart.o(i.usart_stop_bit_set)
    usart_transmit_config                    0x0800d1fb   Thumb Code    16  gd32f10x_usart.o(i.usart_transmit_config)
    usart_word_length_set                    0x0800d20b   Thumb Code    16  gd32f10x_usart.o(i.usart_word_length_set)
    MainMenu                                 0x0800d21a   Data          96  gui.o(.constdata)
    DataShow                                 0x0800d27a   Data         160  gui.o(.constdata)
    dataLog                                  0x0800d31a   Data         160  gui.o(.constdata)
    AbnrmalData                              0x0800d3ba   Data         160  gui.o(.constdata)
    AsciiIndex                               0x0800d45a   Data          49  gui.o(.constdata)
    AsciiCode                                0x0800d48b   Data         768  gui.o(.constdata)
    MechPeoCode                              0x0800d78b   Data         128  gui.o(.constdata)
    TempCode                                 0x0800d80b   Data          32  gui.o(.constdata)
    CloseCode                                0x0800d82b   Data          64  gui.o(.constdata)
    OpenCode                                 0x0800d86b   Data          64  gui.o(.constdata)
    InterTemCode                             0x0800d8ab   Data         128  gui.o(.constdata)
    TempHumiCode                             0x0800d92b   Data          96  gui.o(.constdata)
    DeviceInitCode                           0x0800d98b   Data          96  gui.o(.constdata)
    ProcessBarCode                           0x0800d9eb   Data         208  gui.o(.constdata)
    ContactTempCode                          0x0800dabb   Data         128  gui.o(.constdata)
    InterlayerHumiCode                       0x0800db3b   Data         128  gui.o(.constdata)
    upDownDirCode                            0x0800dbbb   Data          64  gui.o(.constdata)
    NothingCode                              0x0800dbfb   Data          32  gui.o(.constdata)
    CommuncationFailCode                     0x0800dc1b   Data         192  gui.o(.constdata)
    ContinusCode                             0x0800dcdb   Data          64  gui.o(.constdata)
    Region$$Table$$Base                      0x0800dd28   Number         0  anon$$obj.o(Region$$Table)
    Region$$Table$$Limit                     0x0800dd48   Number         0  anon$$obj.o(Region$$Table)
    SystemCoreClock                          0x20000000   Data           4  system_gd32f10x.o(.data)
    systemFlag                               0x2000000c   Data           4  init.o(.data)
    Version                                  0x20000010   Data           6  init.o(.data)
    GUI_Func                                 0x2000001c   Data           4  gui.o(.data)
    wlFunTable                               0x2000028c   Data          16  wirelesstemp.o(.data)
    Ptimer                                   0x200002ac   Data           4  protocol.o(.data)
    ProFunTable                              0x200002b0   Data          80  protocol.o(.data)
    PakTimer                                 0x20000312   Data           4  commucateslave.o(.data)
    __stdout                                 0x20000340   Data           4  stdout.o(.data)
    StoreInfo                                0x20000344   Data         368  init.o(.bss)
    DisplayData                              0x200004b4   Data        2176  oled.o(.bss)
    modbus                                   0x20000d34   Data         520  modbus.o(.bss)
    wlStrData                                0x2000103c   Data         426  wirelesstemp.o(.bss)
    protocol                                 0x200011e8   Data         205  protocol.o(.bss)
    MainBoardInfo                            0x200012b8   Data          36  protocol.o(.bss)
    PrtocolStr                               0x200013a4   Data         156  commucateslave.o(.bss)
    StoreConf                                0x20001640   Data          40  hw_fmc.o(.bss)
    __initial_sp                             0x20003698   Data           0  startup_gd32f10x_md.o(STACK)



==============================================================================

Memory Map of the image

  Image Entry point : 0x08004105

  Load Region LR_IROM1 (Base: 0x08004000, Size: 0x0000a08c, Max: 0x0000c000, ABSOLUTE, COMPRESSED[0x00009fb4])

    Execution Region ER_IROM1 (Exec base: 0x08004000, Load base: 0x08004000, Size: 0x00009d48, Max: 0x0000c000, ABSOLUTE)

    Exec Addr    Load Addr    Size         Type   Attr      Idx    E Section Name        Object

    0x08004000   0x08004000   0x00000104   Data   RO          139    RESET               startup_gd32f10x_md.o
    0x08004104   0x08004104   0x00000000   Code   RO         5266  * .ARM.Collect$$$$00000000  mc_w.l(entry.o)
    0x08004104   0x08004104   0x00000004   Code   RO         5552    .ARM.Collect$$$$00000001  mc_w.l(entry2.o)
    0x08004108   0x08004108   0x00000004   Code   RO         5555    .ARM.Collect$$$$00000004  mc_w.l(entry5.o)
    0x0800410c   0x0800410c   0x00000000   Code   RO         5557    .ARM.Collect$$$$00000008  mc_w.l(entry7b.o)
    0x0800410c   0x0800410c   0x00000000   Code   RO         5559    .ARM.Collect$$$$0000000A  mc_w.l(entry8b.o)
    0x0800410c   0x0800410c   0x00000008   Code   RO         5560    .ARM.Collect$$$$0000000B  mc_w.l(entry9a.o)
    0x08004114   0x08004114   0x00000000   Code   RO         5562    .ARM.Collect$$$$0000000D  mc_w.l(entry10a.o)
    0x08004114   0x08004114   0x00000000   Code   RO         5564    .ARM.Collect$$$$0000000F  mc_w.l(entry11a.o)
    0x08004114   0x08004114   0x00000004   Code   RO         5553    .ARM.Collect$$$$00002712  mc_w.l(entry2.o)
    0x08004118   0x08004118   0x00000024   Code   RO          140    .text               startup_gd32f10x_md.o
    0x0800413c   0x0800413c   0x00000094   Code   RO         5269    .text               mc_w.l(localtime.o)
    0x080041d0   0x080041d0   0x00000024   Code   RO         5273    .text               mc_w.l(memcpya.o)
    0x080041f4   0x080041f4   0x00000024   Code   RO         5275    .text               mc_w.l(memseta.o)
    0x08004218   0x08004218   0x0000000e   Code   RO         5277    .text               mc_w.l(strlen.o)
    0x08004226   0x08004226   0x00000064   Code   RO         5542    .text               mf_w.l(fmul.o)
    0x0800428a   0x0800428a   0x0000007c   Code   RO         5544    .text               mf_w.l(fdiv.o)
    0x08004306   0x08004306   0x0000000a   Code   RO         5546    .text               mf_w.l(ffltui.o)
    0x08004310   0x08004310   0x00000028   Code   RO         5548    .text               mf_w.l(ffixui.o)
    0x08004338   0x08004338   0x00000026   Code   RO         5550    .text               mf_w.l(f2d.o)
    0x0800435e   0x0800435e   0x0000002c   Code   RO         5567    .text               mc_w.l(uidiv.o)
    0x0800438a   0x0800438a   0x00000062   Code   RO         5569    .text               mc_w.l(uldiv.o)
    0x080043ec   0x080043ec   0x00000000   Code   RO         5571    .text               mc_w.l(iusefp.o)
    0x080043ec   0x080043ec   0x0000006e   Code   RO         5572    .text               mf_w.l(fepilogue.o)
    0x0800445a   0x0800445a   0x0000014e   Code   RO         5574    .text               mf_w.l(dadd.o)
    0x080045a8   0x080045a8   0x000000e4   Code   RO         5576    .text               mf_w.l(dmul.o)
    0x0800468c   0x0800468c   0x000000de   Code   RO         5578    .text               mf_w.l(ddiv.o)
    0x0800476a   0x0800476a   0x00000030   Code   RO         5580    .text               mf_w.l(dfixul.o)
    0x0800479a   0x0800479a   0x00000002   PAD
    0x0800479c   0x0800479c   0x00000030   Code   RO         5582    .text               mf_w.l(cdrcmple.o)
    0x080047cc   0x080047cc   0x00000024   Code   RO         5584    .text               mc_w.l(init.o)
    0x080047f0   0x080047f0   0x0000001e   Code   RO         5586    .text               mc_w.l(llshl.o)
    0x0800480e   0x0800480e   0x00000020   Code   RO         5588    .text               mc_w.l(llushr.o)
    0x0800482e   0x0800482e   0x00000024   Code   RO         5590    .text               mc_w.l(llsshr.o)
    0x08004852   0x08004852   0x000000ba   Code   RO         5592    .text               mf_w.l(depilogue.o)
    0x0800490c   0x0800490c   0x0000003a   Code   RO         5602    .text               mc_w.l(__dczerorl.o)
    0x08004946   0x08004946   0x00000002   PAD
    0x08004948   0x08004948   0x0000010c   Code   RO         4263    i.AbnormalMenuFun   gui.o
    0x08004a54   0x08004a54   0x000002f8   Code   RO         4264    i.AbnormalShowDataMenuFun  gui.o
    0x08004d4c   0x08004d4c   0x00000004   Code   RO         3676    i.BusFault_Handler  gd32f10x_it.o
    0x08004d50   0x08004d50   0x000000b4   Code   RO         5208    i.ButtonInit        hw_exit.o
    0x08004e04   0x08004e04   0x00000074   Code   RO         5209    i.ButtonScan        hw_exit.o
    0x08004e78   0x08004e78   0x0000001c   Code   RO         5094    i.CheckCRC          hw_fmc.o
    0x08004e94   0x08004e94   0x00000018   Code   RO         4533    i.CheckConnectDisable  wirelesstemp.o
    0x08004eac   0x08004eac   0x00000014   Code   RO         4534    i.CheckConnectEnable  wirelesstemp.o
    0x08004ec0   0x08004ec0   0x0000006c   Code   RO         4535    i.CheckConnectFun   wirelesstemp.o
    0x08004f2c   0x08004f2c   0x00000080   Code   RO         4536    i.CheckNumTempFunc  wirelesstemp.o
    0x08004fac   0x08004fac   0x000000ac   Code   RO         4537    i.CheckTempIDFunc   wirelesstemp.o
    0x08005058   0x08005058   0x000000c8   Code   RO         4538    i.CheckTempValFunc  wirelesstemp.o
    0x08005120   0x08005120   0x000000a4   Code   RO         4731    i.CheckTimeStore    protocol.o
    0x080051c4   0x080051c4   0x00000054   Code   RO         4995    i.CommunAdd         hw_uart.o
    0x08005218   0x08005218   0x00000014   Code   RO         4996    i.CommunCheck       hw_uart.o
    0x0800522c   0x0800522c   0x0000005c   Code   RO         4997    i.CommunGetData     hw_uart.o
    0x08005288   0x08005288   0x00000030   Code   RO         4998    i.CommunUartSendBuf  hw_uart.o
    0x080052b8   0x080052b8   0x00000074   Code   RO         4265    i.CommunicationFailFun  gui.o
    0x0800532c   0x0800532c   0x000002a4   Code   RO         4266    i.ConactTempSecondFun  gui.o
    0x080055d0   0x080055d0   0x000002a4   Code   RO         4267    i.ContactTempFirstFun  gui.o
    0x08005874   0x08005874   0x00000054   Code   RO         4732    i.DataAbnormalFlash  protocol.o
    0x080058c8   0x080058c8   0x000002f0   Code   RO         4268    i.DataLogShowDataMenuFun  gui.o
    0x08005bb8   0x08005bb8   0x000001bc   Code   RO         4269    i.DatalogMenuFun    gui.o
    0x08005d74   0x08005d74   0x00000002   Code   RO         3677    i.DebugMon_Handler  gd32f10x_it.o
    0x08005d76   0x08005d76   0x00000002   PAD
    0x08005d78   0x08005d78   0x00000098   Code   RO         4270    i.DeviceInitFun     gui.o
    0x08005e10   0x08005e10   0x00000060   Code   RO         4271    i.DeviceStartFun    gui.o
    0x08005e70   0x08005e70   0x00000070   Code   RO         3939    i.DisalyAbnormalHumiAdd  oled.o
    0x08005ee0   0x08005ee0   0x00000058   Code   RO         3940    i.DispalyHumiStoreAdd  oled.o
    0x08005f38   0x08005f38   0x00000084   Code   RO         3941    i.DispalyTempStoreAdd  oled.o
    0x08005fbc   0x08005fbc   0x00000088   Code   RO         3942    i.DisplayAbnormalSignalAdd  oled.o
    0x08006044   0x08006044   0x00000070   Code   RO         3943    i.DisplayAnnormalTempAdd  oled.o
    0x080060b4   0x080060b4   0x00000068   Code   RO         3944    i.DisplayInterTempAdd  oled.o
    0x0800611c   0x0800611c   0x0000001c   Code   RO         4733    i.DisplayMainProInit  protocol.o
    0x08006138   0x08006138   0x0000002e   Code   RO         4734    i.DisplayMainProTask  protocol.o
    0x08006166   0x08006166   0x00000054   Code   RO         3945    i.DisplayOnePage    oled.o
    0x080061ba   0x080061ba   0x00000002   PAD
    0x080061bc   0x080061bc   0x000000dc   Code   RO         3946    i.DisplaySignalStoreAdd  oled.o
    0x08006298   0x08006298   0x000000b0   Code   RO         5210    i.EXTI10_15_IRQHandler  hw_exit.o
    0x08006348   0x08006348   0x000000e0   Code   RO         4539    i.EnbaleFunc        wirelesstemp.o
    0x08006428   0x08006428   0x00000048   Code   RO         4866    i.EnterUpgradeAction  commucateslave.o
    0x08006470   0x08006470   0x00000130   Code   RO         5095    i.FMC_StoreInfoInit  hw_fmc.o
    0x080065a0   0x080065a0   0x00000030   Code   RO         3950    i.Fill_RAM          oled.o
    0x080065d0   0x080065d0   0x00000044   Code   RO         5096    i.FlashEarsePage    hw_fmc.o
    0x08006614   0x08006614   0x000002f8   Code   RO         4272    i.GUI_AbnormalMenu  gui.o
    0x0800690c   0x0800690c   0x00000118   Code   RO         4273    i.GUI_AbnormalTile  gui.o
    0x08006a24   0x08006a24   0x0000002c   Code   RO         4274    i.GUI_CommuncationFail  gui.o
    0x08006a50   0x08006a50   0x000000ac   Code   RO         4275    i.GUI_ContactTemp   gui.o
    0x08006afc   0x08006afc   0x000000ac   Code   RO         4276    i.GUI_ContactTempSecond  gui.o
    0x08006ba8   0x08006ba8   0x000002b8   Code   RO         4277    i.GUI_DataLogList   gui.o
    0x08006e60   0x08006e60   0x00000020   Code   RO         4278    i.GUI_DataLogMenu   gui.o
    0x08006e80   0x08006e80   0x000000bc   Code   RO         4279    i.GUI_DeviceInit    gui.o
    0x08006f3c   0x08006f3c   0x0000010c   Code   RO         4280    i.GUI_DeviceStart   gui.o
    0x08007048   0x08007048   0x000000ac   Code   RO         4281    i.GUI_InterlayerHumi  gui.o
    0x080070f4   0x080070f4   0x00000110   Code   RO         4282    i.GUI_MainMenu      gui.o
    0x08007204   0x08007204   0x00000034   Code   RO         4284    i.GUI_UpdateProcessBar  gui.o
    0x08007238   0x08007238   0x000001a4   Code   RO         4285    i.GUI_showLog       gui.o
    0x080073dc   0x080073dc   0x000005b8   Code   RO         4286    i.GetAbnormalCode   gui.o
    0x08007994   0x08007994   0x00000010   Code   RO         5211    i.GetButtonVal      hw_exit.o
    0x080079a4   0x080079a4   0x00000260   Code   RO         4287    i.GetContactTempDataCode  gui.o
    0x08007c04   0x08007c04   0x00000698   Code   RO         4288    i.GetDatalogCode    gui.o
    0x0800829c   0x0800829c   0x00000064   Code   RO         4735    i.GetHumiID         protocol.o
    0x08008300   0x08008300   0x00000054   Code   RO         4736    i.GetHumiVal        protocol.o
    0x08008354   0x08008354   0x00000184   Code   RO         4289    i.GetInterHumiDataCode  gui.o
    0x080084d8   0x080084d8   0x000002fc   Code   RO         4290    i.GetMainBoardInfo  gui.o
    0x080087d4   0x080087d4   0x0000020c   Code   RO         4291    i.GetMechProDataCloseCode  gui.o
    0x080089e0   0x080089e0   0x000002a0   Code   RO         4292    i.GetMechProDataInterTemCode  gui.o
    0x08008c80   0x08008c80   0x0000020c   Code   RO         4293    i.GetMechProDataOpenCode  gui.o
    0x08008e8c   0x08008e8c   0x00000104   Code   RO         4294    i.GetMechProDataTitleCode  gui.o
    0x08008f90   0x08008f90   0x00000064   Code   RO         4737    i.GetTempID         protocol.o
    0x08008ff4   0x08008ff4   0x00000054   Code   RO         4738    i.GetTempVal        protocol.o
    0x08009048   0x08009048   0x0000000c   Code   RO         4540    i.GetWirelessTempTask  wirelesstemp.o
    0x08009054   0x08009054   0x00000020   Code   RO         4739    i.GetWlStatus       protocol.o
    0x08009074   0x08009074   0x00000050   Code   RO         3887    i.GpioInit          init.o
    0x080090c4   0x080090c4   0x00000004   Code   RO         3678    i.HardFault_Handler  gd32f10x_it.o
    0x080090c8   0x080090c8   0x00000014   Code   RO         4542    i.HumiIDEnable      wirelesstemp.o
    0x080090dc   0x080090dc   0x00000174   Code   RO         4295    i.InterlayerHumidityFun  gui.o
    0x08009250   0x08009250   0x000000e8   Code   RO         5212    i.KeyBackScan       hw_exit.o
    0x08009338   0x08009338   0x000000e8   Code   RO         5213    i.KeyDownScan       hw_exit.o
    0x08009420   0x08009420   0x000000e8   Code   RO         5214    i.KeyEnterScan      hw_exit.o
    0x08009508   0x08009508   0x000000e8   Code   RO         5215    i.KeyUpScan         hw_exit.o
    0x080095f0   0x080095f0   0x0000004c   Code   RO         4740    i.LedControl        protocol.o
    0x0800963c   0x0800963c   0x0000009c   Code   RO         3889    i.MCU_Init          init.o
    0x080096d8   0x080096d8   0x000002cc   Code   RO         4296    i.MainBoardInfoFun  gui.o
    0x080099a4   0x080099a4   0x00000134   Code   RO         4297    i.MainMenuFun       gui.o
    0x08009ad8   0x08009ad8   0x0000011a   Code   RO         3953    i.MechProShowScrolling  oled.o
    0x08009bf2   0x08009bf2   0x00000002   PAD
    0x08009bf4   0x08009bf4   0x00000274   Code   RO         4298    i.MechProperitesFun  gui.o
    0x08009e68   0x08009e68   0x00000004   Code   RO         3679    i.MemManage_Handler  gd32f10x_it.o
    0x08009e6c   0x08009e6c   0x00000030   Code   RO         4486    i.Modbus_Crc_Compute  modbus.o
    0x08009e9c   0x08009e9c   0x00000002   Code   RO         3680    i.NMI_Handler       gd32f10x_it.o
    0x08009e9e   0x08009e9e   0x00000002   PAD
    0x08009ea0   0x08009ea0   0x00000054   Code   RO         4999    i.NbAdd             hw_uart.o
    0x08009ef4   0x08009ef4   0x00000014   Code   RO         5000    i.NbCheck           hw_uart.o
    0x08009f08   0x08009f08   0x0000005c   Code   RO         5001    i.NbGetData         hw_uart.o
    0x08009f64   0x08009f64   0x00000030   Code   RO         5002    i.NbUartSendBuf     hw_uart.o
    0x08009f94   0x08009f94   0x00000070   Code   RO         4741    i.NetLedFlash       protocol.o
    0x0800a004   0x0800a004   0x00000018   Code   RO         4547    i.NumTempDisable    wirelesstemp.o
    0x0800a01c   0x0800a01c   0x00000014   Code   RO         4548    i.NumTempEnable     wirelesstemp.o
    0x0800a030   0x0800a030   0x00000044   Code   RO         3954    i.OledGpioInit      oled.o
    0x0800a074   0x0800a074   0x00000010   Code   RO         3955    i.OledInit          oled.o
    0x0800a084   0x0800a084   0x00000094   Code   RO         3956    i.Oled_ConfigInit   oled.o
    0x0800a118   0x0800a118   0x00000018   Code   RO         4867    i.PakAction         commucateslave.o
    0x0800a130   0x0800a130   0x00000038   Code   RO         4868    i.PakStuctInit      commucateslave.o
    0x0800a168   0x0800a168   0x00000038   Code   RO         4869    i.PakTimerRun       commucateslave.o
    0x0800a1a0   0x0800a1a0   0x00000010   Code   RO         4870    i.PakTimerStart     commucateslave.o
    0x0800a1b0   0x0800a1b0   0x00000010   Code   RO         4871    i.PakTimerStop      commucateslave.o
    0x0800a1c0   0x0800a1c0   0x0000004c   Code   RO         4549    i.ParseModbus       wirelesstemp.o
    0x0800a20c   0x0800a20c   0x00000002   Code   RO         3681    i.PendSV_Handler    gd32f10x_it.o
    0x0800a20e   0x0800a20e   0x00000002   PAD
    0x0800a210   0x0800a210   0x00000038   Code   RO         4742    i.ProAction         protocol.o
    0x0800a248   0x0800a248   0x00000180   Code   RO         4743    i.ProParse          protocol.o
    0x0800a3c8   0x0800a3c8   0x00000096   Code   RO         4744    i.ProResponse       protocol.o
    0x0800a45e   0x0800a45e   0x00000002   PAD
    0x0800a460   0x0800a460   0x00000010   Code   RO         4745    i.PtimerDisable     protocol.o
    0x0800a470   0x0800a470   0x00000010   Code   RO         4746    i.PtimerEnable      protocol.o
    0x0800a480   0x0800a480   0x00000030   Code   RO         4747    i.PtimerRun         protocol.o
    0x0800a4b0   0x0800a4b0   0x00000048   Code   RO         3890    i.RcuClockInit      init.o
    0x0800a4f8   0x0800a4f8   0x00000110   Code   RO         4872    i.ReceParse         commucateslave.o
    0x0800a608   0x0800a608   0x00000088   Code   RO         4873    i.ResponsePak       commucateslave.o
    0x0800a690   0x0800a690   0x00000024   Code   RO         4550    i.RunCheckConnect   wirelesstemp.o
    0x0800a6b4   0x0800a6b4   0x00000020   Code   RO         4551    i.RunFunc           wirelesstemp.o
    0x0800a6d4   0x0800a6d4   0x00000024   Code   RO         4552    i.RunGetNumTemp     wirelesstemp.o
    0x0800a6f8   0x0800a6f8   0x00000024   Code   RO         4555    i.RunTempID         wirelesstemp.o
    0x0800a71c   0x0800a71c   0x00000024   Code   RO         4556    i.RunTempVal        wirelesstemp.o
    0x0800a740   0x0800a740   0x00000002   Code   RO         3682    i.SVC_Handler       gd32f10x_it.o
    0x0800a742   0x0800a742   0x0000004a   Code   RO         4557    i.SendCheckConnect  wirelesstemp.o
    0x0800a78c   0x0800a78c   0x00000020   Code   RO         4748    i.SendCommunictionStatus  protocol.o
    0x0800a7ac   0x0800a7ac   0x000000c4   Code   RO         4749    i.SendMainBoardInfo  protocol.o
    0x0800a870   0x0800a870   0x0000004e   Code   RO         4560    i.SendNumTemp       wirelesstemp.o
    0x0800a8be   0x0800a8be   0x00000002   PAD
    0x0800a8c0   0x0800a8c0   0x00000088   Code   RO         4750    i.SendSignalInfo    protocol.o
    0x0800a948   0x0800a948   0x00000064   Code   RO         4561    i.SendTempID        wirelesstemp.o
    0x0800a9ac   0x0800a9ac   0x0000005c   Code   RO         4562    i.SendTempVal       wirelesstemp.o
    0x0800aa08   0x0800aa08   0x0000004c   Code   RO         4751    i.SetAbnormal       protocol.o
    0x0800aa54   0x0800aa54   0x00000714   Code   RO         4752    i.SetSelfTempHumi   protocol.o
    0x0800b168   0x0800b168   0x00000012   Code   RO         3957    i.Set_Addressing_Mode  oled.o
    0x0800b17a   0x0800b17a   0x00000012   Code   RO         3958    i.Set_Charge_Pump   oled.o
    0x0800b18c   0x0800b18c   0x00000012   Code   RO         3960    i.Set_Common_Config  oled.o
    0x0800b19e   0x0800b19e   0x0000000c   Code   RO         3961    i.Set_Common_Remap  oled.o
    0x0800b1aa   0x0800b1aa   0x00000012   Code   RO         3962    i.Set_Contrast_Control  oled.o
    0x0800b1bc   0x0800b1bc   0x00000012   Code   RO         3963    i.Set_Display_Clock  oled.o
    0x0800b1ce   0x0800b1ce   0x00000012   Code   RO         3964    i.Set_Display_Offset  oled.o
    0x0800b1e0   0x0800b1e0   0x0000000c   Code   RO         3965    i.Set_Display_On_Off  oled.o
    0x0800b1ec   0x0800b1ec   0x0000000c   Code   RO         3966    i.Set_Entire_Display  oled.o
    0x0800b1f8   0x0800b1f8   0x0000000c   Code   RO         3967    i.Set_Inverse_Display  oled.o
    0x0800b204   0x0800b204   0x00000012   Code   RO         3968    i.Set_Multiplex_Ratio  oled.o
    0x0800b216   0x0800b216   0x00000012   Code   RO         3971    i.Set_Precharge_Period  oled.o
    0x0800b228   0x0800b228   0x0000000c   Code   RO         3972    i.Set_Segment_Remap  oled.o
    0x0800b234   0x0800b234   0x0000002c   Code   RO         3973    i.Set_Start_Column  oled.o
    0x0800b260   0x0800b260   0x0000000e   Code   RO         3974    i.Set_Start_Line    oled.o
    0x0800b26e   0x0800b26e   0x0000000e   Code   RO         3975    i.Set_Start_Page    oled.o
    0x0800b27c   0x0800b27c   0x00000012   Code   RO         3976    i.Set_VCOMH         oled.o
    0x0800b28e   0x0800b28e   0x00000074   Code   RO         3977    i.ShowChar          oled.o
    0x0800b302   0x0800b302   0x00000074   Code   RO         3978    i.ShowChinese       oled.o
    0x0800b376   0x0800b376   0x00000002   PAD
    0x0800b378   0x0800b378   0x0000004c   Code   RO         4941    i.SignalTimerInit   hw_timer.o
    0x0800b3c4   0x0800b3c4   0x00000044   Code   RO         5182    i.SpiInit           hw_spi.o
    0x0800b408   0x0800b408   0x00000018   Code   RO         5097    i.StoreConfStore    hw_fmc.o
    0x0800b420   0x0800b420   0x0000001c   Code   RO         5098    i.StoreInfoStore    hw_fmc.o
    0x0800b43c   0x0800b43c   0x00000002   Code   RO         3683    i.SysTick_Handler   gd32f10x_it.o
    0x0800b43e   0x0800b43e   0x00000002   PAD
    0x0800b440   0x0800b440   0x00000084   Code   RO            4    i.SystemInit        system_gd32f10x.o
    0x0800b4c4   0x0800b4c4   0x0000002c   Code   RO         4942    i.TIMER1_IRQHandler  hw_timer.o
    0x0800b4f0   0x0800b4f0   0x0000001c   Code   RO         4943    i.TIMER2_IRQHandler  hw_timer.o
    0x0800b50c   0x0800b50c   0x00000018   Code   RO         4563    i.TempIDDisable     wirelesstemp.o
    0x0800b524   0x0800b524   0x00000014   Code   RO         4564    i.TempIDEnable      wirelesstemp.o
    0x0800b538   0x0800b538   0x00000018   Code   RO         4565    i.TempValDisable    wirelesstemp.o
    0x0800b550   0x0800b550   0x00000014   Code   RO         4566    i.TempValEnable     wirelesstemp.o
    0x0800b564   0x0800b564   0x00000056   Code   RO         4944    i.Timer_1ms_Init    hw_timer.o
    0x0800b5ba   0x0800b5ba   0x00000002   PAD
    0x0800b5bc   0x0800b5bc   0x00000030   Code   RO         5003    i.USART0_IRQHandler  hw_uart.o
    0x0800b5ec   0x0800b5ec   0x00000030   Code   RO         5004    i.USART2_IRQHandler  hw_uart.o
    0x0800b61c   0x0800b61c   0x0000008c   Code   RO         5005    i.UartCommuncateInit  hw_uart.o
    0x0800b6a8   0x0800b6a8   0x0000000c   Code   RO         5006    i.UartInit          hw_uart.o
    0x0800b6b4   0x0800b6b4   0x00000088   Code   RO         5007    i.UartNbInit        hw_uart.o
    0x0800b73c   0x0800b73c   0x00000034   Code   RO         4299    i.Unix_to_UTC       gui.o
    0x0800b770   0x0800b770   0x00000004   Code   RO         3684    i.UsageFault_Handler  gd32f10x_it.o
    0x0800b774   0x0800b774   0x0000002c   Code   RO         3891    i.VarInit           init.o
    0x0800b7a0   0x0800b7a0   0x00000034   Code   RO         4567    i.WlVarInit         wirelesstemp.o
    0x0800b7d4   0x0800b7d4   0x00000030   Code   RO         3982    i.Write8_8_char     oled.o
    0x0800b804   0x0800b804   0x0000005c   Code   RO         5099    i.WriteStoreConf    hw_fmc.o
    0x0800b860   0x0800b860   0x0000005c   Code   RO         5100    i.WriteStoreInfo    hw_fmc.o
    0x0800b8bc   0x0800b8bc   0x00000038   Code   RO         3983    i.Write_Command     oled.o
    0x0800b8f4   0x0800b8f4   0x00000038   Code   RO         3984    i.Write_Data        oled.o
    0x0800b92c   0x0800b92c   0x00000020   Code   RO         5514    i.__0printf         mc_w.l(printfa.o)
    0x0800b94c   0x0800b94c   0x00000028   Code   RO         5516    i.__0sprintf        mc_w.l(printfa.o)
    0x0800b974   0x0800b974   0x0000000e   Code   RO         5596    i.__scatterload_copy  mc_w.l(handlers.o)
    0x0800b982   0x0800b982   0x00000002   Code   RO         5597    i.__scatterload_null  mc_w.l(handlers.o)
    0x0800b984   0x0800b984   0x0000000e   Code   RO         5598    i.__scatterload_zeroinit  mc_w.l(handlers.o)
    0x0800b992   0x0800b992   0x00000002   PAD
    0x0800b994   0x0800b994   0x00000184   Code   RO         5521    i._fp_digits        mc_w.l(printfa.o)
    0x0800bb18   0x0800bb18   0x000006dc   Code   RO         5522    i._printf_core      mc_w.l(printfa.o)
    0x0800c1f4   0x0800c1f4   0x00000024   Code   RO         5523    i._printf_post_padding  mc_w.l(printfa.o)
    0x0800c218   0x0800c218   0x0000002e   Code   RO         5524    i._printf_pre_padding  mc_w.l(printfa.o)
    0x0800c246   0x0800c246   0x0000000a   Code   RO         5526    i._sputc            mc_w.l(printfa.o)
    0x0800c250   0x0800c250   0x00000060   Code   RO         3853    i.delay_1ms         systick.o
    0x0800c2b0   0x0800c2b0   0x000000bc   Code   RO         1294    i.exti_init         gd32f10x_exti.o
    0x0800c36c   0x0800c36c   0x0000000c   Code   RO         1297    i.exti_interrupt_flag_clear  gd32f10x_exti.o
    0x0800c378   0x0800c378   0x00000018   Code   RO         1298    i.exti_interrupt_flag_get  gd32f10x_exti.o
    0x0800c390   0x0800c390   0x00000022   Code   RO         1377    i.fmc_bank0_ready_wait  gd32f10x_fmc.o
    0x0800c3b2   0x0800c3b2   0x00000002   PAD
    0x0800c3b4   0x0800c3b4   0x00000030   Code   RO         1378    i.fmc_bank0_state_get  gd32f10x_fmc.o
    0x0800c3e4   0x0800c3e4   0x00000022   Code   RO         1382    i.fmc_bank1_ready_wait  gd32f10x_fmc.o
    0x0800c406   0x0800c406   0x00000002   PAD
    0x0800c408   0x0800c408   0x00000030   Code   RO         1383    i.fmc_bank1_state_get  gd32f10x_fmc.o
    0x0800c438   0x0800c438   0x00000020   Code   RO         1385    i.fmc_flag_clear    gd32f10x_fmc.o
    0x0800c458   0x0800c458   0x0000002c   Code   RO         1392    i.fmc_lock          gd32f10x_fmc.o
    0x0800c484   0x0800c484   0x000000ec   Code   RO         1394    i.fmc_page_erase    gd32f10x_fmc.o
    0x0800c570   0x0800c570   0x00000044   Code   RO         1395    i.fmc_unlock        gd32f10x_fmc.o
    0x0800c5b4   0x0800c5b4   0x000000c0   Code   RO         1396    i.fmc_word_program  gd32f10x_fmc.o
    0x0800c674   0x0800c674   0x00000024   Code   RO         5008    i.fputc             hw_uart.o
    0x0800c698   0x0800c698   0x00000004   Code   RO         1644    i.gpio_bit_reset    gd32f10x_gpio.o
    0x0800c69c   0x0800c69c   0x00000004   Code   RO         1645    i.gpio_bit_set      gd32f10x_gpio.o
    0x0800c6a0   0x0800c6a0   0x00000098   Code   RO         1651    i.gpio_exti_source_select  gd32f10x_gpio.o
    0x0800c738   0x0800c738   0x000000ac   Code   RO         1652    i.gpio_init         gd32f10x_gpio.o
    0x0800c7e4   0x0800c7e4   0x00000010   Code   RO         1653    i.gpio_input_bit_get  gd32f10x_gpio.o
    0x0800c7f4   0x0800c7f4   0x00000090   Code   RO         1658    i.gpio_pin_remap_config  gd32f10x_gpio.o
    0x0800c884   0x0800c884   0x00000038   Code   RO         3806    i.main              main.o
    0x0800c8bc   0x0800c8bc   0x00000114   Code   RO         4487    i.modbusMasterParse  modbus.o
    0x0800c9d0   0x0800c9d0   0x00000028   Code   RO         4488    i.modbusValInit     modbus.o
    0x0800c9f8   0x0800c9f8   0x00000016   Code   RO         4945    i.nvic_config       hw_timer.o
    0x0800ca0e   0x0800ca0e   0x00000002   PAD
    0x0800ca10   0x0800ca10   0x000000ac   Code   RO         1960    i.nvic_irq_enable   gd32f10x_misc.o
    0x0800cabc   0x0800cabc   0x00000014   Code   RO         1961    i.nvic_priority_group_set  gd32f10x_misc.o
    0x0800cad0   0x0800cad0   0x00000014   Code   RO         1962    i.nvic_vector_table_set  gd32f10x_misc.o
    0x0800cae4   0x0800cae4   0x00000124   Code   RO         2110    i.rcu_clock_freq_get  gd32f10x_rcu.o
    0x0800cc08   0x0800cc08   0x00000020   Code   RO         2127    i.rcu_periph_clock_enable  gd32f10x_rcu.o
    0x0800cc28   0x0800cc28   0x00000020   Code   RO         2130    i.rcu_periph_reset_disable  gd32f10x_rcu.o
    0x0800cc48   0x0800cc48   0x00000020   Code   RO         2131    i.rcu_periph_reset_enable  gd32f10x_rcu.o
    0x0800cc68   0x0800cc68   0x00000038   Code   RO         5183    i.spi_send_byte     hw_spi.o
    0x0800cca0   0x0800cca0   0x000000c4   Code   RO            5    i.system_clock_108m_hxtal  system_gd32f10x.o
    0x0800cd64   0x0800cd64   0x00000008   Code   RO            6    i.system_clock_config  system_gd32f10x.o
    0x0800cd6c   0x0800cd6c   0x00000028   Code   RO         1965    i.systick_clksource_set  gd32f10x_misc.o
    0x0800cd94   0x0800cd94   0x00000044   Code   RO         3855    i.systick_config    systick.o
    0x0800cdd8   0x0800cdd8   0x000000dc   Code   RO         2951    i.timer_deinit      gd32f10x_timer.o
    0x0800ceb4   0x0800ceb4   0x0000000a   Code   RO         2956    i.timer_enable      gd32f10x_timer.o
    0x0800cebe   0x0800cebe   0x00000002   PAD
    0x0800cec0   0x0800cec0   0x000000e0   Code   RO         2966    i.timer_init        gd32f10x_timer.o
    0x0800cfa0   0x0800cfa0   0x00000008   Code   RO         2973    i.timer_interrupt_enable  gd32f10x_timer.o
    0x0800cfa8   0x0800cfa8   0x00000006   Code   RO         2974    i.timer_interrupt_flag_clear  gd32f10x_timer.o
    0x0800cfae   0x0800cfae   0x00000018   Code   RO         2975    i.timer_interrupt_flag_get  gd32f10x_timer.o
    0x0800cfc6   0x0800cfc6   0x00000002   PAD
    0x0800cfc8   0x0800cfc8   0x00000090   Code   RO         3349    i.usart_baudrate_set  gd32f10x_usart.o
    0x0800d058   0x0800d058   0x0000000a   Code   RO         3350    i.usart_data_receive  gd32f10x_usart.o
    0x0800d062   0x0800d062   0x00000008   Code   RO         3351    i.usart_data_transmit  gd32f10x_usart.o
    0x0800d06a   0x0800d06a   0x00000002   PAD
    0x0800d06c   0x0800d06c   0x00000090   Code   RO         3352    i.usart_deinit      gd32f10x_usart.o
    0x0800d0fc   0x0800d0fc   0x0000000a   Code   RO         3356    i.usart_enable      gd32f10x_usart.o
    0x0800d106   0x0800d106   0x0000001e   Code   RO         3358    i.usart_flag_get    gd32f10x_usart.o
    0x0800d124   0x0800d124   0x00000010   Code   RO         3362    i.usart_hardware_flow_cts_config  gd32f10x_usart.o
    0x0800d134   0x0800d134   0x00000010   Code   RO         3363    i.usart_hardware_flow_rts_config  gd32f10x_usart.o
    0x0800d144   0x0800d144   0x0000001a   Code   RO         3364    i.usart_interrupt_disable  gd32f10x_usart.o
    0x0800d15e   0x0800d15e   0x0000001a   Code   RO         3365    i.usart_interrupt_enable  gd32f10x_usart.o
    0x0800d178   0x0800d178   0x0000001a   Code   RO         3366    i.usart_interrupt_flag_clear  gd32f10x_usart.o
    0x0800d192   0x0800d192   0x00000038   Code   RO         3367    i.usart_interrupt_flag_get  gd32f10x_usart.o
    0x0800d1ca   0x0800d1ca   0x00000010   Code   RO         3377    i.usart_parity_config  gd32f10x_usart.o
    0x0800d1da   0x0800d1da   0x00000010   Code   RO         3379    i.usart_receive_config  gd32f10x_usart.o
    0x0800d1ea   0x0800d1ea   0x00000010   Code   RO         3385    i.usart_stop_bit_set  gd32f10x_usart.o
    0x0800d1fa   0x0800d1fa   0x00000010   Code   RO         3389    i.usart_transmit_config  gd32f10x_usart.o
    0x0800d20a   0x0800d20a   0x00000010   Code   RO         3390    i.usart_word_length_set  gd32f10x_usart.o
    0x0800d21a   0x0800d21a   0x00000b01   Data   RO         4300    .constdata          gui.o
    0x0800dd1b   0x0800dd1b   0x0000000c   Data   RO         5271    .constdata          mc_w.l(localtime.o)
    0x0800dd27   0x0800dd27   0x00000001   PAD
    0x0800dd28   0x0800dd28   0x00000020   Data   RO         5594    Region$$Table       anon$$obj.o


    Execution Region RW_IRAM1 (Exec base: 0x20000000, Load base: 0x0800dd48, Size: 0x00003698, Max: 0x00005000, ABSOLUTE, COMPRESSED[0x0000026c])

    Exec Addr    Load Addr    Size         Type   Attr      Idx    E Section Name        Object

    0x20000000   COMPRESSED   0x00000004   Data   RW            7    .data               system_gd32f10x.o
    0x20000004   COMPRESSED   0x00000008   Data   RW         3856    .data               systick.o
    0x2000000c   COMPRESSED   0x0000000e   Data   RW         3893    .data               init.o
    0x2000001a   COMPRESSED   0x00000002   PAD
    0x2000001c   COMPRESSED   0x0000006a   Data   RW         4301    .data               gui.o
    0x20000086   COMPRESSED   0x00000204   Data   RW         4490    .data               modbus.o
    0x2000028a   COMPRESSED   0x00000002   PAD
    0x2000028c   COMPRESSED   0x00000020   Data   RW         4569    .data               wirelesstemp.o
    0x200002ac   COMPRESSED   0x00000065   Data   RW         4754    .data               protocol.o
    0x20000311   COMPRESSED   0x00000001   PAD
    0x20000312   COMPRESSED   0x00000007   Data   RW         4875    .data               commucateslave.o
    0x20000319   COMPRESSED   0x00000006   Data   RW         5010    .data               hw_uart.o
    0x2000031f   COMPRESSED   0x00000001   PAD
    0x20000320   COMPRESSED   0x00000020   Data   RW         5216    .data               hw_exit.o
    0x20000340   COMPRESSED   0x00000004   Data   RW         5566    .data               mc_w.l(stdout.o)
    0x20000344        -       0x00000170   Zero   RW         3892    .bss                init.o
    0x200004b4        -       0x00000880   Zero   RW         3985    .bss                oled.o
    0x20000d34        -       0x00000308   Zero   RW         4489    .bss                modbus.o
    0x2000103c        -       0x000001aa   Zero   RW         4568    .bss                wirelesstemp.o
    0x200011e6   COMPRESSED   0x00000002   PAD
    0x200011e8        -       0x000001bc   Zero   RW         4753    .bss                protocol.o
    0x200013a4        -       0x0000009c   Zero   RW         4874    .bss                commucateslave.o
    0x20001440        -       0x000001fe   Zero   RW         5009    .bss                hw_uart.o
    0x2000163e   COMPRESSED   0x00000002   PAD
    0x20001640        -       0x00000028   Zero   RW         5101    .bss                hw_fmc.o
    0x20001668        -       0x0000002c   Zero   RW         5270    .bss                mc_w.l(localtime.o)
    0x20001694   COMPRESSED   0x00000004   PAD
    0x20001698        -       0x00002000   Zero   RW          137    STACK               startup_gd32f10x_md.o


==============================================================================

Image component sizes


      Code (inc. data)   RO Data    RW Data    ZI Data      Debug   Object Name

       648         76          0          7        156      27810   commucateslave.o
       224         16          0          0          0       1798   gd32f10x_exti.o
       736         66          0          0          0       5299   gd32f10x_fmc.o
       492         12          0          0          0       4083   gd32f10x_gpio.o
        26          0          0          0          0       6094   gd32f10x_it.o
       252         28          0          0          0       2448   gd32f10x_misc.o
       388         40          0          0          0       2732   gd32f10x_rcu.o
       492         64          0          0          0       4156   gd32f10x_timer.o
       592         16          0          0          0      10322   gd32f10x_usart.o
     16436       1556       2817        106          0      35926   gui.o
      1416        152          0         32          0       4852   hw_exit.o
       636         54          0          0         40       5575   hw_fmc.o
       124          8          0          0          0       1006   hw_spi.o
       256         14          0          0          0       2513   hw_timer.o
       908        128          0          6        510       8055   hw_uart.o
       352        102          0         14        368       4449   init.o
        56          8          0          0          0       2299   main.o
       364         34          0        516        776       3794   modbus.o
      2236         84          0          0       2176      24902   oled.o
      3832        202          0        101        444      13581   protocol.o
        36          8        260          0       8192        856   startup_gd32f10x_md.o
       336         30          0          4          0      53619   system_gd32f10x.o
       164         28          0          8          0       1233   systick.o
      1688        160          0         32        426      14869   wirelesstemp.o

    ----------------------------------------------------------------------
     32722       2886       3109        832      13092     242271   Object Totals
         0          0         32          0          0          0   (incl. Generated)
        32          0          0          6          4          0   (incl. Padding)

    ----------------------------------------------------------------------

      Code (inc. data)   RO Data    RW Data    ZI Data      Debug   Library Member Name

        58          0          0          0          0          0   __dczerorl.o
         0          0          0          0          0          0   entry.o
         0          0          0          0          0          0   entry10a.o
         0          0          0          0          0          0   entry11a.o
         8          4          0          0          0          0   entry2.o
         4          0          0          0          0          0   entry5.o
         0          0          0          0          0          0   entry7b.o
         0          0          0          0          0          0   entry8b.o
         8          4          0          0          0          0   entry9a.o
        30          0          0          0          0          0   handlers.o
        36          8          0          0          0         68   init.o
         0          0          0          0          0          0   iusefp.o
        30          0          0          0          0         68   llshl.o
        36          0          0          0          0         68   llsshr.o
        32          0          0          0          0         68   llushr.o
       148         10         12          0         44         76   localtime.o
        36          0          0          0          0         68   memcpya.o
        36          0          0          0          0        108   memseta.o
      2308         96          0          0          0        604   printfa.o
         0          0          0          4          0          0   stdout.o
        14          0          0          0          0         68   strlen.o
        44          0          0          0          0         80   uidiv.o
        98          0          0          0          0         92   uldiv.o
        48          0          0          0          0         68   cdrcmple.o
       334          0          0          0          0        148   dadd.o
       222          0          0          0          0        100   ddiv.o
       186          0          0          0          0        176   depilogue.o
        48          0          0          0          0         68   dfixul.o
       228          0          0          0          0         96   dmul.o
        38          0          0          0          0         68   f2d.o
       124          0          0          0          0         88   fdiv.o
       110          0          0          0          0        168   fepilogue.o
        40          0          0          0          0         68   ffixui.o
        10          0          0          0          0         68   ffltui.o
       100          0          0          0          0         76   fmul.o

    ----------------------------------------------------------------------
      4420        122         13          4         48       2560   Library Totals
         6          0          1          0          4          0   (incl. Padding)

    ----------------------------------------------------------------------

      Code (inc. data)   RO Data    RW Data    ZI Data      Debug   Library Name

      2926        122         12          4         44       1368   mc_w.l
      1488          0          0          0          0       1192   mf_w.l

    ----------------------------------------------------------------------
      4420        122         13          4         48       2560   Library Totals

    ----------------------------------------------------------------------

==============================================================================


      Code (inc. data)   RO Data    RW Data    ZI Data      Debug   

     37142       3008       3122        836      13140     231751   Grand Totals
     37142       3008       3122        620      13140     231751   ELF Image Totals (compressed)
     37142       3008       3122        620          0          0   ROM Totals

==============================================================================

    Total RO  Size (Code + RO Data)                40264 (  39.32kB)
    Total RW  Size (RW Data + ZI Data)             13976 (  13.65kB)
    Total ROM Size (Code + RO Data + RW Data)      40884 (  39.93kB)

==============================================================================

